EN pg_conv_floattofix_26_16_57_1_0 NULL /usr/local/src/progrape/demo/herm1/pgr/ISE_PROJECT.regifile.mf/pgpg_mem/pg_module.vhd sub00/vhpl72 1163939574
AR penc_20_5 rtl /usr/local/src/progrape/demo/herm1/pgr/ISE_PROJECT.regifile.mf/pgpg_mem/pg_module.vhd sub00/vhpl25 1163939527
AR pipe_sts rtl /usr/local/src/progrape/demo/herm1/pgr/ISE_PROJECT.regifile.mf/pgpg_mem/pipe_sts.vhd sub01/vhpl109 1163939611
EN pipe_sts NULL /usr/local/src/progrape/demo/herm1/pgr/ISE_PROJECT.regifile.mf/pgpg_mem/pipe_sts.vhd sub01/vhpl108 1163939610
EN pg_fuadd_26_16_guard NULL /usr/local/src/progrape/demo/herm1/pgr/ISE_PROJECT.regifile.mf/pgpg_mem/pg_module.vhd sub00/vhpl10 1163939512
EN dmaw NULL /usr/local/src/progrape/demo/herm1/pgr/ISE_PROJECT.regifile.mf/dmaw.vhd sub01/vhpl136 1163939638
EN pg_bits_regifile_26 NULL /usr/local/src/progrape/demo/herm1/pgr/ISE_PROJECT.regifile.mf/pgpg_mem/pg_module.vhd sub00/vhpl66 1163939568
EN clk_muldiv NULL /usr/local/src/progrape/demo/herm1/pgr/ISE_PROJECT.regifile.mf/clk_muldiv.vhd sub01/vhpl134 1163939636
EN pg_lcell NULL /usr/local/src/progrape/demo/herm1/pgr/ISE_PROJECT.regifile.mf/pgpg_mem/pg_module.vhd sub00/vhpl98 1163939600
AR dmaw rtl /usr/local/src/progrape/demo/herm1/pgr/ISE_PROJECT.regifile.mf/dmaw.vhd sub01/vhpl137 1163939639
AR pg_pdelay_26_24 rtl /usr/local/src/progrape/demo/herm1/pgr/ISE_PROJECT.regifile.mf/pgpg_mem/pg_module.vhd sub00/vhpl93 1163939595
AR pg_float_unsigned_add_26_16_4_6 rtl /usr/local/src/progrape/demo/herm1/pgr/ISE_PROJECT.regifile.mf/pgpg_mem/pg_module.vhd sub00/vhpl37 1163939539
AR pg_float_recipro_table_2itp_16_12_1 rtl /usr/local/src/progrape/demo/herm1/pgr/ISE_PROJECT.regifile.mf/pgpg_mem/pg_module.vhd sub00/vhpl55 1163939557
AR pgsub_float_add_26_16_6_usub_3 rtl /usr/local/src/progrape/demo/herm1/pgr/ISE_PROJECT.regifile.mf/pgpg_mem/pg_module.vhd sub00/vhpl19 1163939521
AR pg_lcell schematic /usr/local/src/progrape/demo/herm1/pgr/ISE_PROJECT.regifile.mf/pgpg_mem/pg_module.vhd sub00/vhpl99 1163939601
EN pg_fusub_26_16_expsub_0 NULL /usr/local/src/progrape/demo/herm1/pgr/ISE_PROJECT.regifile.mf/pgpg_mem/pg_module.vhd sub00/vhpl30 1163939532
EN pg_float_round_26_16 NULL /usr/local/src/progrape/demo/herm1/pgr/ISE_PROJECT.regifile.mf/pgpg_mem/pg_module.vhd sub00/vhpl14 1163939516
AR calc rtl /usr/local/src/progrape/demo/herm1/pgr/ISE_PROJECT.regifile.mf/pgpg_mem/calc.vhd sub01/vhpl107 1163939609
AR pg_float_mult_26_16_2_6 rtl /usr/local/src/progrape/demo/herm1/pgr/ISE_PROJECT.regifile.mf/pgpg_mem/pg_module.vhd sub00/vhpl33 1163939535
EN pg_fusub_26_16_adjust_0 NULL /usr/local/src/progrape/demo/herm1/pgr/ISE_PROJECT.regifile.mf/pgpg_mem/pg_module.vhd sub00/vhpl28 1163939530
AR pg_float_round_26_16 rtl /usr/local/src/progrape/demo/herm1/pgr/ISE_PROJECT.regifile.mf/pgpg_mem/pg_module.vhd sub00/vhpl15 1163939517
EN pg_float_rbit_mode6 NULL /usr/local/src/progrape/demo/herm1/pgr/ISE_PROJECT.regifile.mf/pgpg_mem/pg_module.vhd sub00/vhpl16 1163939518
EN pg_umult_12_18_1 NULL /usr/local/src/progrape/demo/herm1/pgr/ISE_PROJECT.regifile.mf/pgpg_mem/pg_module.vhd sub00/vhpl56 1163939558
EN pg_fusub_26_16_swap_1 NULL /usr/local/src/progrape/demo/herm1/pgr/ISE_PROJECT.regifile.mf/pgpg_mem/pg_module.vhd sub00/vhpl20 1163939522
AR pg_pdelay_26_11 rtl /usr/local/src/progrape/demo/herm1/pgr/ISE_PROJECT.regifile.mf/pgpg_mem/pg_module.vhd sub00/vhpl91 1163939593
AR pg_conv_floattofix_26_16_57_1_0 rtl /usr/local/src/progrape/demo/herm1/pgr/ISE_PROJECT.regifile.mf/pgpg_mem/pg_module.vhd sub00/vhpl73 1163939575
AR pg_bits_regifile_26 rtl /usr/local/src/progrape/demo/herm1/pgr/ISE_PROJECT.regifile.mf/pgpg_mem/pg_module.vhd sub00/vhpl67 1163939569
EN pgsub_float_add_26_16_6_uadd_3 NULL /usr/local/src/progrape/demo/herm1/pgr/ISE_PROJECT.regifile.mf/pgpg_mem/pg_module.vhd sub00/vhpl04 1163939506
EN setn NULL /usr/local/src/progrape/demo/herm1/pgr/ISE_PROJECT.regifile.mf/pgpg_mem/setn.vhd sub01/vhpl110 1163939612
EN pg_float_recipro_26_16_2 NULL /usr/local/src/progrape/demo/herm1/pgr/ISE_PROJECT.regifile.mf/pgpg_mem/pg_module.vhd sub00/vhpl52 1163939554
EN lcell_rom_float_recipro_c2_16_12_4_18_0 NULL /usr/local/src/progrape/demo/herm1/pgr/ISE_PROJECT.regifile.mf/pgpg_mem/pg_module.vhd sub00/vhpl64 1163939566
AR pgsub_float_add_26_16_6_uadd_3 rtl /usr/local/src/progrape/demo/herm1/pgr/ISE_PROJECT.regifile.mf/pgpg_mem/pg_module.vhd sub00/vhpl05 1163939507
AR pg_fuadd_26_16_adjust_0 rtl /usr/local/src/progrape/demo/herm1/pgr/ISE_PROJECT.regifile.mf/pgpg_mem/pg_module.vhd sub00/vhpl13 1163939515
AR clk_muldiv rtl /usr/local/src/progrape/demo/herm1/pgr/ISE_PROJECT.regifile.mf/clk_muldiv.vhd sub01/vhpl135 1163939637
EN pgsub_float_add_26_16_6_usub_3 NULL /usr/local/src/progrape/demo/herm1/pgr/ISE_PROJECT.regifile.mf/pgpg_mem/pg_module.vhd sub00/vhpl18 1163939520
AR jmem rtl /usr/local/src/progrape/demo/herm1/pgr/ISE_PROJECT.regifile.mf/pgpg_mem/jmem.vhd sub01/vhpl113 1163939615
EN lcell_rom_float_sqrt_c1_16_14_4_17_0 NULL /usr/local/src/progrape/demo/herm1/pgr/ISE_PROJECT.regifile.mf/pgpg_mem/pg_module.vhd sub00/vhpl48 1163939550
AR pg_pdelay_26_5 rtl /usr/local/src/progrape/demo/herm1/pgr/ISE_PROJECT.regifile.mf/pgpg_mem/pg_module.vhd sub00/vhpl87 1163939589
AR pg_umult_8_18_1 rtl /usr/local/src/progrape/demo/herm1/pgr/ISE_PROJECT.regifile.mf/pgpg_mem/pg_module.vhd sub00/vhpl59 1163939561
EN dpram NULL /usr/local/src/progrape/demo/herm1/pgr/ISE_PROJECT.regifile.mf/pgpg_mem/dpram.vhd sub00/vhpl00 1163939502
AR adr_dec rtl /usr/local/src/progrape/demo/herm1/pgr/ISE_PROJECT.regifile.mf/pgpg_mem/adr_dec.vhd sub01/vhpl101 1163939603
AR pg_float_expadd_1_26_16_1 rtl /usr/local/src/progrape/demo/herm1/pgr/ISE_PROJECT.regifile.mf/pgpg_mem/pg_module.vhd sub00/vhpl81 1163939583
AR lcell_rom_float_recipro_c2_16_12_4_18_0 rtl /usr/local/src/progrape/demo/herm1/pgr/ISE_PROJECT.regifile.mf/pgpg_mem/pg_module.vhd sub00/vhpl65 1163939567
AR pg_fusub_26_16_adjust_0 rtl /usr/local/src/progrape/demo/herm1/pgr/ISE_PROJECT.regifile.mf/pgpg_mem/pg_module.vhd sub00/vhpl29 1163939531
EN pg_conv_floattofix_shift_16_7_56_0 NULL /usr/local/src/progrape/demo/herm1/pgr/ISE_PROJECT.regifile.mf/pgpg_mem/pg_module.vhd sub00/vhpl74 1163939576
AR pg_pdelay_26_1 rtl /usr/local/src/progrape/demo/herm1/pgr/ISE_PROJECT.regifile.mf/pgpg_mem/pg_module.vhd sub00/vhpl95 1163939597
AR dmar_start_adr rtl /usr/local/src/progrape/demo/herm1/pgr/ISE_PROJECT.regifile.mf/dmar_start_adr.vhd sub01/vhpl127 1163939629
AR lcell_rom_float_sqrt_c0_16_14_4_19_0 rtl /usr/local/src/progrape/demo/herm1/pgr/ISE_PROJECT.regifile.mf/pgpg_mem/pg_module.vhd sub00/vhpl47 1163939549
AR dmaw_state rtl /usr/local/src/progrape/demo/herm1/pgr/ISE_PROJECT.regifile.mf/dmaw_state.vhd sub01/vhpl121 1163939623
EN pg_pipe NULL /usr/local/src/progrape/demo/herm1/pgr/ISE_PROJECT.regifile.mf/pgpg_mem/pg_pipe.vhd sub01/vhpl102 1163939604
EN pg_float_sub_26_16_4_6 NULL /usr/local/src/progrape/demo/herm1/pgr/ISE_PROJECT.regifile.mf/pgpg_mem/pg_module.vhd sub00/vhpl02 1163939504
EN pg_float_sqrt_table_2itp_16_14_2 NULL /usr/local/src/progrape/demo/herm1/pgr/ISE_PROJECT.regifile.mf/pgpg_mem/pg_module.vhd sub00/vhpl40 1163939542
AR dpram rtl /usr/local/src/progrape/demo/herm1/pgr/ISE_PROJECT.regifile.mf/pgpg_mem/dpram.vhd sub00/vhpl01 1163939503
AR lcell_rom_float_recipro_c0_16_12_4_18_0 rtl /usr/local/src/progrape/demo/herm1/pgr/ISE_PROJECT.regifile.mf/pgpg_mem/pg_module.vhd sub00/vhpl61 1163939563
EN pg_umult_8_18_1 NULL /usr/local/src/progrape/demo/herm1/pgr/ISE_PROJECT.regifile.mf/pgpg_mem/pg_module.vhd sub00/vhpl58 1163939560
AR lcell_rom_float_sqrt_c2_16_14_4_15_0 rtl /usr/local/src/progrape/demo/herm1/pgr/ISE_PROJECT.regifile.mf/pgpg_mem/pg_module.vhd sub00/vhpl51 1163939553
EN lcell_rom_float_sqrt_c0_16_14_4_19_0 NULL /usr/local/src/progrape/demo/herm1/pgr/ISE_PROJECT.regifile.mf/pgpg_mem/pg_module.vhd sub00/vhpl46 1163939548
EN pgpg_mem NULL /usr/local/src/progrape/demo/herm1/pgr/ISE_PROJECT.regifile.mf/pgpg_mem/pgpg_mem.vhd sub01/vhpl122 1163939624
EN pg_umult_14_17_0 NULL /usr/local/src/progrape/demo/herm1/pgr/ISE_PROJECT.regifile.mf/pgpg_mem/pg_module.vhd sub00/vhpl42 1163939544
AR pipe std /usr/local/src/progrape/demo/herm1/pgr/ISE_PROJECT.regifile.mf/pgpg_mem/pg_pipe.vhd sub01/vhpl105 1163939607
EN lcell_rom_float_recipro_c0_16_12_4_18_0 NULL /usr/local/src/progrape/demo/herm1/pgr/ISE_PROJECT.regifile.mf/pgpg_mem/pg_module.vhd sub00/vhpl60 1163939562
AR pg_umult_12_15_0 rtl /usr/local/src/progrape/demo/herm1/pgr/ISE_PROJECT.regifile.mf/pgpg_mem/pg_module.vhd sub00/vhpl45 1163939547
EN dmar_dbus_hiz NULL /usr/local/src/progrape/demo/herm1/pgr/ISE_PROJECT.regifile.mf/dmar_dbus_hiz.vhd sub01/vhpl132 1163939634
AR pg_umult_17_17_0 rtl /usr/local/src/progrape/demo/herm1/pgr/ISE_PROJECT.regifile.mf/pgpg_mem/pg_module.vhd sub00/vhpl35 1163939537
EN penc_20_5 NULL /usr/local/src/progrape/demo/herm1/pgr/ISE_PROJECT.regifile.mf/pgpg_mem/pg_module.vhd sub00/vhpl24 1163939526
AR pg_fix_smaccum_57_64_1 rtl /usr/local/src/progrape/demo/herm1/pgr/ISE_PROJECT.regifile.mf/pgpg_mem/pg_module.vhd sub00/vhpl77 1163939579
EN pg_float_expadd_1_26_16_1 NULL /usr/local/src/progrape/demo/herm1/pgr/ISE_PROJECT.regifile.mf/pgpg_mem/pg_module.vhd sub00/vhpl80 1163939582
AR pg_float_expadd_31_26_16_1 rtl /usr/local/src/progrape/demo/herm1/pgr/ISE_PROJECT.regifile.mf/pgpg_mem/pg_module.vhd sub00/vhpl69 1163939571
EN dmaw_start_adr NULL /usr/local/src/progrape/demo/herm1/pgr/ISE_PROJECT.regifile.mf/dmaw_start_adr.vhd sub01/vhpl118 1163939620
AR pg_pdelay_26_6 rtl /usr/local/src/progrape/demo/herm1/pgr/ISE_PROJECT.regifile.mf/pgpg_mem/pg_module.vhd sub00/vhpl97 1163939599
EN pg_fuadd_26_16_swap_1 NULL /usr/local/src/progrape/demo/herm1/pgr/ISE_PROJECT.regifile.mf/pgpg_mem/pg_module.vhd sub00/vhpl06 1163939508
EN top NULL /usr/local/src/progrape/demo/herm1/pgr/ISE_PROJECT.regifile.mf/top.vhd sub01/vhpl142 1163939644
EN pg_fix_smaccum_57_64_1 NULL /usr/local/src/progrape/demo/herm1/pgr/ISE_PROJECT.regifile.mf/pgpg_mem/pg_module.vhd sub00/vhpl76 1163939578
AR top rtl /usr/local/src/progrape/demo/herm1/pgr/ISE_PROJECT.regifile.mf/top.vhd sub01/vhpl143 1163939645
EN lcell_rom_float_recipro_c1_16_12_4_18_0 NULL /usr/local/src/progrape/demo/herm1/pgr/ISE_PROJECT.regifile.mf/pgpg_mem/pg_module.vhd sub00/vhpl62 1163939564
AR dmar_mem_re rtl /usr/local/src/progrape/demo/herm1/pgr/ISE_PROJECT.regifile.mf/dmar_mem_re.vhd sub01/vhpl131 1163939633
EN pg_float_recipro_table_2itp_16_12_1 NULL /usr/local/src/progrape/demo/herm1/pgr/ISE_PROJECT.regifile.mf/pgpg_mem/pg_module.vhd sub00/vhpl54 1163939556
EN pg_pdelay_26_1 NULL /usr/local/src/progrape/demo/herm1/pgr/ISE_PROJECT.regifile.mf/pgpg_mem/pg_module.vhd sub00/vhpl94 1163939596
AR pg_umult_12_18_1 rtl /usr/local/src/progrape/demo/herm1/pgr/ISE_PROJECT.regifile.mf/pgpg_mem/pg_module.vhd sub00/vhpl57 1163939559
EN pg_pdelay_26_3 NULL /usr/local/src/progrape/demo/herm1/pgr/ISE_PROJECT.regifile.mf/pgpg_mem/pg_module.vhd sub00/vhpl84 1163939586
EN pg_float_unsigned_add_26_16_4_6 NULL /usr/local/src/progrape/demo/herm1/pgr/ISE_PROJECT.regifile.mf/pgpg_mem/pg_module.vhd sub00/vhpl36 1163939538
EN pg_pdelay_26_4 NULL /usr/local/src/progrape/demo/herm1/pgr/ISE_PROJECT.regifile.mf/pgpg_mem/pg_module.vhd sub00/vhpl82 1163939584
EN pg_pdelay_26_5 NULL /usr/local/src/progrape/demo/herm1/pgr/ISE_PROJECT.regifile.mf/pgpg_mem/pg_module.vhd sub00/vhpl86 1163939588
EN pg_pdelay_26_6 NULL /usr/local/src/progrape/demo/herm1/pgr/ISE_PROJECT.regifile.mf/pgpg_mem/pg_module.vhd sub00/vhpl96 1163939598
EN pg_fusub_26_16_shift_manb_0 NULL /usr/local/src/progrape/demo/herm1/pgr/ISE_PROJECT.regifile.mf/pgpg_mem/pg_module.vhd sub00/vhpl22 1163939524
AR pg_float_fixaccum_26_16_57_64_2_0 rtl /usr/local/src/progrape/demo/herm1/pgr/ISE_PROJECT.regifile.mf/pgpg_mem/pg_module.vhd sub00/vhpl71 1163939573
EN pg_float_fixaccum_26_16_57_64_2_0 NULL /usr/local/src/progrape/demo/herm1/pgr/ISE_PROJECT.regifile.mf/pgpg_mem/pg_module.vhd sub00/vhpl70 1163939572
AR pg_float_sub_26_16_4_6 rtl /usr/local/src/progrape/demo/herm1/pgr/ISE_PROJECT.regifile.mf/pgpg_mem/pg_module.vhd sub00/vhpl03 1163939505
EN pipe NULL /usr/local/src/progrape/demo/herm1/pgr/ISE_PROJECT.regifile.mf/pgpg_mem/pg_pipe.vhd sub01/vhpl104 1163939606
AR lcell_rom_float_recipro_c1_16_12_4_18_0 rtl /usr/local/src/progrape/demo/herm1/pgr/ISE_PROJECT.regifile.mf/pgpg_mem/pg_module.vhd sub00/vhpl63 1163939565
EN pg_fusub_26_16_guard_0 NULL /usr/local/src/progrape/demo/herm1/pgr/ISE_PROJECT.regifile.mf/pgpg_mem/pg_module.vhd sub00/vhpl26 1163939528
EN lcell_rom_float_sqrt_c2_16_14_4_15_0 NULL /usr/local/src/progrape/demo/herm1/pgr/ISE_PROJECT.regifile.mf/pgpg_mem/pg_module.vhd sub00/vhpl50 1163939552
AR lcell_rom_float_sqrt_c1_16_14_4_17_0 rtl /usr/local/src/progrape/demo/herm1/pgr/ISE_PROJECT.regifile.mf/pgpg_mem/pg_module.vhd sub00/vhpl49 1163939551
AR pg_float_recipro_26_16_2 rtl /usr/local/src/progrape/demo/herm1/pgr/ISE_PROJECT.regifile.mf/pgpg_mem/pg_module.vhd sub00/vhpl53 1163939555
EN pg_float_expadd_31_26_16_1 NULL /usr/local/src/progrape/demo/herm1/pgr/ISE_PROJECT.regifile.mf/pgpg_mem/pg_module.vhd sub00/vhpl68 1163939570
AR pg_fusub_26_16_guard_0 rtl /usr/local/src/progrape/demo/herm1/pgr/ISE_PROJECT.regifile.mf/pgpg_mem/pg_module.vhd sub00/vhpl27 1163939529
AR fix_accum_reg_last_1 rtl /usr/local/src/progrape/demo/herm1/pgr/ISE_PROJECT.regifile.mf/pgpg_mem/pg_module.vhd sub00/vhpl79 1163939581
AR pg_fuadd_26_16_swap_1 rtl /usr/local/src/progrape/demo/herm1/pgr/ISE_PROJECT.regifile.mf/pgpg_mem/pg_module.vhd sub00/vhpl07 1163939509
AR pgpg_mem rtl /usr/local/src/progrape/demo/herm1/pgr/ISE_PROJECT.regifile.mf/pgpg_mem/pgpg_mem.vhd sub01/vhpl123 1163939625
AR pg_pipe std /usr/local/src/progrape/demo/herm1/pgr/ISE_PROJECT.regifile.mf/pgpg_mem/pg_pipe.vhd sub01/vhpl103 1163939605
AR pg_fusub_26_16_shift_manb_0 rtl /usr/local/src/progrape/demo/herm1/pgr/ISE_PROJECT.regifile.mf/pgpg_mem/pg_module.vhd sub00/vhpl23 1163939525
EN dmaw_state NULL /usr/local/src/progrape/demo/herm1/pgr/ISE_PROJECT.regifile.mf/dmaw_state.vhd sub01/vhpl120 1163939622
AR pg_fusub_26_16_swap_1 rtl /usr/local/src/progrape/demo/herm1/pgr/ISE_PROJECT.regifile.mf/pgpg_mem/pg_module.vhd sub00/vhpl21 1163939523
AR dmar_dbus_hiz rtl /usr/local/src/progrape/demo/herm1/pgr/ISE_PROJECT.regifile.mf/dmar_dbus_hiz.vhd sub01/vhpl133 1163939635
EN pg_umult_12_15_0 NULL /usr/local/src/progrape/demo/herm1/pgr/ISE_PROJECT.regifile.mf/pgpg_mem/pg_module.vhd sub00/vhpl44 1163939546
EN dmaw_mem_adr NULL /usr/local/src/progrape/demo/herm1/pgr/ISE_PROJECT.regifile.mf/dmaw_mem_adr.vhd sub01/vhpl116 1163939618
AR pg_pdelay_26_3 rtl /usr/local/src/progrape/demo/herm1/pgr/ISE_PROJECT.regifile.mf/pgpg_mem/pg_module.vhd sub00/vhpl85 1163939587
AR pg_fusub_26_16_expsub_0 rtl /usr/local/src/progrape/demo/herm1/pgr/ISE_PROJECT.regifile.mf/pgpg_mem/pg_module.vhd sub00/vhpl31 1163939533
EN fix_accum_reg_last_1 NULL /usr/local/src/progrape/demo/herm1/pgr/ISE_PROJECT.regifile.mf/pgpg_mem/pg_module.vhd sub00/vhpl78 1163939580
EN pg_fuadd_26_16_shift_0 NULL /usr/local/src/progrape/demo/herm1/pgr/ISE_PROJECT.regifile.mf/pgpg_mem/pg_module.vhd sub00/vhpl08 1163939510
AR setn rtl /usr/local/src/progrape/demo/herm1/pgr/ISE_PROJECT.regifile.mf/pgpg_mem/setn.vhd sub01/vhpl111 1163939613
AR dmaw_mem_we rtl /usr/local/src/progrape/demo/herm1/pgr/ISE_PROJECT.regifile.mf/dmaw_mem_we.vhd sub01/vhpl115 1163939617
EN pg_pdelay_26_11 NULL /usr/local/src/progrape/demo/herm1/pgr/ISE_PROJECT.regifile.mf/pgpg_mem/pg_module.vhd sub00/vhpl90 1163939592
AR pg_float_sqrt_26_16_3 rtl /usr/local/src/progrape/demo/herm1/pgr/ISE_PROJECT.regifile.mf/pgpg_mem/pg_module.vhd sub00/vhpl39 1163939541
AR pg_pdelay_26_23 rtl /usr/local/src/progrape/demo/herm1/pgr/ISE_PROJECT.regifile.mf/pgpg_mem/pg_module.vhd sub00/vhpl89 1163939591
EN dmar_mem_re NULL /usr/local/src/progrape/demo/herm1/pgr/ISE_PROJECT.regifile.mf/dmar_mem_re.vhd sub01/vhpl130 1163939632
EN pg_pdelay_26_23 NULL /usr/local/src/progrape/demo/herm1/pgr/ISE_PROJECT.regifile.mf/pgpg_mem/pg_module.vhd sub00/vhpl88 1163939590
AR dmaw_start_adr rtl /usr/local/src/progrape/demo/herm1/pgr/ISE_PROJECT.regifile.mf/dmaw_start_adr.vhd sub01/vhpl119 1163939621
EN pg_pdelay_26_24 NULL /usr/local/src/progrape/demo/herm1/pgr/ISE_PROJECT.regifile.mf/pgpg_mem/pg_module.vhd sub00/vhpl92 1163939594
AR pg_fuadd_26_16_shift_0 rtl /usr/local/src/progrape/demo/herm1/pgr/ISE_PROJECT.regifile.mf/pgpg_mem/pg_module.vhd sub00/vhpl09 1163939511
AR user rtl /usr/local/src/progrape/demo/herm1/pgr/ISE_PROJECT.regifile.mf/user.vhd sub01/vhpl141 1163939643
AR dmar_state rtl /usr/local/src/progrape/demo/herm1/pgr/ISE_PROJECT.regifile.mf/dmar_state.vhd sub01/vhpl125 1163939627
AR dmar rtl /usr/local/src/progrape/demo/herm1/pgr/ISE_PROJECT.regifile.mf/dmar.vhd sub01/vhpl139 1163939641
AR dmar_mem_adr rtl /usr/local/src/progrape/demo/herm1/pgr/ISE_PROJECT.regifile.mf/dmar_mem_adr.vhd sub01/vhpl129 1163939631
AR pg_conv_floattofix_shift_16_7_56_0 rtl /usr/local/src/progrape/demo/herm1/pgr/ISE_PROJECT.regifile.mf/pgpg_mem/pg_module.vhd sub00/vhpl75 1163939577
AR pg_float_sqrt_table_2itp_16_14_2 rtl /usr/local/src/progrape/demo/herm1/pgr/ISE_PROJECT.regifile.mf/pgpg_mem/pg_module.vhd sub00/vhpl41 1163939543
EN user NULL /usr/local/src/progrape/demo/herm1/pgr/ISE_PROJECT.regifile.mf/user.vhd sub01/vhpl140 1163939642
EN dmaw_mem_we NULL /usr/local/src/progrape/demo/herm1/pgr/ISE_PROJECT.regifile.mf/dmaw_mem_we.vhd sub01/vhpl114 1163939616
EN dmar_mem_adr NULL /usr/local/src/progrape/demo/herm1/pgr/ISE_PROJECT.regifile.mf/dmar_mem_adr.vhd sub01/vhpl128 1163939630
EN dmar_state NULL /usr/local/src/progrape/demo/herm1/pgr/ISE_PROJECT.regifile.mf/dmar_state.vhd sub01/vhpl124 1163939626
EN adr_dec NULL /usr/local/src/progrape/demo/herm1/pgr/ISE_PROJECT.regifile.mf/pgpg_mem/adr_dec.vhd sub01/vhpl100 1163939602
AR pg_fuadd_26_16_guard rtl /usr/local/src/progrape/demo/herm1/pgr/ISE_PROJECT.regifile.mf/pgpg_mem/pg_module.vhd sub00/vhpl11 1163939513
AR pg_umult_14_17_0 rtl /usr/local/src/progrape/demo/herm1/pgr/ISE_PROJECT.regifile.mf/pgpg_mem/pg_module.vhd sub00/vhpl43 1163939545
EN jmem NULL /usr/local/src/progrape/demo/herm1/pgr/ISE_PROJECT.regifile.mf/pgpg_mem/jmem.vhd sub01/vhpl112 1163939614
EN pg_umult_17_17_0 NULL /usr/local/src/progrape/demo/herm1/pgr/ISE_PROJECT.regifile.mf/pgpg_mem/pg_module.vhd sub00/vhpl34 1163939536
AR pg_float_rbit_mode6 rtl /usr/local/src/progrape/demo/herm1/pgr/ISE_PROJECT.regifile.mf/pgpg_mem/pg_module.vhd sub00/vhpl17 1163939519
AR dmaw_mem_adr rtl /usr/local/src/progrape/demo/herm1/pgr/ISE_PROJECT.regifile.mf/dmaw_mem_adr.vhd sub01/vhpl117 1163939619
AR pg_pdelay_26_4 rtl /usr/local/src/progrape/demo/herm1/pgr/ISE_PROJECT.regifile.mf/pgpg_mem/pg_module.vhd sub00/vhpl83 1163939585
EN pg_float_mult_26_16_2_6 NULL /usr/local/src/progrape/demo/herm1/pgr/ISE_PROJECT.regifile.mf/pgpg_mem/pg_module.vhd sub00/vhpl32 1163939534
EN dmar_start_adr NULL /usr/local/src/progrape/demo/herm1/pgr/ISE_PROJECT.regifile.mf/dmar_start_adr.vhd sub01/vhpl126 1163939628
EN pg_fuadd_26_16_adjust_0 NULL /usr/local/src/progrape/demo/herm1/pgr/ISE_PROJECT.regifile.mf/pgpg_mem/pg_module.vhd sub00/vhpl12 1163939514
EN dmar NULL /usr/local/src/progrape/demo/herm1/pgr/ISE_PROJECT.regifile.mf/dmar.vhd sub01/vhpl138 1163939640
EN pg_float_sqrt_26_16_3 NULL /usr/local/src/progrape/demo/herm1/pgr/ISE_PROJECT.regifile.mf/pgpg_mem/pg_module.vhd sub00/vhpl38 1163939540
EN calc NULL /usr/local/src/progrape/demo/herm1/pgr/ISE_PROJECT.regifile.mf/pgpg_mem/calc.vhd sub01/vhpl106 1163939608
