V3 246
FL /usr/local/src/progrape/demo/herm1/pgr/ISE_PROJECT.dbg2/dmar_dbus_hiz.vhd 2006/11/20.21:12:50 I.27
EN work/dmar_dbus_hiz 1164031902 \
      FL /usr/local/src/progrape/demo/herm1/pgr/ISE_PROJECT.dbg2/dmar_dbus_hiz.vhd \
      PB ieee/std_logic_1164 1140839709
AR work/dmar_dbus_hiz/rtl 1164031903 \
      FL /usr/local/src/progrape/demo/herm1/pgr/ISE_PROJECT.dbg2/dmar_dbus_hiz.vhd \
      EN work/dmar_dbus_hiz 1164031902
FL /usr/local/src/progrape/demo/herm1/pgr/ISE_PROJECT.dbg2/pgpg_mem/pipe_sts.vhd 2005/03/23.00:47:43 I.27
EN work/pipe_sts 1164031878 \
      FL /usr/local/src/progrape/demo/herm1/pgr/ISE_PROJECT.dbg2/pgpg_mem/pipe_sts.vhd \
      PB ieee/std_logic_1164 1140839709 PB ieee/std_logic_arith 1140839711 \
      PB ieee/STD_LOGIC_UNSIGNED 1140839715
AR work/pipe_sts/rtl 1164031879 \
      FL /usr/local/src/progrape/demo/herm1/pgr/ISE_PROJECT.dbg2/pgpg_mem/pipe_sts.vhd \
      EN work/pipe_sts 1164031878
FL /usr/local/src/progrape/demo/herm1/pgr/ISE_PROJECT.dbg2/dmaw_mem_adr.vhd 2006/11/20.21:12:50 I.27
EN work/dmaw_mem_adr 1164031886 \
      FL /usr/local/src/progrape/demo/herm1/pgr/ISE_PROJECT.dbg2/dmaw_mem_adr.vhd \
      PB ieee/std_logic_1164 1140839709 PB ieee/STD_LOGIC_UNSIGNED 1140839715
AR work/dmaw_mem_adr/rtl 1164031887 \
      FL /usr/local/src/progrape/demo/herm1/pgr/ISE_PROJECT.dbg2/dmaw_mem_adr.vhd \
      EN work/dmaw_mem_adr 1164031886
FL /usr/local/src/progrape/demo/herm1/pgr/ISE_PROJECT.dbg2/pgpg_mem/dpram.vhd 2006/02/06.20:18:52 I.27
EN work/dpram 1164031768 \
      FL /usr/local/src/progrape/demo/herm1/pgr/ISE_PROJECT.dbg2/pgpg_mem/dpram.vhd \
      PB ieee/std_logic_1164 1140839709 LB UNISIM PH unisim/VCOMPONENTS 1142233852
AR work/dpram/rtl 1164031769 \
      FL /usr/local/src/progrape/demo/herm1/pgr/ISE_PROJECT.dbg2/pgpg_mem/dpram.vhd \
      EN work/dpram 1164031768 CP RAMB16_S18_S18
FL /usr/local/src/progrape/demo/herm1/pgr/ISE_PROJECT.dbg2/pgpg_mem/setn.vhd 2005/03/23.03:45:27 I.27
EN work/setn 1164031880 \
      FL /usr/local/src/progrape/demo/herm1/pgr/ISE_PROJECT.dbg2/pgpg_mem/setn.vhd \
      PB ieee/std_logic_1164 1140839709 PB ieee/std_logic_arith 1140839711 \
      PB ieee/STD_LOGIC_UNSIGNED 1140839715
AR work/setn/rtl 1164031881 \
      FL /usr/local/src/progrape/demo/herm1/pgr/ISE_PROJECT.dbg2/pgpg_mem/setn.vhd \
      EN work/setn 1164031880
FL /usr/local/src/progrape/demo/herm1/pgr/ISE_PROJECT.dbg2/pgpg_mem/calc.vhd 2005/04/05.17:54:26 I.27
EN work/calc 1164031876 \
      FL /usr/local/src/progrape/demo/herm1/pgr/ISE_PROJECT.dbg2/pgpg_mem/calc.vhd \
      PB ieee/std_logic_1164 1140839709 PB ieee/std_logic_arith 1140839711 \
      PB ieee/STD_LOGIC_UNSIGNED 1140839715
AR work/calc/rtl 1164031877 \
      FL /usr/local/src/progrape/demo/herm1/pgr/ISE_PROJECT.dbg2/pgpg_mem/calc.vhd \
      EN work/calc 1164031876
FL /usr/local/src/progrape/demo/herm1/pgr/ISE_PROJECT.dbg2/top.vhd 2006/11/20.21:12:50 I.27
EN work/top 1164031912             FL /usr/local/src/progrape/demo/herm1/pgr/ISE_PROJECT.dbg2/top.vhd \
      PB ieee/std_logic_1164 1140839709 PB ieee/STD_LOGIC_UNSIGNED 1140839715
AR work/top/rtl 1164031913 \
      FL /usr/local/src/progrape/demo/herm1/pgr/ISE_PROJECT.dbg2/top.vhd \
      EN work/top 1164031912 CP CLK_MULDIV CP dmaw           CP dmar           CP user
FL /usr/local/src/progrape/demo/herm1/pgr/ISE_PROJECT.dbg2/pgpg_mem/adr_dec.vhd 2005/03/22.22:37:01 I.27
EN work/adr_dec 1164031870 \
      FL /usr/local/src/progrape/demo/herm1/pgr/ISE_PROJECT.dbg2/pgpg_mem/adr_dec.vhd \
      PB ieee/std_logic_1164 1140839709 PB ieee/std_logic_arith 1140839711 \
      PB ieee/STD_LOGIC_UNSIGNED 1140839715
AR work/adr_dec/rtl 1164031871 \
      FL /usr/local/src/progrape/demo/herm1/pgr/ISE_PROJECT.dbg2/pgpg_mem/adr_dec.vhd \
      EN work/adr_dec 1164031870
FL /usr/local/src/progrape/demo/herm1/pgr/ISE_PROJECT.dbg2/clk_muldiv.vhd 2006/11/20.21:12:50 I.27
EN work/CLK_MULDIV 1164031904 \
      FL /usr/local/src/progrape/demo/herm1/pgr/ISE_PROJECT.dbg2/clk_muldiv.vhd \
      LB UNISIM         PB ieee/std_logic_1164 1140839709 PB ieee/std_logic_arith 1140839711 \
      PB ieee/STD_LOGIC_UNSIGNED 1140839715 PH unisim/VCOMPONENTS 1142233852
AR work/CLK_MULDIV/rtl 1164031905 \
      FL /usr/local/src/progrape/demo/herm1/pgr/ISE_PROJECT.dbg2/clk_muldiv.vhd \
      EN work/CLK_MULDIV 1164031904 CP DCM CP IBUFG          CP BUFG
FL /usr/local/src/progrape/demo/herm1/pgr/ISE_PROJECT.dbg2/dmar_start_adr.vhd 2006/11/20.21:12:50 I.27
EN work/dmar_start_adr 1164031896 \
      FL /usr/local/src/progrape/demo/herm1/pgr/ISE_PROJECT.dbg2/dmar_start_adr.vhd \
      PB ieee/std_logic_1164 1140839709
AR work/dmar_start_adr/rtl 1164031897 \
      FL /usr/local/src/progrape/demo/herm1/pgr/ISE_PROJECT.dbg2/dmar_start_adr.vhd \
      EN work/dmar_start_adr 1164031896 CP dmaw_start_adr
FL /usr/local/src/progrape/demo/herm1/pgr/ISE_PROJECT.dbg2/dmar_state.vhd 2006/11/20.21:12:50 I.27
EN work/dmar_state 1164031894 \
      FL /usr/local/src/progrape/demo/herm1/pgr/ISE_PROJECT.dbg2/dmar_state.vhd \
      PB ieee/std_logic_1164 1140839709 PB ieee/STD_LOGIC_UNSIGNED 1140839715
AR work/dmar_state/rtl 1164031895 \
      FL /usr/local/src/progrape/demo/herm1/pgr/ISE_PROJECT.dbg2/dmar_state.vhd \
      EN work/dmar_state 1164031894 CP dmaw_state
FL /usr/local/src/progrape/demo/herm1/pgr/ISE_PROJECT.dbg2/pgpg_mem/pgpg_mem.vhd 2005/04/07.20:58:33 I.27
EN work/pgpg_mem 1164031892 \
      FL /usr/local/src/progrape/demo/herm1/pgr/ISE_PROJECT.dbg2/pgpg_mem/pgpg_mem.vhd \
      LB UNISIM         PB ieee/std_logic_1164 1140839709 PB ieee/std_logic_arith 1140839711 \
      PB ieee/STD_LOGIC_UNSIGNED 1140839715 PH unisim/VCOMPONENTS 1142233852
AR work/pgpg_mem/RTL 1164031893 \
      FL /usr/local/src/progrape/demo/herm1/pgr/ISE_PROJECT.dbg2/pgpg_mem/pgpg_mem.vhd \
      EN work/pgpg_mem 1164031892 CP adr_dec CP pg_pipe      CP calc           CP pipe_sts \
      CP setn           CP jmem
FL /usr/local/src/progrape/demo/herm1/pgr/ISE_PROJECT.dbg2/dmar.vhd 2006/11/20.21:12:50 I.27
EN work/dmar 1164031908            FL /usr/local/src/progrape/demo/herm1/pgr/ISE_PROJECT.dbg2/dmar.vhd \
      PB ieee/std_logic_1164 1140839709 PB ieee/STD_LOGIC_UNSIGNED 1140839715
AR work/dmar/rtl 1164031909 \
      FL /usr/local/src/progrape/demo/herm1/pgr/ISE_PROJECT.dbg2/dmar.vhd \
      EN work/dmar 1164031908 CP dmar_state CP dmar_start_adr CP dmar_mem_adr \
      CP dmar_mem_re    CP dmar_dbus_hiz
FL /usr/local/src/progrape/demo/herm1/pgr/ISE_PROJECT.dbg2/dmaw.vhd 2006/11/20.21:12:50 I.27
EN work/dmaw 1164031906            FL /usr/local/src/progrape/demo/herm1/pgr/ISE_PROJECT.dbg2/dmaw.vhd \
      PB ieee/std_logic_1164 1140839709 PB ieee/STD_LOGIC_UNSIGNED 1140839715
AR work/dmaw/rtl 1164031907 \
      FL /usr/local/src/progrape/demo/herm1/pgr/ISE_PROJECT.dbg2/dmaw.vhd \
      EN work/dmaw 1164031906
FL /usr/local/src/progrape/demo/herm1/pgr/ISE_PROJECT.dbg2/dmaw_state.vhd 2006/11/20.21:12:50 I.27
EN work/dmaw_state 1164031890 \
      FL /usr/local/src/progrape/demo/herm1/pgr/ISE_PROJECT.dbg2/dmaw_state.vhd \
      PB ieee/std_logic_1164 1140839709 PB ieee/STD_LOGIC_UNSIGNED 1140839715
AR work/dmaw_state/rtl 1164031891 \
      FL /usr/local/src/progrape/demo/herm1/pgr/ISE_PROJECT.dbg2/dmaw_state.vhd \
      EN work/dmaw_state 1164031890
FL /usr/local/src/progrape/demo/herm1/pgr/ISE_PROJECT.dbg2/pgpg_mem/pg_module.vhd 2006/11/20.21:12:50 I.27
EN work/pg_float_sub_26_16_4_6 1164031770 \
      FL /usr/local/src/progrape/demo/herm1/pgr/ISE_PROJECT.dbg2/pgpg_mem/pg_module.vhd \
      PB ieee/std_logic_1164 1140839709 PB ieee/STD_LOGIC_UNSIGNED 1140839715
AR work/pg_float_sub_26_16_4_6/rtl 1164031771 \
      FL /usr/local/src/progrape/demo/herm1/pgr/ISE_PROJECT.dbg2/pgpg_mem/pg_module.vhd \
      EN work/pg_float_sub_26_16_4_6 1164031770 CP pgsub_float_add_26_16_6_usub_3 \
      CP pgsub_float_add_26_16_6_uadd_3
EN work/pgsub_float_add_26_16_6_uadd_3 1164031772 \
      FL /usr/local/src/progrape/demo/herm1/pgr/ISE_PROJECT.dbg2/pgpg_mem/pg_module.vhd \
      PB ieee/std_logic_1164 1140839709 PB ieee/STD_LOGIC_UNSIGNED 1140839715
AR work/pgsub_float_add_26_16_6_uadd_3/rtl 1164031773 \
      FL /usr/local/src/progrape/demo/herm1/pgr/ISE_PROJECT.dbg2/pgpg_mem/pg_module.vhd \
      EN work/pgsub_float_add_26_16_6_uadd_3 1164031772 CP pg_fuadd_26_16_swap_1 \
      CP pg_fuadd_26_16_shift_0 CP pg_fuadd_26_16_guard \
      CP pg_fuadd_26_16_adjust_0 CP pg_float_rbit_mode6 CP pg_float_round_26_16
EN work/pg_fuadd_26_16_swap_1 1164031774 \
      FL /usr/local/src/progrape/demo/herm1/pgr/ISE_PROJECT.dbg2/pgpg_mem/pg_module.vhd \
      PB ieee/std_logic_1164 1140839709 PB ieee/STD_LOGIC_UNSIGNED 1140839715
AR work/pg_fuadd_26_16_swap_1/rtl 1164031775 \
      FL /usr/local/src/progrape/demo/herm1/pgr/ISE_PROJECT.dbg2/pgpg_mem/pg_module.vhd \
      EN work/pg_fuadd_26_16_swap_1 1164031774
EN work/pg_fuadd_26_16_shift_0 1164031776 \
      FL /usr/local/src/progrape/demo/herm1/pgr/ISE_PROJECT.dbg2/pgpg_mem/pg_module.vhd \
      PB ieee/std_logic_1164 1140839709 PB ieee/STD_LOGIC_UNSIGNED 1140839715
AR work/pg_fuadd_26_16_shift_0/rtl 1164031777 \
      FL /usr/local/src/progrape/demo/herm1/pgr/ISE_PROJECT.dbg2/pgpg_mem/pg_module.vhd \
      EN work/pg_fuadd_26_16_shift_0 1164031776
EN work/pg_fuadd_26_16_guard 1164031778 \
      FL /usr/local/src/progrape/demo/herm1/pgr/ISE_PROJECT.dbg2/pgpg_mem/pg_module.vhd \
      PB ieee/std_logic_1164 1140839709 PB ieee/STD_LOGIC_UNSIGNED 1140839715
AR work/pg_fuadd_26_16_guard/rtl 1164031779 \
      FL /usr/local/src/progrape/demo/herm1/pgr/ISE_PROJECT.dbg2/pgpg_mem/pg_module.vhd \
      EN work/pg_fuadd_26_16_guard 1164031778
EN work/pg_fuadd_26_16_adjust_0 1164031780 \
      FL /usr/local/src/progrape/demo/herm1/pgr/ISE_PROJECT.dbg2/pgpg_mem/pg_module.vhd \
      PB ieee/std_logic_1164 1140839709 PB ieee/STD_LOGIC_UNSIGNED 1140839715
AR work/pg_fuadd_26_16_adjust_0/rtl 1164031781 \
      FL /usr/local/src/progrape/demo/herm1/pgr/ISE_PROJECT.dbg2/pgpg_mem/pg_module.vhd \
      EN work/pg_fuadd_26_16_adjust_0 1164031780
EN work/pg_float_round_26_16 1164031782 \
      FL /usr/local/src/progrape/demo/herm1/pgr/ISE_PROJECT.dbg2/pgpg_mem/pg_module.vhd \
      PB ieee/std_logic_1164 1140839709 PB ieee/STD_LOGIC_UNSIGNED 1140839715
AR work/pg_float_round_26_16/rtl 1164031783 \
      FL /usr/local/src/progrape/demo/herm1/pgr/ISE_PROJECT.dbg2/pgpg_mem/pg_module.vhd \
      EN work/pg_float_round_26_16 1164031782
EN work/pg_float_rbit_mode6 1164031784 \
      FL /usr/local/src/progrape/demo/herm1/pgr/ISE_PROJECT.dbg2/pgpg_mem/pg_module.vhd \
      PB ieee/std_logic_1164 1140839709 PB ieee/STD_LOGIC_UNSIGNED 1140839715
AR work/pg_float_rbit_mode6/rtl 1164031785 \
      FL /usr/local/src/progrape/demo/herm1/pgr/ISE_PROJECT.dbg2/pgpg_mem/pg_module.vhd \
      EN work/pg_float_rbit_mode6 1164031784
EN work/pgsub_float_add_26_16_6_usub_3 1164031786 \
      FL /usr/local/src/progrape/demo/herm1/pgr/ISE_PROJECT.dbg2/pgpg_mem/pg_module.vhd \
      PB ieee/std_logic_1164 1140839709 PB ieee/STD_LOGIC_UNSIGNED 1140839715
AR work/pgsub_float_add_26_16_6_usub_3/rtl 1164031787 \
      FL /usr/local/src/progrape/demo/herm1/pgr/ISE_PROJECT.dbg2/pgpg_mem/pg_module.vhd \
      EN work/pgsub_float_add_26_16_6_usub_3 1164031786 CP pg_fusub_26_16_swap_1 \
      CP pg_fusub_26_16_shift_manb_0 CP penc_20_5 CP pg_fusub_26_16_guard_0 \
      CP pg_fusub_26_16_adjust_0 CP pg_fusub_26_16_expsub_0 \
      CP pg_float_rbit_mode6 CP pg_float_round_26_16
EN work/pg_fusub_26_16_swap_1 1164031788 \
      FL /usr/local/src/progrape/demo/herm1/pgr/ISE_PROJECT.dbg2/pgpg_mem/pg_module.vhd \
      PB ieee/std_logic_1164 1140839709 PB ieee/STD_LOGIC_UNSIGNED 1140839715
AR work/pg_fusub_26_16_swap_1/rtl 1164031789 \
      FL /usr/local/src/progrape/demo/herm1/pgr/ISE_PROJECT.dbg2/pgpg_mem/pg_module.vhd \
      EN work/pg_fusub_26_16_swap_1 1164031788
EN work/pg_fusub_26_16_shift_manb_0 1164031790 \
      FL /usr/local/src/progrape/demo/herm1/pgr/ISE_PROJECT.dbg2/pgpg_mem/pg_module.vhd \
      PB ieee/std_logic_1164 1140839709 PB ieee/STD_LOGIC_UNSIGNED 1140839715
AR work/pg_fusub_26_16_shift_manb_0/rtl 1164031791 \
      FL /usr/local/src/progrape/demo/herm1/pgr/ISE_PROJECT.dbg2/pgpg_mem/pg_module.vhd \
      EN work/pg_fusub_26_16_shift_manb_0 1164031790
EN work/penc_20_5 1164031792 \
      FL /usr/local/src/progrape/demo/herm1/pgr/ISE_PROJECT.dbg2/pgpg_mem/pg_module.vhd \
      PB ieee/std_logic_1164 1140839709
AR work/penc_20_5/rtl 1164031793 \
      FL /usr/local/src/progrape/demo/herm1/pgr/ISE_PROJECT.dbg2/pgpg_mem/pg_module.vhd \
      EN work/penc_20_5 1164031792
EN work/pg_fusub_26_16_guard_0 1164031794 \
      FL /usr/local/src/progrape/demo/herm1/pgr/ISE_PROJECT.dbg2/pgpg_mem/pg_module.vhd \
      PB ieee/std_logic_1164 1140839709 PB ieee/STD_LOGIC_UNSIGNED 1140839715
AR work/pg_fusub_26_16_guard_0/rtl 1164031795 \
      FL /usr/local/src/progrape/demo/herm1/pgr/ISE_PROJECT.dbg2/pgpg_mem/pg_module.vhd \
      EN work/pg_fusub_26_16_guard_0 1164031794
EN work/pg_fusub_26_16_adjust_0 1164031796 \
      FL /usr/local/src/progrape/demo/herm1/pgr/ISE_PROJECT.dbg2/pgpg_mem/pg_module.vhd \
      PB ieee/std_logic_1164 1140839709 PB ieee/STD_LOGIC_UNSIGNED 1140839715
AR work/pg_fusub_26_16_adjust_0/rtl 1164031797 \
      FL /usr/local/src/progrape/demo/herm1/pgr/ISE_PROJECT.dbg2/pgpg_mem/pg_module.vhd \
      EN work/pg_fusub_26_16_adjust_0 1164031796
EN work/pg_fusub_26_16_expsub_0 1164031798 \
      FL /usr/local/src/progrape/demo/herm1/pgr/ISE_PROJECT.dbg2/pgpg_mem/pg_module.vhd \
      PB ieee/std_logic_1164 1140839709 PB ieee/STD_LOGIC_UNSIGNED 1140839715
AR work/pg_fusub_26_16_expsub_0/rtl 1164031799 \
      FL /usr/local/src/progrape/demo/herm1/pgr/ISE_PROJECT.dbg2/pgpg_mem/pg_module.vhd \
      EN work/pg_fusub_26_16_expsub_0 1164031798
EN work/pg_float_mult_26_16_2_6 1164031800 \
      FL /usr/local/src/progrape/demo/herm1/pgr/ISE_PROJECT.dbg2/pgpg_mem/pg_module.vhd \
      PB ieee/std_logic_1164 1140839709 PB ieee/STD_LOGIC_UNSIGNED 1140839715
AR work/pg_float_mult_26_16_2_6/rtl 1164031801 \
      FL /usr/local/src/progrape/demo/herm1/pgr/ISE_PROJECT.dbg2/pgpg_mem/pg_module.vhd \
      EN work/pg_float_mult_26_16_2_6 1164031800 CP pg_umult_17_17_0
EN work/pg_umult_17_17_0 1164031802 \
      FL /usr/local/src/progrape/demo/herm1/pgr/ISE_PROJECT.dbg2/pgpg_mem/pg_module.vhd \
      PB ieee/std_logic_1164 1140839709 PB ieee/std_logic_arith 1140839711 \
      PB ieee/STD_LOGIC_UNSIGNED 1140839715
AR work/pg_umult_17_17_0/rtl 1164031803 \
      FL /usr/local/src/progrape/demo/herm1/pgr/ISE_PROJECT.dbg2/pgpg_mem/pg_module.vhd \
      EN work/pg_umult_17_17_0 1164031802
EN work/pg_float_unsigned_add_26_16_4_6 1164031804 \
      FL /usr/local/src/progrape/demo/herm1/pgr/ISE_PROJECT.dbg2/pgpg_mem/pg_module.vhd \
      PB ieee/std_logic_1164 1140839709 PB ieee/STD_LOGIC_UNSIGNED 1140839715
AR work/pg_float_unsigned_add_26_16_4_6/rtl 1164031805 \
      FL /usr/local/src/progrape/demo/herm1/pgr/ISE_PROJECT.dbg2/pgpg_mem/pg_module.vhd \
      EN work/pg_float_unsigned_add_26_16_4_6 1164031804 CP pg_fuadd_26_16_swap_1 \
      CP pg_fuadd_26_16_shift_0 CP pg_fuadd_26_16_guard \
      CP pg_fuadd_26_16_adjust_0 CP pg_float_rbit_mode6 CP pg_float_round_26_16
EN work/pg_float_sqrt_26_16_3 1164031806 \
      FL /usr/local/src/progrape/demo/herm1/pgr/ISE_PROJECT.dbg2/pgpg_mem/pg_module.vhd \
      PB ieee/std_logic_1164 1140839709 PB ieee/STD_LOGIC_UNSIGNED 1140839715
AR work/pg_float_sqrt_26_16_3/rtl 1164031807 \
      FL /usr/local/src/progrape/demo/herm1/pgr/ISE_PROJECT.dbg2/pgpg_mem/pg_module.vhd \
      EN work/pg_float_sqrt_26_16_3 1164031806 CP pg_float_sqrt_table_2itp_16_14_2
EN work/pg_float_sqrt_table_2itp_16_14_2 1164031808 \
      FL /usr/local/src/progrape/demo/herm1/pgr/ISE_PROJECT.dbg2/pgpg_mem/pg_module.vhd \
      PB ieee/std_logic_1164 1140839709 PB ieee/STD_LOGIC_UNSIGNED 1140839715
AR work/pg_float_sqrt_table_2itp_16_14_2/rtl 1164031809 \
      FL /usr/local/src/progrape/demo/herm1/pgr/ISE_PROJECT.dbg2/pgpg_mem/pg_module.vhd \
      EN work/pg_float_sqrt_table_2itp_16_14_2 1164031808 \
      CP lcell_rom_float_sqrt_c0_16_14_4_19_0 \
      CP lcell_rom_float_sqrt_c1_16_14_4_17_0 \
      CP lcell_rom_float_sqrt_c2_16_14_4_15_0 CP pg_umult_14_17_0 \
      CP pg_umult_12_15_0
EN work/pg_umult_14_17_0 1164031810 \
      FL /usr/local/src/progrape/demo/herm1/pgr/ISE_PROJECT.dbg2/pgpg_mem/pg_module.vhd \
      PB ieee/std_logic_1164 1140839709 PB ieee/std_logic_arith 1140839711 \
      PB ieee/STD_LOGIC_UNSIGNED 1140839715
AR work/pg_umult_14_17_0/rtl 1164031811 \
      FL /usr/local/src/progrape/demo/herm1/pgr/ISE_PROJECT.dbg2/pgpg_mem/pg_module.vhd \
      EN work/pg_umult_14_17_0 1164031810
EN work/pg_umult_12_15_0 1164031812 \
      FL /usr/local/src/progrape/demo/herm1/pgr/ISE_PROJECT.dbg2/pgpg_mem/pg_module.vhd \
      PB ieee/std_logic_1164 1140839709 PB ieee/std_logic_arith 1140839711 \
      PB ieee/STD_LOGIC_UNSIGNED 1140839715
AR work/pg_umult_12_15_0/rtl 1164031813 \
      FL /usr/local/src/progrape/demo/herm1/pgr/ISE_PROJECT.dbg2/pgpg_mem/pg_module.vhd \
      EN work/pg_umult_12_15_0 1164031812
EN work/lcell_rom_float_sqrt_c0_16_14_4_19_0 1164031814 \
      FL /usr/local/src/progrape/demo/herm1/pgr/ISE_PROJECT.dbg2/pgpg_mem/pg_module.vhd \
      PB ieee/std_logic_1164 1140839709
AR work/lcell_rom_float_sqrt_c0_16_14_4_19_0/rtl 1164031815 \
      FL /usr/local/src/progrape/demo/herm1/pgr/ISE_PROJECT.dbg2/pgpg_mem/pg_module.vhd \
      EN work/lcell_rom_float_sqrt_c0_16_14_4_19_0 1164031814 CP pg_lcell
EN work/lcell_rom_float_sqrt_c1_16_14_4_17_0 1164031816 \
      FL /usr/local/src/progrape/demo/herm1/pgr/ISE_PROJECT.dbg2/pgpg_mem/pg_module.vhd \
      PB ieee/std_logic_1164 1140839709
AR work/lcell_rom_float_sqrt_c1_16_14_4_17_0/rtl 1164031817 \
      FL /usr/local/src/progrape/demo/herm1/pgr/ISE_PROJECT.dbg2/pgpg_mem/pg_module.vhd \
      EN work/lcell_rom_float_sqrt_c1_16_14_4_17_0 1164031816 CP pg_lcell
EN work/lcell_rom_float_sqrt_c2_16_14_4_15_0 1164031818 \
      FL /usr/local/src/progrape/demo/herm1/pgr/ISE_PROJECT.dbg2/pgpg_mem/pg_module.vhd \
      PB ieee/std_logic_1164 1140839709
AR work/lcell_rom_float_sqrt_c2_16_14_4_15_0/rtl 1164031819 \
      FL /usr/local/src/progrape/demo/herm1/pgr/ISE_PROJECT.dbg2/pgpg_mem/pg_module.vhd \
      EN work/lcell_rom_float_sqrt_c2_16_14_4_15_0 1164031818 CP pg_lcell
EN work/pg_float_recipro_26_16_2 1164031820 \
      FL /usr/local/src/progrape/demo/herm1/pgr/ISE_PROJECT.dbg2/pgpg_mem/pg_module.vhd \
      PB ieee/std_logic_1164 1140839709 PB ieee/STD_LOGIC_UNSIGNED 1140839715
AR work/pg_float_recipro_26_16_2/rtl 1164031821 \
      FL /usr/local/src/progrape/demo/herm1/pgr/ISE_PROJECT.dbg2/pgpg_mem/pg_module.vhd \
      EN work/pg_float_recipro_26_16_2 1164031820 \
      CP pg_float_recipro_table_2itp_16_12_1
EN work/pg_float_recipro_table_2itp_16_12_1 1164031822 \
      FL /usr/local/src/progrape/demo/herm1/pgr/ISE_PROJECT.dbg2/pgpg_mem/pg_module.vhd \
      PB ieee/std_logic_1164 1140839709 PB ieee/STD_LOGIC_UNSIGNED 1140839715
AR work/pg_float_recipro_table_2itp_16_12_1/rtl 1164031823 \
      FL /usr/local/src/progrape/demo/herm1/pgr/ISE_PROJECT.dbg2/pgpg_mem/pg_module.vhd \
      EN work/pg_float_recipro_table_2itp_16_12_1 1164031822 \
      CP lcell_rom_float_recipro_c0_16_12_4_18_0 \
      CP lcell_rom_float_recipro_c1_16_12_4_18_0 \
      CP lcell_rom_float_recipro_c2_16_12_4_18_0 CP pg_umult_12_18_1 \
      CP pg_umult_8_18_1
EN work/pg_umult_12_18_1 1164031824 \
      FL /usr/local/src/progrape/demo/herm1/pgr/ISE_PROJECT.dbg2/pgpg_mem/pg_module.vhd \
      PB ieee/std_logic_1164 1140839709 PB ieee/std_logic_arith 1140839711 \
      PB ieee/STD_LOGIC_UNSIGNED 1140839715
AR work/pg_umult_12_18_1/rtl 1164031825 \
      FL /usr/local/src/progrape/demo/herm1/pgr/ISE_PROJECT.dbg2/pgpg_mem/pg_module.vhd \
      EN work/pg_umult_12_18_1 1164031824
EN work/pg_umult_8_18_1 1164031826 \
      FL /usr/local/src/progrape/demo/herm1/pgr/ISE_PROJECT.dbg2/pgpg_mem/pg_module.vhd \
      PB ieee/std_logic_1164 1140839709 PB ieee/std_logic_arith 1140839711 \
      PB ieee/STD_LOGIC_UNSIGNED 1140839715
AR work/pg_umult_8_18_1/rtl 1164031827 \
      FL /usr/local/src/progrape/demo/herm1/pgr/ISE_PROJECT.dbg2/pgpg_mem/pg_module.vhd \
      EN work/pg_umult_8_18_1 1164031826
EN work/lcell_rom_float_recipro_c0_16_12_4_18_0 1164031828 \
      FL /usr/local/src/progrape/demo/herm1/pgr/ISE_PROJECT.dbg2/pgpg_mem/pg_module.vhd \
      PB ieee/std_logic_1164 1140839709
AR work/lcell_rom_float_recipro_c0_16_12_4_18_0/rtl 1164031829 \
      FL /usr/local/src/progrape/demo/herm1/pgr/ISE_PROJECT.dbg2/pgpg_mem/pg_module.vhd \
      EN work/lcell_rom_float_recipro_c0_16_12_4_18_0 1164031828 CP pg_lcell
EN work/lcell_rom_float_recipro_c1_16_12_4_18_0 1164031830 \
      FL /usr/local/src/progrape/demo/herm1/pgr/ISE_PROJECT.dbg2/pgpg_mem/pg_module.vhd \
      PB ieee/std_logic_1164 1140839709
AR work/lcell_rom_float_recipro_c1_16_12_4_18_0/rtl 1164031831 \
      FL /usr/local/src/progrape/demo/herm1/pgr/ISE_PROJECT.dbg2/pgpg_mem/pg_module.vhd \
      EN work/lcell_rom_float_recipro_c1_16_12_4_18_0 1164031830 CP pg_lcell
EN work/lcell_rom_float_recipro_c2_16_12_4_18_0 1164031832 \
      FL /usr/local/src/progrape/demo/herm1/pgr/ISE_PROJECT.dbg2/pgpg_mem/pg_module.vhd \
      PB ieee/std_logic_1164 1140839709
AR work/lcell_rom_float_recipro_c2_16_12_4_18_0/rtl 1164031833 \
      FL /usr/local/src/progrape/demo/herm1/pgr/ISE_PROJECT.dbg2/pgpg_mem/pg_module.vhd \
      EN work/lcell_rom_float_recipro_c2_16_12_4_18_0 1164031832 CP pg_lcell
EN work/pg_bits_delay_26_16 1164031834 \
      FL /usr/local/src/progrape/demo/herm1/pgr/ISE_PROJECT.dbg2/pgpg_mem/pg_module.vhd \
      PB ieee/std_logic_1164 1140839709
AR work/pg_bits_delay_26_16/rtl 1164031835 \
      FL /usr/local/src/progrape/demo/herm1/pgr/ISE_PROJECT.dbg2/pgpg_mem/pg_module.vhd \
      EN work/pg_bits_delay_26_16 1164031834
EN work/pg_bits_regifile_26 1164031836 \
      FL /usr/local/src/progrape/demo/herm1/pgr/ISE_PROJECT.dbg2/pgpg_mem/pg_module.vhd \
      PB ieee/std_logic_1164 1140839709 PB ieee/STD_LOGIC_UNSIGNED 1140839715
AR work/pg_bits_regifile_26/rtl 1164031837 \
      FL /usr/local/src/progrape/demo/herm1/pgr/ISE_PROJECT.dbg2/pgpg_mem/pg_module.vhd \
      EN work/pg_bits_regifile_26 1164031836
EN work/pg_float_expadd_31_26_16_1 1164031838 \
      FL /usr/local/src/progrape/demo/herm1/pgr/ISE_PROJECT.dbg2/pgpg_mem/pg_module.vhd \
      PB ieee/std_logic_1164 1140839709 PB ieee/STD_LOGIC_UNSIGNED 1140839715
AR work/pg_float_expadd_31_26_16_1/rtl 1164031839 \
      FL /usr/local/src/progrape/demo/herm1/pgr/ISE_PROJECT.dbg2/pgpg_mem/pg_module.vhd \
      EN work/pg_float_expadd_31_26_16_1 1164031838
EN work/pg_float_fixaccum_26_16_57_64_2_0 1164031840 \
      FL /usr/local/src/progrape/demo/herm1/pgr/ISE_PROJECT.dbg2/pgpg_mem/pg_module.vhd \
      PB ieee/std_logic_1164 1140839709 PB ieee/STD_LOGIC_UNSIGNED 1140839715
AR work/pg_float_fixaccum_26_16_57_64_2_0/rtl 1164031841 \
      FL /usr/local/src/progrape/demo/herm1/pgr/ISE_PROJECT.dbg2/pgpg_mem/pg_module.vhd \
      EN work/pg_float_fixaccum_26_16_57_64_2_0 1164031840 \
      CP pg_conv_floattofix_26_16_57_1_0 CP pg_fix_smaccum_57_64_1
EN work/pg_conv_floattofix_26_16_57_1_0 1164031842 \
      FL /usr/local/src/progrape/demo/herm1/pgr/ISE_PROJECT.dbg2/pgpg_mem/pg_module.vhd \
      PB ieee/std_logic_1164 1140839709 PB ieee/STD_LOGIC_UNSIGNED 1140839715
AR work/pg_conv_floattofix_26_16_57_1_0/rtl 1164031843 \
      FL /usr/local/src/progrape/demo/herm1/pgr/ISE_PROJECT.dbg2/pgpg_mem/pg_module.vhd \
      EN work/pg_conv_floattofix_26_16_57_1_0 1164031842 \
      CP pg_conv_floattofix_shift_16_7_56_0
EN work/pg_conv_floattofix_shift_16_7_56_0 1164031844 \
      FL /usr/local/src/progrape/demo/herm1/pgr/ISE_PROJECT.dbg2/pgpg_mem/pg_module.vhd \
      PB ieee/std_logic_1164 1140839709 PB ieee/STD_LOGIC_UNSIGNED 1140839715
AR work/pg_conv_floattofix_shift_16_7_56_0/rtl 1164031845 \
      FL /usr/local/src/progrape/demo/herm1/pgr/ISE_PROJECT.dbg2/pgpg_mem/pg_module.vhd \
      EN work/pg_conv_floattofix_shift_16_7_56_0 1164031844
EN work/pg_fix_smaccum_57_64_1 1164031846 \
      FL /usr/local/src/progrape/demo/herm1/pgr/ISE_PROJECT.dbg2/pgpg_mem/pg_module.vhd \
      PB ieee/std_logic_1164 1140839709 PB ieee/STD_LOGIC_UNSIGNED 1140839715
AR work/pg_fix_smaccum_57_64_1/rtl 1164031847 \
      FL /usr/local/src/progrape/demo/herm1/pgr/ISE_PROJECT.dbg2/pgpg_mem/pg_module.vhd \
      EN work/pg_fix_smaccum_57_64_1 1164031846 CP fix_accum_reg_last_1
EN work/fix_accum_reg_last_1 1164031848 \
      FL /usr/local/src/progrape/demo/herm1/pgr/ISE_PROJECT.dbg2/pgpg_mem/pg_module.vhd \
      PB ieee/std_logic_1164 1140839709 PB ieee/std_logic_arith 1140839711 \
      PB ieee/STD_LOGIC_UNSIGNED 1140839715
AR work/fix_accum_reg_last_1/rtl 1164031849 \
      FL /usr/local/src/progrape/demo/herm1/pgr/ISE_PROJECT.dbg2/pgpg_mem/pg_module.vhd \
      EN work/fix_accum_reg_last_1 1164031848
EN work/pg_float_expadd_1_26_16_1 1164031850 \
      FL /usr/local/src/progrape/demo/herm1/pgr/ISE_PROJECT.dbg2/pgpg_mem/pg_module.vhd \
      PB ieee/std_logic_1164 1140839709 PB ieee/STD_LOGIC_UNSIGNED 1140839715
AR work/pg_float_expadd_1_26_16_1/rtl 1164031851 \
      FL /usr/local/src/progrape/demo/herm1/pgr/ISE_PROJECT.dbg2/pgpg_mem/pg_module.vhd \
      EN work/pg_float_expadd_1_26_16_1 1164031850
EN work/pg_pdelay_26_4 1164031852 \
      FL /usr/local/src/progrape/demo/herm1/pgr/ISE_PROJECT.dbg2/pgpg_mem/pg_module.vhd \
      PB ieee/std_logic_1164 1140839709
AR work/pg_pdelay_26_4/rtl 1164031853 \
      FL /usr/local/src/progrape/demo/herm1/pgr/ISE_PROJECT.dbg2/pgpg_mem/pg_module.vhd \
      EN work/pg_pdelay_26_4 1164031852
EN work/pg_pdelay_26_3 1164031854 \
      FL /usr/local/src/progrape/demo/herm1/pgr/ISE_PROJECT.dbg2/pgpg_mem/pg_module.vhd \
      PB ieee/std_logic_1164 1140839709
AR work/pg_pdelay_26_3/rtl 1164031855 \
      FL /usr/local/src/progrape/demo/herm1/pgr/ISE_PROJECT.dbg2/pgpg_mem/pg_module.vhd \
      EN work/pg_pdelay_26_3 1164031854
EN work/pg_pdelay_26_5 1164031856 \
      FL /usr/local/src/progrape/demo/herm1/pgr/ISE_PROJECT.dbg2/pgpg_mem/pg_module.vhd \
      PB ieee/std_logic_1164 1140839709
AR work/pg_pdelay_26_5/rtl 1164031857 \
      FL /usr/local/src/progrape/demo/herm1/pgr/ISE_PROJECT.dbg2/pgpg_mem/pg_module.vhd \
      EN work/pg_pdelay_26_5 1164031856
EN work/pg_pdelay_26_23 1164031858 \
      FL /usr/local/src/progrape/demo/herm1/pgr/ISE_PROJECT.dbg2/pgpg_mem/pg_module.vhd \
      PB ieee/std_logic_1164 1140839709
AR work/pg_pdelay_26_23/rtl 1164031859 \
      FL /usr/local/src/progrape/demo/herm1/pgr/ISE_PROJECT.dbg2/pgpg_mem/pg_module.vhd \
      EN work/pg_pdelay_26_23 1164031858
EN work/pg_pdelay_26_11 1164031860 \
      FL /usr/local/src/progrape/demo/herm1/pgr/ISE_PROJECT.dbg2/pgpg_mem/pg_module.vhd \
      PB ieee/std_logic_1164 1140839709
AR work/pg_pdelay_26_11/rtl 1164031861 \
      FL /usr/local/src/progrape/demo/herm1/pgr/ISE_PROJECT.dbg2/pgpg_mem/pg_module.vhd \
      EN work/pg_pdelay_26_11 1164031860
EN work/pg_pdelay_26_24 1164031862 \
      FL /usr/local/src/progrape/demo/herm1/pgr/ISE_PROJECT.dbg2/pgpg_mem/pg_module.vhd \
      PB ieee/std_logic_1164 1140839709
AR work/pg_pdelay_26_24/rtl 1164031863 \
      FL /usr/local/src/progrape/demo/herm1/pgr/ISE_PROJECT.dbg2/pgpg_mem/pg_module.vhd \
      EN work/pg_pdelay_26_24 1164031862
EN work/pg_pdelay_26_1 1164031864 \
      FL /usr/local/src/progrape/demo/herm1/pgr/ISE_PROJECT.dbg2/pgpg_mem/pg_module.vhd \
      PB ieee/std_logic_1164 1140839709
AR work/pg_pdelay_26_1/rtl 1164031865 \
      FL /usr/local/src/progrape/demo/herm1/pgr/ISE_PROJECT.dbg2/pgpg_mem/pg_module.vhd \
      EN work/pg_pdelay_26_1 1164031864
EN work/pg_pdelay_26_6 1164031866 \
      FL /usr/local/src/progrape/demo/herm1/pgr/ISE_PROJECT.dbg2/pgpg_mem/pg_module.vhd \
      PB ieee/std_logic_1164 1140839709
AR work/pg_pdelay_26_6/rtl 1164031867 \
      FL /usr/local/src/progrape/demo/herm1/pgr/ISE_PROJECT.dbg2/pgpg_mem/pg_module.vhd \
      EN work/pg_pdelay_26_6 1164031866
EN work/pg_lcell 1164031868 \
      FL /usr/local/src/progrape/demo/herm1/pgr/ISE_PROJECT.dbg2/pgpg_mem/pg_module.vhd \
      PB ieee/std_logic_1164 1140839709 PH ieee/NUMERIC_STD 1140839720 LB UNISIM \
      PH unisim/VCOMPONENTS 1142233852
AR work/pg_lcell/schematic 1164031869 \
      FL /usr/local/src/progrape/demo/herm1/pgr/ISE_PROJECT.dbg2/pgpg_mem/pg_module.vhd \
      EN work/pg_lcell 1164031868 CP LUT4
FL /usr/local/src/progrape/demo/herm1/pgr/ISE_PROJECT.dbg2/dmar_mem_re.vhd 2006/11/20.21:12:50 I.27
EN work/dmar_mem_re 1164031900 \
      FL /usr/local/src/progrape/demo/herm1/pgr/ISE_PROJECT.dbg2/dmar_mem_re.vhd \
      PB ieee/std_logic_1164 1140839709 PB ieee/STD_LOGIC_UNSIGNED 1140839715
AR work/dmar_mem_re/rtl 1164031901 \
      FL /usr/local/src/progrape/demo/herm1/pgr/ISE_PROJECT.dbg2/dmar_mem_re.vhd \
      EN work/dmar_mem_re 1164031900 CP dmaw_mem_we
FL /usr/local/src/progrape/demo/herm1/pgr/ISE_PROJECT.dbg2/dmaw_mem_we.vhd 2006/11/20.21:12:50 I.27
EN work/dmaw_mem_we 1164031884 \
      FL /usr/local/src/progrape/demo/herm1/pgr/ISE_PROJECT.dbg2/dmaw_mem_we.vhd \
      PB ieee/std_logic_1164 1140839709 PB ieee/STD_LOGIC_UNSIGNED 1140839715
AR work/dmaw_mem_we/rtl 1164031885 \
      FL /usr/local/src/progrape/demo/herm1/pgr/ISE_PROJECT.dbg2/dmaw_mem_we.vhd \
      EN work/dmaw_mem_we 1164031884
FL /usr/local/src/progrape/demo/herm1/pgr/ISE_PROJECT.dbg2/pgpg_mem/pg_pipe.vhd 2006/11/20.22:16:14 I.27
EN work/pg_pipe 1164031872 \
      FL /usr/local/src/progrape/demo/herm1/pgr/ISE_PROJECT.dbg2/pgpg_mem/pg_pipe.vhd \
      PB ieee/std_logic_1164 1140839709
AR work/pg_pipe/std 1164031873 \
      FL /usr/local/src/progrape/demo/herm1/pgr/ISE_PROJECT.dbg2/pgpg_mem/pg_pipe.vhd \
      EN work/pg_pipe 1164031872 CP pipe
EN work/pipe 1164031874 \
      FL /usr/local/src/progrape/demo/herm1/pgr/ISE_PROJECT.dbg2/pgpg_mem/pg_pipe.vhd \
      PB ieee/std_logic_1164 1140839709
AR work/pipe/std 1164031875 \
      FL /usr/local/src/progrape/demo/herm1/pgr/ISE_PROJECT.dbg2/pgpg_mem/pg_pipe.vhd \
      EN work/pipe 1164031874 CP pg_bits_delay_26_16 CP pg_bits_regifile_26 \
      CP pg_float_sub_26_16_4_6 CP pg_float_mult_26_16_2_6 \
      CP pg_float_unsigned_add_26_16_4_6 CP pg_float_sqrt_26_16_3 \
      CP pg_float_recipro_26_16_2 CP pg_float_expadd_31_26_16_1 \
      CP pg_float_expadd_1_26_16_1 CP pg_pdelay_26_4 CP pg_pdelay_26_3 \
      CP pg_pdelay_26_5 CP pg_pdelay_26_23 CP pg_pdelay_26_11 CP pg_pdelay_26_24 \
      CP pg_pdelay_26_1 CP pg_pdelay_26_6
FL /usr/local/src/progrape/demo/herm1/pgr/ISE_PROJECT.dbg2/dmaw_start_adr.vhd 2006/11/20.21:12:50 I.27
EN work/dmaw_start_adr 1164031888 \
      FL /usr/local/src/progrape/demo/herm1/pgr/ISE_PROJECT.dbg2/dmaw_start_adr.vhd \
      PB ieee/std_logic_1164 1140839709 PB ieee/STD_LOGIC_UNSIGNED 1140839715
AR work/dmaw_start_adr/rtl 1164031889 \
      FL /usr/local/src/progrape/demo/herm1/pgr/ISE_PROJECT.dbg2/dmaw_start_adr.vhd \
      EN work/dmaw_start_adr 1164031888
FL /usr/local/src/progrape/demo/herm1/pgr/ISE_PROJECT.dbg2/dmar_mem_adr.vhd 2006/11/20.21:12:50 I.27
EN work/dmar_mem_adr 1164031898 \
      FL /usr/local/src/progrape/demo/herm1/pgr/ISE_PROJECT.dbg2/dmar_mem_adr.vhd \
      PB ieee/std_logic_1164 1140839709
AR work/dmar_mem_adr/rtl 1164031899 \
      FL /usr/local/src/progrape/demo/herm1/pgr/ISE_PROJECT.dbg2/dmar_mem_adr.vhd \
      EN work/dmar_mem_adr 1164031898 CP dmaw_mem_adr
FL /usr/local/src/progrape/demo/herm1/pgr/ISE_PROJECT.dbg2/user.vhd 2006/11/20.21:12:50 I.27
EN work/user 1164031910            FL /usr/local/src/progrape/demo/herm1/pgr/ISE_PROJECT.dbg2/user.vhd \
      PB ieee/std_logic_1164 1140839709 PB ieee/STD_LOGIC_UNSIGNED 1140839715
AR work/user/rtl 1164031911 \
      FL /usr/local/src/progrape/demo/herm1/pgr/ISE_PROJECT.dbg2/user.vhd \
      EN work/user 1164031910 CP pgpg_mem
FL /usr/local/src/progrape/demo/herm1/pgr/ISE_PROJECT.dbg2/pgpg_mem/jmem.vhd 2006/11/20.23:09:16 I.27
EN work/jmem 1164031882 \
      FL /usr/local/src/progrape/demo/herm1/pgr/ISE_PROJECT.dbg2/pgpg_mem/jmem.vhd \
      PB ieee/std_logic_1164 1140839709 PB ieee/std_logic_arith 1140839711 \
      PB ieee/STD_LOGIC_UNSIGNED 1140839715
AR work/jmem/rtl 1164031883 \
      FL /usr/local/src/progrape/demo/herm1/pgr/ISE_PROJECT.dbg2/pgpg_mem/jmem.vhd \
      EN work/jmem 1164031882 CP dpram
