EN pg_conv_floattofix_26_16_57_1_0 NULL /usr/local/src/progrape/demo/herm1/pgr/ISE_PROJECT.regifile.r2/pgpg_mem/pg_module.vhd sub00/vhpl72 1163942197
AR penc_20_5 rtl /usr/local/src/progrape/demo/herm1/pgr/ISE_PROJECT.regifile.r2/pgpg_mem/pg_module.vhd sub00/vhpl25 1163942150
AR pipe_sts rtl /usr/local/src/progrape/demo/herm1/pgr/ISE_PROJECT.regifile.r2/pgpg_mem/pipe_sts.vhd sub01/vhpl109 1163942234
EN pipe_sts NULL /usr/local/src/progrape/demo/herm1/pgr/ISE_PROJECT.regifile.r2/pgpg_mem/pipe_sts.vhd sub01/vhpl108 1163942233
EN pg_fuadd_26_16_guard NULL /usr/local/src/progrape/demo/herm1/pgr/ISE_PROJECT.regifile.r2/pgpg_mem/pg_module.vhd sub00/vhpl10 1163942135
EN dmaw NULL /usr/local/src/progrape/demo/herm1/pgr/ISE_PROJECT.regifile.r2/dmaw.vhd sub01/vhpl136 1163942261
EN pg_bits_regifile_26 NULL /usr/local/src/progrape/demo/herm1/pgr/ISE_PROJECT.regifile.r2/pgpg_mem/pg_module.vhd sub00/vhpl66 1163942191
EN clk_muldiv NULL /usr/local/src/progrape/demo/herm1/pgr/ISE_PROJECT.regifile.r2/clk_muldiv.vhd sub01/vhpl134 1163942259
EN pg_lcell NULL /usr/local/src/progrape/demo/herm1/pgr/ISE_PROJECT.regifile.r2/pgpg_mem/pg_module.vhd sub00/vhpl98 1163942223
AR dmaw rtl /usr/local/src/progrape/demo/herm1/pgr/ISE_PROJECT.regifile.r2/dmaw.vhd sub01/vhpl137 1163942262
AR pg_pdelay_26_24 rtl /usr/local/src/progrape/demo/herm1/pgr/ISE_PROJECT.regifile.r2/pgpg_mem/pg_module.vhd sub00/vhpl93 1163942218
AR pg_float_unsigned_add_26_16_4_6 rtl /usr/local/src/progrape/demo/herm1/pgr/ISE_PROJECT.regifile.r2/pgpg_mem/pg_module.vhd sub00/vhpl37 1163942162
AR pg_float_recipro_table_2itp_16_12_1 rtl /usr/local/src/progrape/demo/herm1/pgr/ISE_PROJECT.regifile.r2/pgpg_mem/pg_module.vhd sub00/vhpl55 1163942180
AR pgsub_float_add_26_16_6_usub_3 rtl /usr/local/src/progrape/demo/herm1/pgr/ISE_PROJECT.regifile.r2/pgpg_mem/pg_module.vhd sub00/vhpl19 1163942144
AR pg_lcell schematic /usr/local/src/progrape/demo/herm1/pgr/ISE_PROJECT.regifile.r2/pgpg_mem/pg_module.vhd sub00/vhpl99 1163942224
EN pg_fusub_26_16_expsub_0 NULL /usr/local/src/progrape/demo/herm1/pgr/ISE_PROJECT.regifile.r2/pgpg_mem/pg_module.vhd sub00/vhpl30 1163942155
EN pg_float_round_26_16 NULL /usr/local/src/progrape/demo/herm1/pgr/ISE_PROJECT.regifile.r2/pgpg_mem/pg_module.vhd sub00/vhpl14 1163942139
AR calc rtl /usr/local/src/progrape/demo/herm1/pgr/ISE_PROJECT.regifile.r2/pgpg_mem/calc.vhd sub01/vhpl107 1163942232
AR pg_float_mult_26_16_2_6 rtl /usr/local/src/progrape/demo/herm1/pgr/ISE_PROJECT.regifile.r2/pgpg_mem/pg_module.vhd sub00/vhpl33 1163942158
EN pg_fusub_26_16_adjust_0 NULL /usr/local/src/progrape/demo/herm1/pgr/ISE_PROJECT.regifile.r2/pgpg_mem/pg_module.vhd sub00/vhpl28 1163942153
AR pg_float_round_26_16 rtl /usr/local/src/progrape/demo/herm1/pgr/ISE_PROJECT.regifile.r2/pgpg_mem/pg_module.vhd sub00/vhpl15 1163942140
EN pg_float_rbit_mode6 NULL /usr/local/src/progrape/demo/herm1/pgr/ISE_PROJECT.regifile.r2/pgpg_mem/pg_module.vhd sub00/vhpl16 1163942141
EN pg_umult_12_18_1 NULL /usr/local/src/progrape/demo/herm1/pgr/ISE_PROJECT.regifile.r2/pgpg_mem/pg_module.vhd sub00/vhpl56 1163942181
EN pg_fusub_26_16_swap_1 NULL /usr/local/src/progrape/demo/herm1/pgr/ISE_PROJECT.regifile.r2/pgpg_mem/pg_module.vhd sub00/vhpl20 1163942145
AR pg_pdelay_26_11 rtl /usr/local/src/progrape/demo/herm1/pgr/ISE_PROJECT.regifile.r2/pgpg_mem/pg_module.vhd sub00/vhpl91 1163942216
AR pg_conv_floattofix_26_16_57_1_0 rtl /usr/local/src/progrape/demo/herm1/pgr/ISE_PROJECT.regifile.r2/pgpg_mem/pg_module.vhd sub00/vhpl73 1163942198
AR pg_bits_regifile_26 rtl /usr/local/src/progrape/demo/herm1/pgr/ISE_PROJECT.regifile.r2/pgpg_mem/pg_module.vhd sub00/vhpl67 1163942192
EN pgsub_float_add_26_16_6_uadd_3 NULL /usr/local/src/progrape/demo/herm1/pgr/ISE_PROJECT.regifile.r2/pgpg_mem/pg_module.vhd sub00/vhpl04 1163942129
EN setn NULL /usr/local/src/progrape/demo/herm1/pgr/ISE_PROJECT.regifile.r2/pgpg_mem/setn.vhd sub01/vhpl110 1163942235
EN pg_float_recipro_26_16_2 NULL /usr/local/src/progrape/demo/herm1/pgr/ISE_PROJECT.regifile.r2/pgpg_mem/pg_module.vhd sub00/vhpl52 1163942177
EN lcell_rom_float_recipro_c2_16_12_4_18_0 NULL /usr/local/src/progrape/demo/herm1/pgr/ISE_PROJECT.regifile.r2/pgpg_mem/pg_module.vhd sub00/vhpl64 1163942189
AR pgsub_float_add_26_16_6_uadd_3 rtl /usr/local/src/progrape/demo/herm1/pgr/ISE_PROJECT.regifile.r2/pgpg_mem/pg_module.vhd sub00/vhpl05 1163942130
AR pg_fuadd_26_16_adjust_0 rtl /usr/local/src/progrape/demo/herm1/pgr/ISE_PROJECT.regifile.r2/pgpg_mem/pg_module.vhd sub00/vhpl13 1163942138
AR clk_muldiv rtl /usr/local/src/progrape/demo/herm1/pgr/ISE_PROJECT.regifile.r2/clk_muldiv.vhd sub01/vhpl135 1163942260
EN pgsub_float_add_26_16_6_usub_3 NULL /usr/local/src/progrape/demo/herm1/pgr/ISE_PROJECT.regifile.r2/pgpg_mem/pg_module.vhd sub00/vhpl18 1163942143
AR jmem rtl /usr/local/src/progrape/demo/herm1/pgr/ISE_PROJECT.regifile.r2/pgpg_mem/jmem.vhd sub01/vhpl113 1163942238
EN lcell_rom_float_sqrt_c1_16_14_4_17_0 NULL /usr/local/src/progrape/demo/herm1/pgr/ISE_PROJECT.regifile.r2/pgpg_mem/pg_module.vhd sub00/vhpl48 1163942173
AR pg_pdelay_26_5 rtl /usr/local/src/progrape/demo/herm1/pgr/ISE_PROJECT.regifile.r2/pgpg_mem/pg_module.vhd sub00/vhpl87 1163942212
AR pg_umult_8_18_1 rtl /usr/local/src/progrape/demo/herm1/pgr/ISE_PROJECT.regifile.r2/pgpg_mem/pg_module.vhd sub00/vhpl59 1163942184
EN dpram NULL /usr/local/src/progrape/demo/herm1/pgr/ISE_PROJECT.regifile.r2/pgpg_mem/dpram.vhd sub00/vhpl00 1163942125
AR adr_dec rtl /usr/local/src/progrape/demo/herm1/pgr/ISE_PROJECT.regifile.r2/pgpg_mem/adr_dec.vhd sub01/vhpl101 1163942226
AR pg_float_expadd_1_26_16_1 rtl /usr/local/src/progrape/demo/herm1/pgr/ISE_PROJECT.regifile.r2/pgpg_mem/pg_module.vhd sub00/vhpl81 1163942206
AR lcell_rom_float_recipro_c2_16_12_4_18_0 rtl /usr/local/src/progrape/demo/herm1/pgr/ISE_PROJECT.regifile.r2/pgpg_mem/pg_module.vhd sub00/vhpl65 1163942190
AR pg_fusub_26_16_adjust_0 rtl /usr/local/src/progrape/demo/herm1/pgr/ISE_PROJECT.regifile.r2/pgpg_mem/pg_module.vhd sub00/vhpl29 1163942154
EN pg_conv_floattofix_shift_16_7_56_0 NULL /usr/local/src/progrape/demo/herm1/pgr/ISE_PROJECT.regifile.r2/pgpg_mem/pg_module.vhd sub00/vhpl74 1163942199
AR pg_pdelay_26_1 rtl /usr/local/src/progrape/demo/herm1/pgr/ISE_PROJECT.regifile.r2/pgpg_mem/pg_module.vhd sub00/vhpl95 1163942220
AR dmar_start_adr rtl /usr/local/src/progrape/demo/herm1/pgr/ISE_PROJECT.regifile.r2/dmar_start_adr.vhd sub01/vhpl127 1163942252
AR lcell_rom_float_sqrt_c0_16_14_4_19_0 rtl /usr/local/src/progrape/demo/herm1/pgr/ISE_PROJECT.regifile.r2/pgpg_mem/pg_module.vhd sub00/vhpl47 1163942172
AR dmaw_state rtl /usr/local/src/progrape/demo/herm1/pgr/ISE_PROJECT.regifile.r2/dmaw_state.vhd sub01/vhpl121 1163942246
EN pg_pipe NULL /usr/local/src/progrape/demo/herm1/pgr/ISE_PROJECT.regifile.r2/pgpg_mem/pg_pipe.vhd sub01/vhpl102 1163942227
EN pg_float_sub_26_16_4_6 NULL /usr/local/src/progrape/demo/herm1/pgr/ISE_PROJECT.regifile.r2/pgpg_mem/pg_module.vhd sub00/vhpl02 1163942127
EN pg_float_sqrt_table_2itp_16_14_2 NULL /usr/local/src/progrape/demo/herm1/pgr/ISE_PROJECT.regifile.r2/pgpg_mem/pg_module.vhd sub00/vhpl40 1163942165
AR dpram rtl /usr/local/src/progrape/demo/herm1/pgr/ISE_PROJECT.regifile.r2/pgpg_mem/dpram.vhd sub00/vhpl01 1163942126
AR lcell_rom_float_recipro_c0_16_12_4_18_0 rtl /usr/local/src/progrape/demo/herm1/pgr/ISE_PROJECT.regifile.r2/pgpg_mem/pg_module.vhd sub00/vhpl61 1163942186
EN pg_umult_8_18_1 NULL /usr/local/src/progrape/demo/herm1/pgr/ISE_PROJECT.regifile.r2/pgpg_mem/pg_module.vhd sub00/vhpl58 1163942183
AR lcell_rom_float_sqrt_c2_16_14_4_15_0 rtl /usr/local/src/progrape/demo/herm1/pgr/ISE_PROJECT.regifile.r2/pgpg_mem/pg_module.vhd sub00/vhpl51 1163942176
EN lcell_rom_float_sqrt_c0_16_14_4_19_0 NULL /usr/local/src/progrape/demo/herm1/pgr/ISE_PROJECT.regifile.r2/pgpg_mem/pg_module.vhd sub00/vhpl46 1163942171
EN pgpg_mem NULL /usr/local/src/progrape/demo/herm1/pgr/ISE_PROJECT.regifile.r2/pgpg_mem/pgpg_mem.vhd sub01/vhpl122 1163942247
EN pg_umult_14_17_0 NULL /usr/local/src/progrape/demo/herm1/pgr/ISE_PROJECT.regifile.r2/pgpg_mem/pg_module.vhd sub00/vhpl42 1163942167
AR pipe std /usr/local/src/progrape/demo/herm1/pgr/ISE_PROJECT.regifile.r2/pgpg_mem/pg_pipe.vhd sub01/vhpl105 1163942230
EN lcell_rom_float_recipro_c0_16_12_4_18_0 NULL /usr/local/src/progrape/demo/herm1/pgr/ISE_PROJECT.regifile.r2/pgpg_mem/pg_module.vhd sub00/vhpl60 1163942185
AR pg_umult_12_15_0 rtl /usr/local/src/progrape/demo/herm1/pgr/ISE_PROJECT.regifile.r2/pgpg_mem/pg_module.vhd sub00/vhpl45 1163942170
EN dmar_dbus_hiz NULL /usr/local/src/progrape/demo/herm1/pgr/ISE_PROJECT.regifile.r2/dmar_dbus_hiz.vhd sub01/vhpl132 1163942257
AR pg_umult_17_17_0 rtl /usr/local/src/progrape/demo/herm1/pgr/ISE_PROJECT.regifile.r2/pgpg_mem/pg_module.vhd sub00/vhpl35 1163942160
EN penc_20_5 NULL /usr/local/src/progrape/demo/herm1/pgr/ISE_PROJECT.regifile.r2/pgpg_mem/pg_module.vhd sub00/vhpl24 1163942149
AR pg_fix_smaccum_57_64_1 rtl /usr/local/src/progrape/demo/herm1/pgr/ISE_PROJECT.regifile.r2/pgpg_mem/pg_module.vhd sub00/vhpl77 1163942202
EN pg_float_expadd_1_26_16_1 NULL /usr/local/src/progrape/demo/herm1/pgr/ISE_PROJECT.regifile.r2/pgpg_mem/pg_module.vhd sub00/vhpl80 1163942205
AR pg_float_expadd_31_26_16_1 rtl /usr/local/src/progrape/demo/herm1/pgr/ISE_PROJECT.regifile.r2/pgpg_mem/pg_module.vhd sub00/vhpl69 1163942194
EN dmaw_start_adr NULL /usr/local/src/progrape/demo/herm1/pgr/ISE_PROJECT.regifile.r2/dmaw_start_adr.vhd sub01/vhpl118 1163942243
AR pg_pdelay_26_6 rtl /usr/local/src/progrape/demo/herm1/pgr/ISE_PROJECT.regifile.r2/pgpg_mem/pg_module.vhd sub00/vhpl97 1163942222
EN pg_fuadd_26_16_swap_1 NULL /usr/local/src/progrape/demo/herm1/pgr/ISE_PROJECT.regifile.r2/pgpg_mem/pg_module.vhd sub00/vhpl06 1163942131
EN top NULL /usr/local/src/progrape/demo/herm1/pgr/ISE_PROJECT.regifile.r2/top.vhd sub01/vhpl142 1163942267
EN pg_fix_smaccum_57_64_1 NULL /usr/local/src/progrape/demo/herm1/pgr/ISE_PROJECT.regifile.r2/pgpg_mem/pg_module.vhd sub00/vhpl76 1163942201
AR top rtl /usr/local/src/progrape/demo/herm1/pgr/ISE_PROJECT.regifile.r2/top.vhd sub01/vhpl143 1163942268
EN lcell_rom_float_recipro_c1_16_12_4_18_0 NULL /usr/local/src/progrape/demo/herm1/pgr/ISE_PROJECT.regifile.r2/pgpg_mem/pg_module.vhd sub00/vhpl62 1163942187
AR dmar_mem_re rtl /usr/local/src/progrape/demo/herm1/pgr/ISE_PROJECT.regifile.r2/dmar_mem_re.vhd sub01/vhpl131 1163942256
EN pg_float_recipro_table_2itp_16_12_1 NULL /usr/local/src/progrape/demo/herm1/pgr/ISE_PROJECT.regifile.r2/pgpg_mem/pg_module.vhd sub00/vhpl54 1163942179
EN pg_pdelay_26_1 NULL /usr/local/src/progrape/demo/herm1/pgr/ISE_PROJECT.regifile.r2/pgpg_mem/pg_module.vhd sub00/vhpl94 1163942219
AR pg_umult_12_18_1 rtl /usr/local/src/progrape/demo/herm1/pgr/ISE_PROJECT.regifile.r2/pgpg_mem/pg_module.vhd sub00/vhpl57 1163942182
EN pg_pdelay_26_3 NULL /usr/local/src/progrape/demo/herm1/pgr/ISE_PROJECT.regifile.r2/pgpg_mem/pg_module.vhd sub00/vhpl84 1163942209
EN pg_float_unsigned_add_26_16_4_6 NULL /usr/local/src/progrape/demo/herm1/pgr/ISE_PROJECT.regifile.r2/pgpg_mem/pg_module.vhd sub00/vhpl36 1163942161
EN pg_pdelay_26_4 NULL /usr/local/src/progrape/demo/herm1/pgr/ISE_PROJECT.regifile.r2/pgpg_mem/pg_module.vhd sub00/vhpl82 1163942207
EN pg_pdelay_26_5 NULL /usr/local/src/progrape/demo/herm1/pgr/ISE_PROJECT.regifile.r2/pgpg_mem/pg_module.vhd sub00/vhpl86 1163942211
EN pg_pdelay_26_6 NULL /usr/local/src/progrape/demo/herm1/pgr/ISE_PROJECT.regifile.r2/pgpg_mem/pg_module.vhd sub00/vhpl96 1163942221
EN pg_fusub_26_16_shift_manb_0 NULL /usr/local/src/progrape/demo/herm1/pgr/ISE_PROJECT.regifile.r2/pgpg_mem/pg_module.vhd sub00/vhpl22 1163942147
AR pg_float_fixaccum_26_16_57_64_2_0 rtl /usr/local/src/progrape/demo/herm1/pgr/ISE_PROJECT.regifile.r2/pgpg_mem/pg_module.vhd sub00/vhpl71 1163942196
EN pg_float_fixaccum_26_16_57_64_2_0 NULL /usr/local/src/progrape/demo/herm1/pgr/ISE_PROJECT.regifile.r2/pgpg_mem/pg_module.vhd sub00/vhpl70 1163942195
AR pg_float_sub_26_16_4_6 rtl /usr/local/src/progrape/demo/herm1/pgr/ISE_PROJECT.regifile.r2/pgpg_mem/pg_module.vhd sub00/vhpl03 1163942128
EN pipe NULL /usr/local/src/progrape/demo/herm1/pgr/ISE_PROJECT.regifile.r2/pgpg_mem/pg_pipe.vhd sub01/vhpl104 1163942229
AR lcell_rom_float_recipro_c1_16_12_4_18_0 rtl /usr/local/src/progrape/demo/herm1/pgr/ISE_PROJECT.regifile.r2/pgpg_mem/pg_module.vhd sub00/vhpl63 1163942188
EN pg_fusub_26_16_guard_0 NULL /usr/local/src/progrape/demo/herm1/pgr/ISE_PROJECT.regifile.r2/pgpg_mem/pg_module.vhd sub00/vhpl26 1163942151
EN lcell_rom_float_sqrt_c2_16_14_4_15_0 NULL /usr/local/src/progrape/demo/herm1/pgr/ISE_PROJECT.regifile.r2/pgpg_mem/pg_module.vhd sub00/vhpl50 1163942175
AR lcell_rom_float_sqrt_c1_16_14_4_17_0 rtl /usr/local/src/progrape/demo/herm1/pgr/ISE_PROJECT.regifile.r2/pgpg_mem/pg_module.vhd sub00/vhpl49 1163942174
AR pg_float_recipro_26_16_2 rtl /usr/local/src/progrape/demo/herm1/pgr/ISE_PROJECT.regifile.r2/pgpg_mem/pg_module.vhd sub00/vhpl53 1163942178
EN pg_float_expadd_31_26_16_1 NULL /usr/local/src/progrape/demo/herm1/pgr/ISE_PROJECT.regifile.r2/pgpg_mem/pg_module.vhd sub00/vhpl68 1163942193
AR pg_fusub_26_16_guard_0 rtl /usr/local/src/progrape/demo/herm1/pgr/ISE_PROJECT.regifile.r2/pgpg_mem/pg_module.vhd sub00/vhpl27 1163942152
AR fix_accum_reg_last_1 rtl /usr/local/src/progrape/demo/herm1/pgr/ISE_PROJECT.regifile.r2/pgpg_mem/pg_module.vhd sub00/vhpl79 1163942204
AR pg_fuadd_26_16_swap_1 rtl /usr/local/src/progrape/demo/herm1/pgr/ISE_PROJECT.regifile.r2/pgpg_mem/pg_module.vhd sub00/vhpl07 1163942132
AR pgpg_mem rtl /usr/local/src/progrape/demo/herm1/pgr/ISE_PROJECT.regifile.r2/pgpg_mem/pgpg_mem.vhd sub01/vhpl123 1163942248
AR pg_pipe std /usr/local/src/progrape/demo/herm1/pgr/ISE_PROJECT.regifile.r2/pgpg_mem/pg_pipe.vhd sub01/vhpl103 1163942228
AR pg_fusub_26_16_shift_manb_0 rtl /usr/local/src/progrape/demo/herm1/pgr/ISE_PROJECT.regifile.r2/pgpg_mem/pg_module.vhd sub00/vhpl23 1163942148
EN dmaw_state NULL /usr/local/src/progrape/demo/herm1/pgr/ISE_PROJECT.regifile.r2/dmaw_state.vhd sub01/vhpl120 1163942245
AR pg_fusub_26_16_swap_1 rtl /usr/local/src/progrape/demo/herm1/pgr/ISE_PROJECT.regifile.r2/pgpg_mem/pg_module.vhd sub00/vhpl21 1163942146
AR dmar_dbus_hiz rtl /usr/local/src/progrape/demo/herm1/pgr/ISE_PROJECT.regifile.r2/dmar_dbus_hiz.vhd sub01/vhpl133 1163942258
EN pg_umult_12_15_0 NULL /usr/local/src/progrape/demo/herm1/pgr/ISE_PROJECT.regifile.r2/pgpg_mem/pg_module.vhd sub00/vhpl44 1163942169
EN dmaw_mem_adr NULL /usr/local/src/progrape/demo/herm1/pgr/ISE_PROJECT.regifile.r2/dmaw_mem_adr.vhd sub01/vhpl116 1163942241
AR pg_pdelay_26_3 rtl /usr/local/src/progrape/demo/herm1/pgr/ISE_PROJECT.regifile.r2/pgpg_mem/pg_module.vhd sub00/vhpl85 1163942210
AR pg_fusub_26_16_expsub_0 rtl /usr/local/src/progrape/demo/herm1/pgr/ISE_PROJECT.regifile.r2/pgpg_mem/pg_module.vhd sub00/vhpl31 1163942156
EN fix_accum_reg_last_1 NULL /usr/local/src/progrape/demo/herm1/pgr/ISE_PROJECT.regifile.r2/pgpg_mem/pg_module.vhd sub00/vhpl78 1163942203
EN pg_fuadd_26_16_shift_0 NULL /usr/local/src/progrape/demo/herm1/pgr/ISE_PROJECT.regifile.r2/pgpg_mem/pg_module.vhd sub00/vhpl08 1163942133
AR setn rtl /usr/local/src/progrape/demo/herm1/pgr/ISE_PROJECT.regifile.r2/pgpg_mem/setn.vhd sub01/vhpl111 1163942236
AR dmaw_mem_we rtl /usr/local/src/progrape/demo/herm1/pgr/ISE_PROJECT.regifile.r2/dmaw_mem_we.vhd sub01/vhpl115 1163942240
EN pg_pdelay_26_11 NULL /usr/local/src/progrape/demo/herm1/pgr/ISE_PROJECT.regifile.r2/pgpg_mem/pg_module.vhd sub00/vhpl90 1163942215
AR pg_float_sqrt_26_16_3 rtl /usr/local/src/progrape/demo/herm1/pgr/ISE_PROJECT.regifile.r2/pgpg_mem/pg_module.vhd sub00/vhpl39 1163942164
AR pg_pdelay_26_23 rtl /usr/local/src/progrape/demo/herm1/pgr/ISE_PROJECT.regifile.r2/pgpg_mem/pg_module.vhd sub00/vhpl89 1163942214
EN dmar_mem_re NULL /usr/local/src/progrape/demo/herm1/pgr/ISE_PROJECT.regifile.r2/dmar_mem_re.vhd sub01/vhpl130 1163942255
EN pg_pdelay_26_23 NULL /usr/local/src/progrape/demo/herm1/pgr/ISE_PROJECT.regifile.r2/pgpg_mem/pg_module.vhd sub00/vhpl88 1163942213
AR dmaw_start_adr rtl /usr/local/src/progrape/demo/herm1/pgr/ISE_PROJECT.regifile.r2/dmaw_start_adr.vhd sub01/vhpl119 1163942244
EN pg_pdelay_26_24 NULL /usr/local/src/progrape/demo/herm1/pgr/ISE_PROJECT.regifile.r2/pgpg_mem/pg_module.vhd sub00/vhpl92 1163942217
AR pg_fuadd_26_16_shift_0 rtl /usr/local/src/progrape/demo/herm1/pgr/ISE_PROJECT.regifile.r2/pgpg_mem/pg_module.vhd sub00/vhpl09 1163942134
AR user rtl /usr/local/src/progrape/demo/herm1/pgr/ISE_PROJECT.regifile.r2/user.vhd sub01/vhpl141 1163942266
AR dmar_state rtl /usr/local/src/progrape/demo/herm1/pgr/ISE_PROJECT.regifile.r2/dmar_state.vhd sub01/vhpl125 1163942250
AR dmar rtl /usr/local/src/progrape/demo/herm1/pgr/ISE_PROJECT.regifile.r2/dmar.vhd sub01/vhpl139 1163942264
AR dmar_mem_adr rtl /usr/local/src/progrape/demo/herm1/pgr/ISE_PROJECT.regifile.r2/dmar_mem_adr.vhd sub01/vhpl129 1163942254
AR pg_conv_floattofix_shift_16_7_56_0 rtl /usr/local/src/progrape/demo/herm1/pgr/ISE_PROJECT.regifile.r2/pgpg_mem/pg_module.vhd sub00/vhpl75 1163942200
AR pg_float_sqrt_table_2itp_16_14_2 rtl /usr/local/src/progrape/demo/herm1/pgr/ISE_PROJECT.regifile.r2/pgpg_mem/pg_module.vhd sub00/vhpl41 1163942166
EN user NULL /usr/local/src/progrape/demo/herm1/pgr/ISE_PROJECT.regifile.r2/user.vhd sub01/vhpl140 1163942265
EN dmaw_mem_we NULL /usr/local/src/progrape/demo/herm1/pgr/ISE_PROJECT.regifile.r2/dmaw_mem_we.vhd sub01/vhpl114 1163942239
EN dmar_mem_adr NULL /usr/local/src/progrape/demo/herm1/pgr/ISE_PROJECT.regifile.r2/dmar_mem_adr.vhd sub01/vhpl128 1163942253
EN dmar_state NULL /usr/local/src/progrape/demo/herm1/pgr/ISE_PROJECT.regifile.r2/dmar_state.vhd sub01/vhpl124 1163942249
EN adr_dec NULL /usr/local/src/progrape/demo/herm1/pgr/ISE_PROJECT.regifile.r2/pgpg_mem/adr_dec.vhd sub01/vhpl100 1163942225
AR pg_fuadd_26_16_guard rtl /usr/local/src/progrape/demo/herm1/pgr/ISE_PROJECT.regifile.r2/pgpg_mem/pg_module.vhd sub00/vhpl11 1163942136
AR pg_umult_14_17_0 rtl /usr/local/src/progrape/demo/herm1/pgr/ISE_PROJECT.regifile.r2/pgpg_mem/pg_module.vhd sub00/vhpl43 1163942168
EN jmem NULL /usr/local/src/progrape/demo/herm1/pgr/ISE_PROJECT.regifile.r2/pgpg_mem/jmem.vhd sub01/vhpl112 1163942237
EN pg_umult_17_17_0 NULL /usr/local/src/progrape/demo/herm1/pgr/ISE_PROJECT.regifile.r2/pgpg_mem/pg_module.vhd sub00/vhpl34 1163942159
AR pg_float_rbit_mode6 rtl /usr/local/src/progrape/demo/herm1/pgr/ISE_PROJECT.regifile.r2/pgpg_mem/pg_module.vhd sub00/vhpl17 1163942142
AR dmaw_mem_adr rtl /usr/local/src/progrape/demo/herm1/pgr/ISE_PROJECT.regifile.r2/dmaw_mem_adr.vhd sub01/vhpl117 1163942242
AR pg_pdelay_26_4 rtl /usr/local/src/progrape/demo/herm1/pgr/ISE_PROJECT.regifile.r2/pgpg_mem/pg_module.vhd sub00/vhpl83 1163942208
EN pg_float_mult_26_16_2_6 NULL /usr/local/src/progrape/demo/herm1/pgr/ISE_PROJECT.regifile.r2/pgpg_mem/pg_module.vhd sub00/vhpl32 1163942157
EN dmar_start_adr NULL /usr/local/src/progrape/demo/herm1/pgr/ISE_PROJECT.regifile.r2/dmar_start_adr.vhd sub01/vhpl126 1163942251
EN pg_fuadd_26_16_adjust_0 NULL /usr/local/src/progrape/demo/herm1/pgr/ISE_PROJECT.regifile.r2/pgpg_mem/pg_module.vhd sub00/vhpl12 1163942137
EN dmar NULL /usr/local/src/progrape/demo/herm1/pgr/ISE_PROJECT.regifile.r2/dmar.vhd sub01/vhpl138 1163942263
EN pg_float_sqrt_26_16_3 NULL /usr/local/src/progrape/demo/herm1/pgr/ISE_PROJECT.regifile.r2/pgpg_mem/pg_module.vhd sub00/vhpl38 1163942163
EN calc NULL /usr/local/src/progrape/demo/herm1/pgr/ISE_PROJECT.regifile.r2/pgpg_mem/calc.vhd sub01/vhpl106 1163942231
