EN pipe_sts NULL /home/hamada/progrape/demo/grav1/pgr/ISE_PROJECT/pgpg_mem/pipe_sts.vhd sub00/vhpl74 1169616695
AR pipe_sts rtl /home/hamada/progrape/demo/grav1/pgr/ISE_PROJECT/pgpg_mem/pipe_sts.vhd sub00/vhpl75 1169616696
EN dmaw NULL /home/hamada/progrape/demo/grav1/pgr/ISE_PROJECT/dmaw.vhd sub01/vhpl102 1169616723
EN pg_pdelay_17_7 NULL /home/hamada/progrape/demo/grav1/pgr/ISE_PROJECT/pgpg_mem/pg_module.vhd sub00/vhpl58 1169616679
EN pg_lcell NULL /home/hamada/progrape/demo/grav1/pgr/ISE_PROJECT/pgpg_mem/pg_module.vhd sub00/vhpl64 1169616685
EN clk_muldiv NULL /home/hamada/progrape/demo/grav1/pgr/ISE_PROJECT/clk_muldiv.vhd sub01/vhpl100 1169616721
AR dmaw rtl /home/hamada/progrape/demo/grav1/pgr/ISE_PROJECT/dmaw.vhd sub01/vhpl103 1169616724
EN reged_shift_ltof_9_7_56_3 NULL /home/hamada/progrape/demo/grav1/pgr/ISE_PROJECT/pgpg_mem/pg_module.vhd sub00/vhpl48 1169616669
AR unreg_shift_ftol_30_10 rtl /home/hamada/progrape/demo/grav1/pgr/ISE_PROJECT/pgpg_mem/pg_module.vhd sub00/vhpl13 1169616634
EN pg_log_shift_m1 NULL /home/hamada/progrape/demo/grav1/pgr/ISE_PROJECT/pgpg_mem/pg_module.vhd sub00/vhpl34 1169616655
AR pg_lcell schematic /home/hamada/progrape/demo/grav1/pgr/ISE_PROJECT/pgpg_mem/pg_module.vhd sub00/vhpl65 1169616686
AR calc rtl /home/hamada/progrape/demo/grav1/pgr/ISE_PROJECT/pgpg_mem/calc.vhd sub00/vhpl73 1169616694
AR pg_adder_rca_sub_32_3 rtl /home/hamada/progrape/demo/grav1/pgr/ISE_PROJECT/pgpg_mem/pg_module.vhd sub00/vhpl05 1169616626
EN pg_adder_rca_sub_11_0 NULL /home/hamada/progrape/demo/grav1/pgr/ISE_PROJECT/pgpg_mem/pg_module.vhd sub00/vhpl30 1169616651
AR pg_adder_rca_sub_16_2 rtl /home/hamada/progrape/demo/grav1/pgr/ISE_PROJECT/pgpg_mem/pg_module.vhd sub00/vhpl43 1169616664
AR pg_fix_smaccum_57_64_4 rtl /home/hamada/progrape/demo/grav1/pgr/ISE_PROJECT/pgpg_mem/pg_module.vhd sub00/vhpl53 1169616674
AR lcell_rom_a106_6_10_1 rtl /home/hamada/progrape/demo/grav1/pgr/ISE_PROJECT/pgpg_mem/pg_module.vhd sub00/vhpl21 1169616642
EN setn NULL /home/hamada/progrape/demo/grav1/pgr/ISE_PROJECT/pgpg_mem/setn.vhd sub00/vhpl76 1169616697
AR lcell_rom_a906_6_9_1 rtl /home/hamada/progrape/demo/grav1/pgr/ISE_PROJECT/pgpg_mem/pg_module.vhd sub00/vhpl23 1169616644
AR clk_muldiv rtl /home/hamada/progrape/demo/grav1/pgr/ISE_PROJECT/clk_muldiv.vhd sub01/vhpl101 1169616722
EN penc_31_5 NULL /home/hamada/progrape/demo/grav1/pgr/ISE_PROJECT/pgpg_mem/pg_module.vhd sub00/vhpl10 1169616631
AR jmem rtl /home/hamada/progrape/demo/grav1/pgr/ISE_PROJECT/pgpg_mem/jmem.vhd sub00/vhpl79 1169616700
AR unreg_add_sub rtl /home/hamada/progrape/demo/grav1/pgr/ISE_PROJECT/pgpg_mem/pg_module.vhd sub00/vhpl09 1169616630
EN dpram NULL /home/hamada/progrape/demo/grav1/pgr/ISE_PROJECT/pgpg_mem/dpram.vhd sub00/vhpl00 1169616621
AR adr_dec rtl /home/hamada/progrape/demo/grav1/pgr/ISE_PROJECT/pgpg_mem/adr_dec.vhd sub00/vhpl67 1169616688
EN pg_pdelay_17_22 NULL /home/hamada/progrape/demo/grav1/pgr/ISE_PROJECT/pgpg_mem/pg_module.vhd sub00/vhpl62 1169616683
EN pg_log_unsigned_add_itp_17_8_6_9 NULL /home/hamada/progrape/demo/grav1/pgr/ISE_PROJECT/pgpg_mem/pg_module.vhd sub00/vhpl18 1169616639
EN pg_float_expadd_m31_17_8_1 NULL /home/hamada/progrape/demo/grav1/pgr/ISE_PROJECT/pgpg_mem/pg_module.vhd sub00/vhpl44 1169616665
EN pg_pdelay_17_27 NULL /home/hamada/progrape/demo/grav1/pgr/ISE_PROJECT/pgpg_mem/pg_module.vhd sub00/vhpl60 1169616681
EN pg_log_sdiv_17_2 NULL /home/hamada/progrape/demo/grav1/pgr/ISE_PROJECT/pgpg_mem/pg_module.vhd sub00/vhpl40 1169616661
AR dmar_start_adr rtl /home/hamada/progrape/demo/grav1/pgr/ISE_PROJECT/dmar_start_adr.vhd sub00/vhpl93 1169616714
EN pg_pipe NULL /home/hamada/progrape/demo/grav1/pgr/ISE_PROJECT/pgpg_mem/pg_pipe.vhd sub00/vhpl68 1169616689
AR dmaw_state rtl /home/hamada/progrape/demo/grav1/pgr/ISE_PROJECT/dmaw_state.vhd sub00/vhpl87 1169616708
AR dpram rtl /home/hamada/progrape/demo/grav1/pgr/ISE_PROJECT/pgpg_mem/dpram.vhd sub00/vhpl01 1169616622
EN pgpg_mem NULL /home/hamada/progrape/demo/grav1/pgr/ISE_PROJECT/pgpg_mem/pgpg_mem.vhd sub00/vhpl88 1169616709
AR pg_pdelay_17_22 rtl /home/hamada/progrape/demo/grav1/pgr/ISE_PROJECT/pgpg_mem/pg_module.vhd sub00/vhpl63 1169616684
AR pipe std /home/hamada/progrape/demo/grav1/pgr/ISE_PROJECT/pgpg_mem/pg_pipe.vhd sub00/vhpl71 1169616692
EN dmar_dbus_hiz NULL /home/hamada/progrape/demo/grav1/pgr/ISE_PROJECT/dmar_dbus_hiz.vhd sub00/vhpl98 1169616719
EN pg_adder_rca_add_15_2 NULL /home/hamada/progrape/demo/grav1/pgr/ISE_PROJECT/pgpg_mem/pg_module.vhd sub00/vhpl38 1169616659
EN dmaw_start_adr NULL /home/hamada/progrape/demo/grav1/pgr/ISE_PROJECT/dmaw_start_adr.vhd sub00/vhpl84 1169616705
EN unreg_add_sub NULL /home/hamada/progrape/demo/grav1/pgr/ISE_PROJECT/pgpg_mem/pg_module.vhd sub00/vhpl08 1169616629
EN top NULL /home/hamada/progrape/demo/grav1/pgr/ISE_PROJECT/top.vhd sub01/vhpl108 1169616729
AR top rtl /home/hamada/progrape/demo/grav1/pgr/ISE_PROJECT/top.vhd sub01/vhpl109 1169616730
EN pg_fix_smaccum_57_64_4 NULL /home/hamada/progrape/demo/grav1/pgr/ISE_PROJECT/pgpg_mem/pg_module.vhd sub00/vhpl52 1169616673
AR dmar_mem_re rtl /home/hamada/progrape/demo/grav1/pgr/ISE_PROJECT/dmar_mem_re.vhd sub00/vhpl97 1169616718
AR pg_log_unsigned_add_itp_17_8_6_9 rtl /home/hamada/progrape/demo/grav1/pgr/ISE_PROJECT/pgpg_mem/pg_module.vhd sub00/vhpl19 1169616640
AR pg_adder_rca_add_16_1 rtl /home/hamada/progrape/demo/grav1/pgr/ISE_PROJECT/pgpg_mem/pg_module.vhd sub00/vhpl33 1169616654
EN fix_accum_reg_1 NULL /home/hamada/progrape/demo/grav1/pgr/ISE_PROJECT/pgpg_mem/pg_module.vhd sub00/vhpl54 1169616675
EN pg_adder_rca_sub_32_3 NULL /home/hamada/progrape/demo/grav1/pgr/ISE_PROJECT/pgpg_mem/pg_module.vhd sub00/vhpl04 1169616625
AR pg_log_shift_m1 rtl /home/hamada/progrape/demo/grav1/pgr/ISE_PROJECT/pgpg_mem/pg_module.vhd sub00/vhpl35 1169616656
EN pipe NULL /home/hamada/progrape/demo/grav1/pgr/ISE_PROJECT/pgpg_mem/pg_pipe.vhd sub00/vhpl70 1169616691
EN pg_adder_rca_add_16_1 NULL /home/hamada/progrape/demo/grav1/pgr/ISE_PROJECT/pgpg_mem/pg_module.vhd sub00/vhpl32 1169616653
AR pg_pdelay_17_27 rtl /home/hamada/progrape/demo/grav1/pgr/ISE_PROJECT/pgpg_mem/pg_module.vhd sub00/vhpl61 1169616682
EN pg_conv_ltof_17_8_57_5 NULL /home/hamada/progrape/demo/grav1/pgr/ISE_PROJECT/pgpg_mem/pg_module.vhd sub00/vhpl46 1169616667
AR pg_conv_ltof_17_8_57_5 rtl /home/hamada/progrape/demo/grav1/pgr/ISE_PROJECT/pgpg_mem/pg_module.vhd sub00/vhpl47 1169616668
EN pg_log_unsigned_add_umult_6_9_2 NULL /home/hamada/progrape/demo/grav1/pgr/ISE_PROJECT/pgpg_mem/pg_module.vhd sub00/vhpl24 1169616645
AR pg_log_unsigned_add_umult_6_9_2 rtl /home/hamada/progrape/demo/grav1/pgr/ISE_PROJECT/pgpg_mem/pg_module.vhd sub00/vhpl25 1169616646
AR fix_accum_reg_last_1 rtl /home/hamada/progrape/demo/grav1/pgr/ISE_PROJECT/pgpg_mem/pg_module.vhd sub00/vhpl57 1169616678
EN bram_rom_8f28_8_8_1 NULL /home/hamada/progrape/demo/grav1/pgr/ISE_PROJECT/pgpg_mem/pg_module.vhd sub00/vhpl50 1169616671
AR pg_log_shift_1 rtl /home/hamada/progrape/demo/grav1/pgr/ISE_PROJECT/pgpg_mem/pg_module.vhd sub00/vhpl17 1169616638
AR pgpg_mem rtl /home/hamada/progrape/demo/grav1/pgr/ISE_PROJECT/pgpg_mem/pgpg_mem.vhd sub00/vhpl89 1169616710
AR reged_shift_ltof_9_7_56_3 rtl /home/hamada/progrape/demo/grav1/pgr/ISE_PROJECT/pgpg_mem/pg_module.vhd sub00/vhpl49 1169616670
AR pg_pipe std /home/hamada/progrape/demo/grav1/pgr/ISE_PROJECT/pgpg_mem/pg_pipe.vhd sub00/vhpl69 1169616690
EN unreg_shift_ftol_30_10 NULL /home/hamada/progrape/demo/grav1/pgr/ISE_PROJECT/pgpg_mem/pg_module.vhd sub00/vhpl12 1169616633
EN dmaw_state NULL /home/hamada/progrape/demo/grav1/pgr/ISE_PROJECT/dmaw_state.vhd sub00/vhpl86 1169616707
AR dmar_dbus_hiz rtl /home/hamada/progrape/demo/grav1/pgr/ISE_PROJECT/dmar_dbus_hiz.vhd sub00/vhpl99 1169616720
EN pg_log_mul_17_2 NULL /home/hamada/progrape/demo/grav1/pgr/ISE_PROJECT/pgpg_mem/pg_module.vhd sub00/vhpl36 1169616657
EN pg_conv_ftol_32_17_8_4 NULL /home/hamada/progrape/demo/grav1/pgr/ISE_PROJECT/pgpg_mem/pg_module.vhd sub00/vhpl06 1169616627
EN dmaw_mem_adr NULL /home/hamada/progrape/demo/grav1/pgr/ISE_PROJECT/dmaw_mem_adr.vhd sub00/vhpl82 1169616703
EN fix_accum_reg_last_1 NULL /home/hamada/progrape/demo/grav1/pgr/ISE_PROJECT/pgpg_mem/pg_module.vhd sub00/vhpl56 1169616677
AR penc_31_5 rtl /home/hamada/progrape/demo/grav1/pgr/ISE_PROJECT/pgpg_mem/pg_module.vhd sub00/vhpl11 1169616632
EN pg_adder_rca_sub_16_1 NULL /home/hamada/progrape/demo/grav1/pgr/ISE_PROJECT/pgpg_mem/pg_module.vhd sub00/vhpl28 1169616649
EN pg_adder_rca_sub_16_2 NULL /home/hamada/progrape/demo/grav1/pgr/ISE_PROJECT/pgpg_mem/pg_module.vhd sub00/vhpl42 1169616663
AR setn rtl /home/hamada/progrape/demo/grav1/pgr/ISE_PROJECT/pgpg_mem/setn.vhd sub00/vhpl77 1169616698
AR pg_log_sdiv_17_2 rtl /home/hamada/progrape/demo/grav1/pgr/ISE_PROJECT/pgpg_mem/pg_module.vhd sub00/vhpl41 1169616662
EN pg_fix_sub_32_3 NULL /home/hamada/progrape/demo/grav1/pgr/ISE_PROJECT/pgpg_mem/pg_module.vhd sub00/vhpl02 1169616623
AR pg_log_mul_17_2 rtl /home/hamada/progrape/demo/grav1/pgr/ISE_PROJECT/pgpg_mem/pg_module.vhd sub00/vhpl37 1169616658
AR dmaw_mem_we rtl /home/hamada/progrape/demo/grav1/pgr/ISE_PROJECT/dmaw_mem_we.vhd sub00/vhpl81 1169616702
EN lcell_rom_a906_6_9_1 NULL /home/hamada/progrape/demo/grav1/pgr/ISE_PROJECT/pgpg_mem/pg_module.vhd sub00/vhpl22 1169616643
AR pg_adder_rca_add_15_2 rtl /home/hamada/progrape/demo/grav1/pgr/ISE_PROJECT/pgpg_mem/pg_module.vhd sub00/vhpl39 1169616660
AR pg_float_expadd_m31_17_8_1 rtl /home/hamada/progrape/demo/grav1/pgr/ISE_PROJECT/pgpg_mem/pg_module.vhd sub00/vhpl45 1169616666
AR bram_rom_8408_10_8_1 rtl /home/hamada/progrape/demo/grav1/pgr/ISE_PROJECT/pgpg_mem/pg_module.vhd sub00/vhpl15 1169616636
AR pg_adder_rca_sub_17_1 rtl /home/hamada/progrape/demo/grav1/pgr/ISE_PROJECT/pgpg_mem/pg_module.vhd sub00/vhpl27 1169616648
EN dmar_mem_re NULL /home/hamada/progrape/demo/grav1/pgr/ISE_PROJECT/dmar_mem_re.vhd sub00/vhpl96 1169616717
AR pg_conv_ftol_32_17_8_4 rtl /home/hamada/progrape/demo/grav1/pgr/ISE_PROJECT/pgpg_mem/pg_module.vhd sub00/vhpl07 1169616628
AR pg_adder_rca_sub_11_0 rtl /home/hamada/progrape/demo/grav1/pgr/ISE_PROJECT/pgpg_mem/pg_module.vhd sub00/vhpl31 1169616652
AR dmaw_start_adr rtl /home/hamada/progrape/demo/grav1/pgr/ISE_PROJECT/dmaw_start_adr.vhd sub00/vhpl85 1169616706
AR dmar_state rtl /home/hamada/progrape/demo/grav1/pgr/ISE_PROJECT/dmar_state.vhd sub00/vhpl91 1169616712
AR user rtl /home/hamada/progrape/demo/grav1/pgr/ISE_PROJECT/user.vhd sub01/vhpl107 1169616728
EN pg_log_shift_1 NULL /home/hamada/progrape/demo/grav1/pgr/ISE_PROJECT/pgpg_mem/pg_module.vhd sub00/vhpl16 1169616637
AR dmar rtl /home/hamada/progrape/demo/grav1/pgr/ISE_PROJECT/dmar.vhd sub01/vhpl105 1169616726
AR pg_pdelay_17_7 rtl /home/hamada/progrape/demo/grav1/pgr/ISE_PROJECT/pgpg_mem/pg_module.vhd sub00/vhpl59 1169616680
AR pg_adder_rca_sub_16_1 rtl /home/hamada/progrape/demo/grav1/pgr/ISE_PROJECT/pgpg_mem/pg_module.vhd sub00/vhpl29 1169616650
AR dmar_mem_adr rtl /home/hamada/progrape/demo/grav1/pgr/ISE_PROJECT/dmar_mem_adr.vhd sub00/vhpl95 1169616716
EN user NULL /home/hamada/progrape/demo/grav1/pgr/ISE_PROJECT/user.vhd sub01/vhpl106 1169616727
EN pg_adder_rca_sub_17_1 NULL /home/hamada/progrape/demo/grav1/pgr/ISE_PROJECT/pgpg_mem/pg_module.vhd sub00/vhpl26 1169616647
AR pg_fix_sub_32_3 rtl /home/hamada/progrape/demo/grav1/pgr/ISE_PROJECT/pgpg_mem/pg_module.vhd sub00/vhpl03 1169616624
EN bram_rom_8408_10_8_1 NULL /home/hamada/progrape/demo/grav1/pgr/ISE_PROJECT/pgpg_mem/pg_module.vhd sub00/vhpl14 1169616635
EN dmaw_mem_we NULL /home/hamada/progrape/demo/grav1/pgr/ISE_PROJECT/dmaw_mem_we.vhd sub00/vhpl80 1169616701
EN dmar_mem_adr NULL /home/hamada/progrape/demo/grav1/pgr/ISE_PROJECT/dmar_mem_adr.vhd sub00/vhpl94 1169616715
EN dmar_state NULL /home/hamada/progrape/demo/grav1/pgr/ISE_PROJECT/dmar_state.vhd sub00/vhpl90 1169616711
EN adr_dec NULL /home/hamada/progrape/demo/grav1/pgr/ISE_PROJECT/pgpg_mem/adr_dec.vhd sub00/vhpl66 1169616687
EN lcell_rom_a106_6_10_1 NULL /home/hamada/progrape/demo/grav1/pgr/ISE_PROJECT/pgpg_mem/pg_module.vhd sub00/vhpl20 1169616641
EN jmem NULL /home/hamada/progrape/demo/grav1/pgr/ISE_PROJECT/pgpg_mem/jmem.vhd sub00/vhpl78 1169616699
AR dmaw_mem_adr rtl /home/hamada/progrape/demo/grav1/pgr/ISE_PROJECT/dmaw_mem_adr.vhd sub00/vhpl83 1169616704
AR fix_accum_reg_1 rtl /home/hamada/progrape/demo/grav1/pgr/ISE_PROJECT/pgpg_mem/pg_module.vhd sub00/vhpl55 1169616676
EN dmar_start_adr NULL /home/hamada/progrape/demo/grav1/pgr/ISE_PROJECT/dmar_start_adr.vhd sub00/vhpl92 1169616713
EN dmar NULL /home/hamada/progrape/demo/grav1/pgr/ISE_PROJECT/dmar.vhd sub01/vhpl104 1169616725
AR bram_rom_8f28_8_8_1 rtl /home/hamada/progrape/demo/grav1/pgr/ISE_PROJECT/pgpg_mem/pg_module.vhd sub00/vhpl51 1169616672
EN calc NULL /home/hamada/progrape/demo/grav1/pgr/ISE_PROJECT/pgpg_mem/calc.vhd sub00/vhpl72 1169616693
