V3 193
FL /home/hamada/progrape/demo/grav1/pgr/ISE_PROJECT/pgpg_mem/jmem.vhd 2007/01/24.01:03:09 I.27
EN work/jmem 1169616699 \
      FL /home/hamada/progrape/demo/grav1/pgr/ISE_PROJECT/pgpg_mem/jmem.vhd \
      PB ieee/std_logic_1164 1140839709 PB ieee/std_logic_arith 1140839711 \
      PB ieee/STD_LOGIC_UNSIGNED 1140839715
AR work/jmem/rtl 1169616700 \
      FL /home/hamada/progrape/demo/grav1/pgr/ISE_PROJECT/pgpg_mem/jmem.vhd \
      EN work/jmem 1169616699 CP dpram
FL /home/hamada/progrape/demo/grav1/pgr/ISE_PROJECT/pgpg_mem/pg_module.vhd 2007/01/24.01:03:10 I.27
EN work/pg_fix_sub_32_3 1169616623 \
      FL /home/hamada/progrape/demo/grav1/pgr/ISE_PROJECT/pgpg_mem/pg_module.vhd \
      PB ieee/std_logic_1164 1140839709
AR work/pg_fix_sub_32_3/rtl 1169616624 \
      FL /home/hamada/progrape/demo/grav1/pgr/ISE_PROJECT/pgpg_mem/pg_module.vhd \
      EN work/pg_fix_sub_32_3 1169616623 CP pg_adder_RCA_SUB_32_3
EN work/pg_adder_RCA_SUB_32_3 1169616625 \
      FL /home/hamada/progrape/demo/grav1/pgr/ISE_PROJECT/pgpg_mem/pg_module.vhd \
      PB ieee/std_logic_1164 1140839709 PB ieee/std_logic_arith 1140839711 \
      PB ieee/STD_LOGIC_UNSIGNED 1140839715
AR work/pg_adder_RCA_SUB_32_3/rtl 1169616626 \
      FL /home/hamada/progrape/demo/grav1/pgr/ISE_PROJECT/pgpg_mem/pg_module.vhd \
      EN work/pg_adder_RCA_SUB_32_3 1169616625
EN work/pg_conv_ftol_32_17_8_4 1169616627 \
      FL /home/hamada/progrape/demo/grav1/pgr/ISE_PROJECT/pgpg_mem/pg_module.vhd \
      PB ieee/std_logic_1164 1140839709
AR work/pg_conv_ftol_32_17_8_4/rtl 1169616628 \
      FL /home/hamada/progrape/demo/grav1/pgr/ISE_PROJECT/pgpg_mem/pg_module.vhd \
      EN work/pg_conv_ftol_32_17_8_4 1169616627 CP unreg_add_sub CP penc_31_5 \
      CP unreg_shift_ftol_30_10 CP bram_rom_8408_10_8_1
EN work/unreg_add_sub 1169616629 \
      FL /home/hamada/progrape/demo/grav1/pgr/ISE_PROJECT/pgpg_mem/pg_module.vhd \
      PB ieee/std_logic_1164 1140839709 PB ieee/std_logic_arith 1140839711 \
      PB ieee/STD_LOGIC_UNSIGNED 1140839715
AR work/unreg_add_sub/rtl 1169616630 \
      FL /home/hamada/progrape/demo/grav1/pgr/ISE_PROJECT/pgpg_mem/pg_module.vhd \
      EN work/unreg_add_sub 1169616629
EN work/penc_31_5 1169616631 \
      FL /home/hamada/progrape/demo/grav1/pgr/ISE_PROJECT/pgpg_mem/pg_module.vhd \
      PB ieee/std_logic_1164 1140839709
AR work/penc_31_5/rtl 1169616632 \
      FL /home/hamada/progrape/demo/grav1/pgr/ISE_PROJECT/pgpg_mem/pg_module.vhd \
      EN work/penc_31_5 1169616631
EN work/unreg_shift_ftol_30_10 1169616633 \
      FL /home/hamada/progrape/demo/grav1/pgr/ISE_PROJECT/pgpg_mem/pg_module.vhd \
      PB ieee/std_logic_1164 1140839709
AR work/unreg_shift_ftol_30_10/rtl 1169616634 \
      FL /home/hamada/progrape/demo/grav1/pgr/ISE_PROJECT/pgpg_mem/pg_module.vhd \
      EN work/unreg_shift_ftol_30_10 1169616633
EN work/bram_rom_8408_10_8_1 1169616635 \
      FL /home/hamada/progrape/demo/grav1/pgr/ISE_PROJECT/pgpg_mem/pg_module.vhd \
      PB ieee/std_logic_1164 1140839709 PB ieee/std_logic_arith 1140839711 \
      PB ieee/STD_LOGIC_UNSIGNED 1140839715
AR work/bram_rom_8408_10_8_1/rtl 1169616636 \
      FL /home/hamada/progrape/demo/grav1/pgr/ISE_PROJECT/pgpg_mem/pg_module.vhd \
      EN work/bram_rom_8408_10_8_1 1169616635
EN work/pg_log_shift_1 1169616637 \
      FL /home/hamada/progrape/demo/grav1/pgr/ISE_PROJECT/pgpg_mem/pg_module.vhd \
      PB ieee/std_logic_1164 1140839709
AR work/pg_log_shift_1/rtl 1169616638 \
      FL /home/hamada/progrape/demo/grav1/pgr/ISE_PROJECT/pgpg_mem/pg_module.vhd \
      EN work/pg_log_shift_1 1169616637
EN work/pg_log_unsigned_add_itp_17_8_6_9 1169616639 \
      FL /home/hamada/progrape/demo/grav1/pgr/ISE_PROJECT/pgpg_mem/pg_module.vhd \
      PB ieee/std_logic_1164 1140839709
AR work/pg_log_unsigned_add_itp_17_8_6_9/rtl 1169616640 \
      FL /home/hamada/progrape/demo/grav1/pgr/ISE_PROJECT/pgpg_mem/pg_module.vhd \
      EN work/pg_log_unsigned_add_itp_17_8_6_9 1169616639 CP pg_adder_RCA_SUB_17_1 \
      CP pg_adder_RCA_SUB_16_1 CP lcell_rom_a106_6_10_1 CP lcell_rom_a906_6_9_1 \
      CP pg_log_unsigned_add_umult_6_9_2 CP pg_adder_RCA_SUB_11_0 \
      CP pg_adder_RCA_ADD_16_1
EN work/lcell_rom_a106_6_10_1 1169616641 \
      FL /home/hamada/progrape/demo/grav1/pgr/ISE_PROJECT/pgpg_mem/pg_module.vhd \
      PB ieee/std_logic_1164 1140839709
AR work/lcell_rom_a106_6_10_1/rtl 1169616642 \
      FL /home/hamada/progrape/demo/grav1/pgr/ISE_PROJECT/pgpg_mem/pg_module.vhd \
      EN work/lcell_rom_a106_6_10_1 1169616641 CP pg_lcell
EN work/lcell_rom_a906_6_9_1 1169616643 \
      FL /home/hamada/progrape/demo/grav1/pgr/ISE_PROJECT/pgpg_mem/pg_module.vhd \
      PB ieee/std_logic_1164 1140839709
AR work/lcell_rom_a906_6_9_1/rtl 1169616644 \
      FL /home/hamada/progrape/demo/grav1/pgr/ISE_PROJECT/pgpg_mem/pg_module.vhd \
      EN work/lcell_rom_a906_6_9_1 1169616643 CP pg_lcell
EN work/pg_log_unsigned_add_umult_6_9_2 1169616645 \
      FL /home/hamada/progrape/demo/grav1/pgr/ISE_PROJECT/pgpg_mem/pg_module.vhd \
      PB ieee/std_logic_1164 1140839709 PB ieee/std_logic_arith 1140839711 \
      PB ieee/STD_LOGIC_UNSIGNED 1140839715
AR work/pg_log_unsigned_add_umult_6_9_2/rtl 1169616646 \
      FL /home/hamada/progrape/demo/grav1/pgr/ISE_PROJECT/pgpg_mem/pg_module.vhd \
      EN work/pg_log_unsigned_add_umult_6_9_2 1169616645
EN work/pg_adder_RCA_SUB_17_1 1169616647 \
      FL /home/hamada/progrape/demo/grav1/pgr/ISE_PROJECT/pgpg_mem/pg_module.vhd \
      PB ieee/std_logic_1164 1140839709 PB ieee/std_logic_arith 1140839711 \
      PB ieee/STD_LOGIC_UNSIGNED 1140839715
AR work/pg_adder_RCA_SUB_17_1/rtl 1169616648 \
      FL /home/hamada/progrape/demo/grav1/pgr/ISE_PROJECT/pgpg_mem/pg_module.vhd \
      EN work/pg_adder_RCA_SUB_17_1 1169616647
EN work/pg_adder_RCA_SUB_16_1 1169616649 \
      FL /home/hamada/progrape/demo/grav1/pgr/ISE_PROJECT/pgpg_mem/pg_module.vhd \
      PB ieee/std_logic_1164 1140839709 PB ieee/std_logic_arith 1140839711 \
      PB ieee/STD_LOGIC_UNSIGNED 1140839715
AR work/pg_adder_RCA_SUB_16_1/rtl 1169616650 \
      FL /home/hamada/progrape/demo/grav1/pgr/ISE_PROJECT/pgpg_mem/pg_module.vhd \
      EN work/pg_adder_RCA_SUB_16_1 1169616649
EN work/pg_adder_RCA_SUB_11_0 1169616651 \
      FL /home/hamada/progrape/demo/grav1/pgr/ISE_PROJECT/pgpg_mem/pg_module.vhd \
      PB ieee/std_logic_1164 1140839709 PB ieee/std_logic_arith 1140839711 \
      PB ieee/STD_LOGIC_UNSIGNED 1140839715
AR work/pg_adder_RCA_SUB_11_0/rtl 1169616652 \
      FL /home/hamada/progrape/demo/grav1/pgr/ISE_PROJECT/pgpg_mem/pg_module.vhd \
      EN work/pg_adder_RCA_SUB_11_0 1169616651
EN work/pg_adder_RCA_ADD_16_1 1169616653 \
      FL /home/hamada/progrape/demo/grav1/pgr/ISE_PROJECT/pgpg_mem/pg_module.vhd \
      PB ieee/std_logic_1164 1140839709 PB ieee/std_logic_arith 1140839711 \
      PB ieee/STD_LOGIC_UNSIGNED 1140839715
AR work/pg_adder_RCA_ADD_16_1/rtl 1169616654 \
      FL /home/hamada/progrape/demo/grav1/pgr/ISE_PROJECT/pgpg_mem/pg_module.vhd \
      EN work/pg_adder_RCA_ADD_16_1 1169616653
EN work/pg_log_shift_m1 1169616655 \
      FL /home/hamada/progrape/demo/grav1/pgr/ISE_PROJECT/pgpg_mem/pg_module.vhd \
      PB ieee/std_logic_1164 1140839709
AR work/pg_log_shift_m1/rtl 1169616656 \
      FL /home/hamada/progrape/demo/grav1/pgr/ISE_PROJECT/pgpg_mem/pg_module.vhd \
      EN work/pg_log_shift_m1 1169616655
EN work/pg_log_mul_17_2 1169616657 \
      FL /home/hamada/progrape/demo/grav1/pgr/ISE_PROJECT/pgpg_mem/pg_module.vhd \
      PB ieee/std_logic_1164 1140839709
AR work/pg_log_mul_17_2/rtl 1169616658 \
      FL /home/hamada/progrape/demo/grav1/pgr/ISE_PROJECT/pgpg_mem/pg_module.vhd \
      EN work/pg_log_mul_17_2 1169616657 CP pg_adder_RCA_ADD_15_2
EN work/pg_adder_RCA_ADD_15_2 1169616659 \
      FL /home/hamada/progrape/demo/grav1/pgr/ISE_PROJECT/pgpg_mem/pg_module.vhd \
      PB ieee/std_logic_1164 1140839709 PB ieee/std_logic_arith 1140839711 \
      PB ieee/STD_LOGIC_UNSIGNED 1140839715
AR work/pg_adder_RCA_ADD_15_2/rtl 1169616660 \
      FL /home/hamada/progrape/demo/grav1/pgr/ISE_PROJECT/pgpg_mem/pg_module.vhd \
      EN work/pg_adder_RCA_ADD_15_2 1169616659
EN work/pg_log_sdiv_17_2 1169616661 \
      FL /home/hamada/progrape/demo/grav1/pgr/ISE_PROJECT/pgpg_mem/pg_module.vhd \
      PB ieee/std_logic_1164 1140839709
AR work/pg_log_sdiv_17_2/rtl 1169616662 \
      FL /home/hamada/progrape/demo/grav1/pgr/ISE_PROJECT/pgpg_mem/pg_module.vhd \
      EN work/pg_log_sdiv_17_2 1169616661 CP pg_adder_RCA_SUB_16_2
EN work/pg_adder_RCA_SUB_16_2 1169616663 \
      FL /home/hamada/progrape/demo/grav1/pgr/ISE_PROJECT/pgpg_mem/pg_module.vhd \
      PB ieee/std_logic_1164 1140839709 PB ieee/std_logic_arith 1140839711 \
      PB ieee/STD_LOGIC_UNSIGNED 1140839715
AR work/pg_adder_RCA_SUB_16_2/rtl 1169616664 \
      FL /home/hamada/progrape/demo/grav1/pgr/ISE_PROJECT/pgpg_mem/pg_module.vhd \
      EN work/pg_adder_RCA_SUB_16_2 1169616663
EN work/pg_float_expadd_m31_17_8_1 1169616665 \
      FL /home/hamada/progrape/demo/grav1/pgr/ISE_PROJECT/pgpg_mem/pg_module.vhd \
      PB ieee/std_logic_1164 1140839709 PB ieee/STD_LOGIC_UNSIGNED 1140839715
AR work/pg_float_expadd_m31_17_8_1/rtl 1169616666 \
      FL /home/hamada/progrape/demo/grav1/pgr/ISE_PROJECT/pgpg_mem/pg_module.vhd \
      EN work/pg_float_expadd_m31_17_8_1 1169616665
EN work/pg_conv_ltof_17_8_57_5 1169616667 \
      FL /home/hamada/progrape/demo/grav1/pgr/ISE_PROJECT/pgpg_mem/pg_module.vhd \
      PB ieee/std_logic_1164 1140839709
AR work/pg_conv_ltof_17_8_57_5/rtl 1169616668 \
      FL /home/hamada/progrape/demo/grav1/pgr/ISE_PROJECT/pgpg_mem/pg_module.vhd \
      EN work/pg_conv_ltof_17_8_57_5 1169616667 CP bram_rom_8f28_8_8_1 \
      CP reged_shift_ltof_9_7_56_3
EN work/reged_shift_ltof_9_7_56_3 1169616669 \
      FL /home/hamada/progrape/demo/grav1/pgr/ISE_PROJECT/pgpg_mem/pg_module.vhd \
      PB ieee/std_logic_1164 1140839709
AR work/reged_shift_ltof_9_7_56_3/rtl 1169616670 \
      FL /home/hamada/progrape/demo/grav1/pgr/ISE_PROJECT/pgpg_mem/pg_module.vhd \
      EN work/reged_shift_ltof_9_7_56_3 1169616669
EN work/bram_rom_8f28_8_8_1 1169616671 \
      FL /home/hamada/progrape/demo/grav1/pgr/ISE_PROJECT/pgpg_mem/pg_module.vhd \
      PB ieee/std_logic_1164 1140839709 PB ieee/std_logic_arith 1140839711 \
      PB ieee/STD_LOGIC_UNSIGNED 1140839715
AR work/bram_rom_8f28_8_8_1/rtl 1169616672 \
      FL /home/hamada/progrape/demo/grav1/pgr/ISE_PROJECT/pgpg_mem/pg_module.vhd \
      EN work/bram_rom_8f28_8_8_1 1169616671
EN work/pg_fix_smaccum_57_64_4 1169616673 \
      FL /home/hamada/progrape/demo/grav1/pgr/ISE_PROJECT/pgpg_mem/pg_module.vhd \
      PB ieee/std_logic_1164 1140839709 PB ieee/STD_LOGIC_UNSIGNED 1140839715
AR work/pg_fix_smaccum_57_64_4/rtl 1169616674 \
      FL /home/hamada/progrape/demo/grav1/pgr/ISE_PROJECT/pgpg_mem/pg_module.vhd \
      EN work/pg_fix_smaccum_57_64_4 1169616673 CP fix_accum_reg_1 \
      CP fix_accum_reg_last_1
EN work/fix_accum_reg_1 1169616675 \
      FL /home/hamada/progrape/demo/grav1/pgr/ISE_PROJECT/pgpg_mem/pg_module.vhd \
      PB ieee/std_logic_1164 1140839709 PB ieee/std_logic_arith 1140839711 \
      PB ieee/STD_LOGIC_UNSIGNED 1140839715
AR work/fix_accum_reg_1/rtl 1169616676 \
      FL /home/hamada/progrape/demo/grav1/pgr/ISE_PROJECT/pgpg_mem/pg_module.vhd \
      EN work/fix_accum_reg_1 1169616675
EN work/fix_accum_reg_last_1 1169616677 \
      FL /home/hamada/progrape/demo/grav1/pgr/ISE_PROJECT/pgpg_mem/pg_module.vhd \
      PB ieee/std_logic_1164 1140839709 PB ieee/std_logic_arith 1140839711 \
      PB ieee/STD_LOGIC_UNSIGNED 1140839715
AR work/fix_accum_reg_last_1/rtl 1169616678 \
      FL /home/hamada/progrape/demo/grav1/pgr/ISE_PROJECT/pgpg_mem/pg_module.vhd \
      EN work/fix_accum_reg_last_1 1169616677
EN work/pg_pdelay_17_7 1169616679 \
      FL /home/hamada/progrape/demo/grav1/pgr/ISE_PROJECT/pgpg_mem/pg_module.vhd \
      PB ieee/std_logic_1164 1140839709
AR work/pg_pdelay_17_7/rtl 1169616680 \
      FL /home/hamada/progrape/demo/grav1/pgr/ISE_PROJECT/pgpg_mem/pg_module.vhd \
      EN work/pg_pdelay_17_7 1169616679
EN work/pg_pdelay_17_27 1169616681 \
      FL /home/hamada/progrape/demo/grav1/pgr/ISE_PROJECT/pgpg_mem/pg_module.vhd \
      PB ieee/std_logic_1164 1140839709
AR work/pg_pdelay_17_27/rtl 1169616682 \
      FL /home/hamada/progrape/demo/grav1/pgr/ISE_PROJECT/pgpg_mem/pg_module.vhd \
      EN work/pg_pdelay_17_27 1169616681
EN work/pg_pdelay_17_22 1169616683 \
      FL /home/hamada/progrape/demo/grav1/pgr/ISE_PROJECT/pgpg_mem/pg_module.vhd \
      PB ieee/std_logic_1164 1140839709
AR work/pg_pdelay_17_22/rtl 1169616684 \
      FL /home/hamada/progrape/demo/grav1/pgr/ISE_PROJECT/pgpg_mem/pg_module.vhd \
      EN work/pg_pdelay_17_22 1169616683
EN work/pg_lcell 1169616685 \
      FL /home/hamada/progrape/demo/grav1/pgr/ISE_PROJECT/pgpg_mem/pg_module.vhd \
      PB ieee/std_logic_1164 1140839709 PH ieee/NUMERIC_STD 1140839720 LB UNISIM \
      PH unisim/VCOMPONENTS 1142233852
AR work/pg_lcell/schematic 1169616686 \
      FL /home/hamada/progrape/demo/grav1/pgr/ISE_PROJECT/pgpg_mem/pg_module.vhd \
      EN work/pg_lcell 1169616685 CP LUT4
FL /home/hamada/progrape/demo/grav1/pgr/ISE_PROJECT/pgpg_mem/adr_dec.vhd 2007/01/24.01:03:08 I.27
EN work/adr_dec 1169616687 \
      FL /home/hamada/progrape/demo/grav1/pgr/ISE_PROJECT/pgpg_mem/adr_dec.vhd \
      PB ieee/std_logic_1164 1140839709 PB ieee/std_logic_arith 1140839711 \
      PB ieee/STD_LOGIC_UNSIGNED 1140839715
AR work/adr_dec/rtl 1169616688 \
      FL /home/hamada/progrape/demo/grav1/pgr/ISE_PROJECT/pgpg_mem/adr_dec.vhd \
      EN work/adr_dec 1169616687
FL /home/hamada/progrape/demo/grav1/pgr/ISE_PROJECT/dmaw_start_adr.vhd 2007/01/24.01:04:20 I.27
EN work/dmaw_start_adr 1169616705 \
      FL /home/hamada/progrape/demo/grav1/pgr/ISE_PROJECT/dmaw_start_adr.vhd \
      PB ieee/std_logic_1164 1140839709 PB ieee/STD_LOGIC_UNSIGNED 1140839715
AR work/dmaw_start_adr/rtl 1169616706 \
      FL /home/hamada/progrape/demo/grav1/pgr/ISE_PROJECT/dmaw_start_adr.vhd \
      EN work/dmaw_start_adr 1169616705
FL /home/hamada/progrape/demo/grav1/pgr/ISE_PROJECT/user.vhd 2007/01/24.01:04:32 I.27
EN work/user 1169616727            FL /home/hamada/progrape/demo/grav1/pgr/ISE_PROJECT/user.vhd \
      PB ieee/std_logic_1164 1140839709 PB ieee/STD_LOGIC_UNSIGNED 1140839715
AR work/user/rtl 1169616728        FL /home/hamada/progrape/demo/grav1/pgr/ISE_PROJECT/user.vhd \
      EN work/user 1169616727 CP pgpg_mem
FL /home/hamada/progrape/demo/grav1/pgr/ISE_PROJECT/dmar_dbus_hiz.vhd 2007/01/24.01:04:17 I.27
EN work/dmar_dbus_hiz 1169616719 \
      FL /home/hamada/progrape/demo/grav1/pgr/ISE_PROJECT/dmar_dbus_hiz.vhd \
      PB ieee/std_logic_1164 1140839709
AR work/dmar_dbus_hiz/rtl 1169616720 \
      FL /home/hamada/progrape/demo/grav1/pgr/ISE_PROJECT/dmar_dbus_hiz.vhd \
      EN work/dmar_dbus_hiz 1169616719
FL /home/hamada/progrape/demo/grav1/pgr/ISE_PROJECT/pgpg_mem/pipe_sts.vhd 2007/01/24.01:03:10 I.27
EN work/pipe_sts 1169616695 \
      FL /home/hamada/progrape/demo/grav1/pgr/ISE_PROJECT/pgpg_mem/pipe_sts.vhd \
      PB ieee/std_logic_1164 1140839709 PB ieee/std_logic_arith 1140839711 \
      PB ieee/STD_LOGIC_UNSIGNED 1140839715
AR work/pipe_sts/rtl 1169616696 \
      FL /home/hamada/progrape/demo/grav1/pgr/ISE_PROJECT/pgpg_mem/pipe_sts.vhd \
      EN work/pipe_sts 1169616695
FL /home/hamada/progrape/demo/grav1/pgr/ISE_PROJECT/dmar_mem_re.vhd 2007/01/24.01:04:18 I.27
EN work/dmar_mem_re 1169616717 \
      FL /home/hamada/progrape/demo/grav1/pgr/ISE_PROJECT/dmar_mem_re.vhd \
      PB ieee/std_logic_1164 1140839709 PB ieee/STD_LOGIC_UNSIGNED 1140839715
AR work/dmar_mem_re/rtl 1169616718 \
      FL /home/hamada/progrape/demo/grav1/pgr/ISE_PROJECT/dmar_mem_re.vhd \
      EN work/dmar_mem_re 1169616717 CP dmaw_mem_we
FL /home/hamada/progrape/demo/grav1/pgr/ISE_PROJECT/dmaw_mem_we.vhd 2007/01/24.01:04:19 I.27
EN work/dmaw_mem_we 1169616701 \
      FL /home/hamada/progrape/demo/grav1/pgr/ISE_PROJECT/dmaw_mem_we.vhd \
      PB ieee/std_logic_1164 1140839709 PB ieee/STD_LOGIC_UNSIGNED 1140839715
AR work/dmaw_mem_we/rtl 1169616702 \
      FL /home/hamada/progrape/demo/grav1/pgr/ISE_PROJECT/dmaw_mem_we.vhd \
      EN work/dmaw_mem_we 1169616701
FL /home/hamada/progrape/demo/grav1/pgr/ISE_PROJECT/pgpg_mem/setn.vhd 2007/01/24.01:03:11 I.27
EN work/setn 1169616697 \
      FL /home/hamada/progrape/demo/grav1/pgr/ISE_PROJECT/pgpg_mem/setn.vhd \
      PB ieee/std_logic_1164 1140839709 PB ieee/std_logic_arith 1140839711 \
      PB ieee/STD_LOGIC_UNSIGNED 1140839715
AR work/setn/rtl 1169616698 \
      FL /home/hamada/progrape/demo/grav1/pgr/ISE_PROJECT/pgpg_mem/setn.vhd \
      EN work/setn 1169616697
FL /home/hamada/progrape/demo/grav1/pgr/ISE_PROJECT/pgpg_mem/calc.vhd 2007/01/24.01:03:08 I.27
EN work/calc 1169616693 \
      FL /home/hamada/progrape/demo/grav1/pgr/ISE_PROJECT/pgpg_mem/calc.vhd \
      PB ieee/std_logic_1164 1140839709 PB ieee/std_logic_arith 1140839711 \
      PB ieee/STD_LOGIC_UNSIGNED 1140839715
AR work/calc/rtl 1169616694 \
      FL /home/hamada/progrape/demo/grav1/pgr/ISE_PROJECT/pgpg_mem/calc.vhd \
      EN work/calc 1169616693
FL /home/hamada/progrape/demo/grav1/pgr/ISE_PROJECT/top.vhd 2007/01/24.01:04:32 I.27
EN work/top 1169616729             FL /home/hamada/progrape/demo/grav1/pgr/ISE_PROJECT/top.vhd \
      PB ieee/std_logic_1164 1140839709 PB ieee/STD_LOGIC_UNSIGNED 1140839715
AR work/top/rtl 1169616730         FL /home/hamada/progrape/demo/grav1/pgr/ISE_PROJECT/top.vhd \
      EN work/top 1169616729 CP CLK_MULDIV CP dmaw           CP dmar           CP user
FL /home/hamada/progrape/demo/grav1/pgr/ISE_PROJECT/clk_muldiv.vhd 2007/01/24.01:04:16 I.27
EN work/CLK_MULDIV 1169616721 \
      FL /home/hamada/progrape/demo/grav1/pgr/ISE_PROJECT/clk_muldiv.vhd \
      LB UNISIM         PB ieee/std_logic_1164 1140839709 PB ieee/std_logic_arith 1140839711 \
      PB ieee/STD_LOGIC_UNSIGNED 1140839715 PH unisim/VCOMPONENTS 1142233852
AR work/CLK_MULDIV/rtl 1169616722 \
      FL /home/hamada/progrape/demo/grav1/pgr/ISE_PROJECT/clk_muldiv.vhd \
      EN work/CLK_MULDIV 1169616721 CP DCM CP IBUFG          CP BUFG
FL /home/hamada/progrape/demo/grav1/pgr/ISE_PROJECT/dmar_mem_adr.vhd 2007/01/24.01:04:16 I.27
EN work/dmar_mem_adr 1169616715 \
      FL /home/hamada/progrape/demo/grav1/pgr/ISE_PROJECT/dmar_mem_adr.vhd \
      PB ieee/std_logic_1164 1140839709
AR work/dmar_mem_adr/rtl 1169616716 \
      FL /home/hamada/progrape/demo/grav1/pgr/ISE_PROJECT/dmar_mem_adr.vhd \
      EN work/dmar_mem_adr 1169616715 CP dmaw_mem_adr
FL /home/hamada/progrape/demo/grav1/pgr/ISE_PROJECT/pgpg_mem/dpram.vhd 2007/01/24.01:03:09 I.27
EN work/dpram 1169616621 \
      FL /home/hamada/progrape/demo/grav1/pgr/ISE_PROJECT/pgpg_mem/dpram.vhd \
      PB ieee/std_logic_1164 1140839709 LB UNISIM PH unisim/VCOMPONENTS 1142233852
AR work/dpram/rtl 1169616622 \
      FL /home/hamada/progrape/demo/grav1/pgr/ISE_PROJECT/pgpg_mem/dpram.vhd \
      EN work/dpram 1169616621 CP RAMB16_S2_S2
FL /home/hamada/progrape/demo/grav1/pgr/ISE_PROJECT/pgpg_mem/pg_pipe.vhd 2007/01/24.01:03:10 I.27
EN work/pg_pipe 1169616689 \
      FL /home/hamada/progrape/demo/grav1/pgr/ISE_PROJECT/pgpg_mem/pg_pipe.vhd \
      PB ieee/std_logic_1164 1140839709
AR work/pg_pipe/std 1169616690 \
      FL /home/hamada/progrape/demo/grav1/pgr/ISE_PROJECT/pgpg_mem/pg_pipe.vhd \
      EN work/pg_pipe 1169616689 CP pipe
EN work/pipe 1169616691 \
      FL /home/hamada/progrape/demo/grav1/pgr/ISE_PROJECT/pgpg_mem/pg_pipe.vhd \
      PB ieee/std_logic_1164 1140839709
AR work/pipe/std 1169616692 \
      FL /home/hamada/progrape/demo/grav1/pgr/ISE_PROJECT/pgpg_mem/pg_pipe.vhd \
      EN work/pipe 1169616691 CP pg_fix_sub_32_3 CP pg_conv_ftol_32_17_8_4 \
      CP pg_log_shift_1 CP pg_log_unsigned_add_itp_17_8_6_9 CP pg_log_shift_m1 \
      CP pg_log_mul_17_2 CP pg_log_sdiv_17_2 CP pg_float_expadd_m31_17_8_1 \
      CP pg_conv_ltof_17_8_57_5 CP pg_fix_smaccum_57_64_4 CP pg_pdelay_17_7 \
      CP pg_pdelay_17_27 CP pg_pdelay_17_22
FL /home/hamada/progrape/demo/grav1/pgr/ISE_PROJECT/pgpg_mem/pgpg_mem.vhd 2007/01/24.01:03:10 I.27
EN work/pgpg_mem 1169616709 \
      FL /home/hamada/progrape/demo/grav1/pgr/ISE_PROJECT/pgpg_mem/pgpg_mem.vhd \
      LB UNISIM         PB ieee/std_logic_1164 1140839709 PB ieee/std_logic_arith 1140839711 \
      PB ieee/STD_LOGIC_UNSIGNED 1140839715 PH unisim/VCOMPONENTS 1142233852
AR work/pgpg_mem/RTL 1169616710 \
      FL /home/hamada/progrape/demo/grav1/pgr/ISE_PROJECT/pgpg_mem/pgpg_mem.vhd \
      EN work/pgpg_mem 1169616709 CP adr_dec CP pg_pipe      CP calc           CP pipe_sts \
      CP setn           CP jmem
FL /home/hamada/progrape/demo/grav1/pgr/ISE_PROJECT/dmar_state.vhd 2007/01/24.01:04:18 I.27
EN work/dmar_state 1169616711 \
      FL /home/hamada/progrape/demo/grav1/pgr/ISE_PROJECT/dmar_state.vhd \
      PB ieee/std_logic_1164 1140839709 PB ieee/STD_LOGIC_UNSIGNED 1140839715
AR work/dmar_state/rtl 1169616712 \
      FL /home/hamada/progrape/demo/grav1/pgr/ISE_PROJECT/dmar_state.vhd \
      EN work/dmar_state 1169616711 CP dmaw_state
FL /home/hamada/progrape/demo/grav1/pgr/ISE_PROJECT/dmar_start_adr.vhd 2007/01/24.01:04:18 I.27
EN work/dmar_start_adr 1169616713 \
      FL /home/hamada/progrape/demo/grav1/pgr/ISE_PROJECT/dmar_start_adr.vhd \
      PB ieee/std_logic_1164 1140839709
AR work/dmar_start_adr/rtl 1169616714 \
      FL /home/hamada/progrape/demo/grav1/pgr/ISE_PROJECT/dmar_start_adr.vhd \
      EN work/dmar_start_adr 1169616713 CP dmaw_start_adr
FL /home/hamada/progrape/demo/grav1/pgr/ISE_PROJECT/dmaw_state.vhd 2007/01/24.01:04:20 I.27
EN work/dmaw_state 1169616707 \
      FL /home/hamada/progrape/demo/grav1/pgr/ISE_PROJECT/dmaw_state.vhd \
      PB ieee/std_logic_1164 1140839709 PB ieee/STD_LOGIC_UNSIGNED 1140839715
AR work/dmaw_state/rtl 1169616708 \
      FL /home/hamada/progrape/demo/grav1/pgr/ISE_PROJECT/dmaw_state.vhd \
      EN work/dmaw_state 1169616707
FL /home/hamada/progrape/demo/grav1/pgr/ISE_PROJECT/dmaw_mem_adr.vhd 2007/01/24.01:04:19 I.27
EN work/dmaw_mem_adr 1169616703 \
      FL /home/hamada/progrape/demo/grav1/pgr/ISE_PROJECT/dmaw_mem_adr.vhd \
      PB ieee/std_logic_1164 1140839709 PB ieee/STD_LOGIC_UNSIGNED 1140839715
AR work/dmaw_mem_adr/rtl 1169616704 \
      FL /home/hamada/progrape/demo/grav1/pgr/ISE_PROJECT/dmaw_mem_adr.vhd \
      EN work/dmaw_mem_adr 1169616703
FL /home/hamada/progrape/demo/grav1/pgr/ISE_PROJECT/dmar.vhd 2007/01/24.01:04:17 I.27
EN work/dmar 1169616725            FL /home/hamada/progrape/demo/grav1/pgr/ISE_PROJECT/dmar.vhd \
      PB ieee/std_logic_1164 1140839709 PB ieee/STD_LOGIC_UNSIGNED 1140839715
AR work/dmar/rtl 1169616726        FL /home/hamada/progrape/demo/grav1/pgr/ISE_PROJECT/dmar.vhd \
      EN work/dmar 1169616725 CP dmar_state CP dmar_start_adr CP dmar_mem_adr \
      CP dmar_mem_re    CP dmar_dbus_hiz
FL /home/hamada/progrape/demo/grav1/pgr/ISE_PROJECT/dmaw.vhd 2007/01/24.01:04:19 I.27
EN work/dmaw 1169616723            FL /home/hamada/progrape/demo/grav1/pgr/ISE_PROJECT/dmaw.vhd \
      PB ieee/std_logic_1164 1140839709 PB ieee/STD_LOGIC_UNSIGNED 1140839715
AR work/dmaw/rtl 1169616724        FL /home/hamada/progrape/demo/grav1/pgr/ISE_PROJECT/dmaw.vhd \
      EN work/dmaw 1169616723
