EN pg_conv_floattofix_26_16_57_1_0 NULL /usr/local/src/progrape/demo/herm1/pgr/ISE_PROJECT/pgpg_mem/pg_module.vhd sub00/vhpl70 1164071808
AR penc_20_5 rtl /usr/local/src/progrape/demo/herm1/pgr/ISE_PROJECT/pgpg_mem/pg_module.vhd sub00/vhpl25 1164071763
AR pipe_sts rtl /usr/local/src/progrape/demo/herm1/pgr/ISE_PROJECT/pgpg_mem/pipe_sts.vhd sub01/vhpl109 1164071847
EN pipe_sts NULL /usr/local/src/progrape/demo/herm1/pgr/ISE_PROJECT/pgpg_mem/pipe_sts.vhd sub01/vhpl108 1164071846
EN pg_fuadd_26_16_guard NULL /usr/local/src/progrape/demo/herm1/pgr/ISE_PROJECT/pgpg_mem/pg_module.vhd sub00/vhpl10 1164071748
EN dmaw NULL /usr/local/src/progrape/demo/herm1/pgr/ISE_PROJECT/dmaw.vhd sub01/vhpl136 1164071874
EN clk_muldiv NULL /usr/local/src/progrape/demo/herm1/pgr/ISE_PROJECT/clk_muldiv.vhd sub01/vhpl134 1164071872
EN pg_lcell NULL /usr/local/src/progrape/demo/herm1/pgr/ISE_PROJECT/pgpg_mem/pg_module.vhd sub00/vhpl98 1164071836
AR dmaw rtl /usr/local/src/progrape/demo/herm1/pgr/ISE_PROJECT/dmaw.vhd sub01/vhpl137 1164071875
AR pg_pdelay_26_24 rtl /usr/local/src/progrape/demo/herm1/pgr/ISE_PROJECT/pgpg_mem/pg_module.vhd sub00/vhpl91 1164071829
AR pg_float_unsigned_add_26_16_4_6 rtl /usr/local/src/progrape/demo/herm1/pgr/ISE_PROJECT/pgpg_mem/pg_module.vhd sub00/vhpl37 1164071775
AR pg_float_recipro_table_2itp_16_12_1 rtl /usr/local/src/progrape/demo/herm1/pgr/ISE_PROJECT/pgpg_mem/pg_module.vhd sub00/vhpl55 1164071793
AR pgsub_float_add_26_16_6_usub_3 rtl /usr/local/src/progrape/demo/herm1/pgr/ISE_PROJECT/pgpg_mem/pg_module.vhd sub00/vhpl19 1164071757
AR pg_lcell schematic /usr/local/src/progrape/demo/herm1/pgr/ISE_PROJECT/pgpg_mem/pg_module.vhd sub00/vhpl99 1164071837
EN pg_fusub_26_16_expsub_0 NULL /usr/local/src/progrape/demo/herm1/pgr/ISE_PROJECT/pgpg_mem/pg_module.vhd sub00/vhpl30 1164071768
EN pg_float_round_26_16 NULL /usr/local/src/progrape/demo/herm1/pgr/ISE_PROJECT/pgpg_mem/pg_module.vhd sub00/vhpl14 1164071752
AR calc rtl /usr/local/src/progrape/demo/herm1/pgr/ISE_PROJECT/pgpg_mem/calc.vhd sub01/vhpl107 1164071845
AR pg_float_mult_26_16_2_6 rtl /usr/local/src/progrape/demo/herm1/pgr/ISE_PROJECT/pgpg_mem/pg_module.vhd sub00/vhpl33 1164071771
EN pg_fusub_26_16_adjust_0 NULL /usr/local/src/progrape/demo/herm1/pgr/ISE_PROJECT/pgpg_mem/pg_module.vhd sub00/vhpl28 1164071766
AR pg_float_round_26_16 rtl /usr/local/src/progrape/demo/herm1/pgr/ISE_PROJECT/pgpg_mem/pg_module.vhd sub00/vhpl15 1164071753
EN pg_float_rbit_mode6 NULL /usr/local/src/progrape/demo/herm1/pgr/ISE_PROJECT/pgpg_mem/pg_module.vhd sub00/vhpl16 1164071754
EN pg_umult_12_18_1 NULL /usr/local/src/progrape/demo/herm1/pgr/ISE_PROJECT/pgpg_mem/pg_module.vhd sub00/vhpl56 1164071794
EN pg_fusub_26_16_swap_1 NULL /usr/local/src/progrape/demo/herm1/pgr/ISE_PROJECT/pgpg_mem/pg_module.vhd sub00/vhpl20 1164071758
AR pg_pdelay_26_11 rtl /usr/local/src/progrape/demo/herm1/pgr/ISE_PROJECT/pgpg_mem/pg_module.vhd sub00/vhpl89 1164071827
AR pg_conv_floattofix_26_16_57_1_0 rtl /usr/local/src/progrape/demo/herm1/pgr/ISE_PROJECT/pgpg_mem/pg_module.vhd sub00/vhpl71 1164071809
EN pgsub_float_add_26_16_6_uadd_3 NULL /usr/local/src/progrape/demo/herm1/pgr/ISE_PROJECT/pgpg_mem/pg_module.vhd sub00/vhpl04 1164071742
EN setn NULL /usr/local/src/progrape/demo/herm1/pgr/ISE_PROJECT/pgpg_mem/setn.vhd sub01/vhpl110 1164071848
EN pg_float_recipro_26_16_2 NULL /usr/local/src/progrape/demo/herm1/pgr/ISE_PROJECT/pgpg_mem/pg_module.vhd sub00/vhpl52 1164071790
EN lcell_rom_float_recipro_c2_16_12_4_18_0 NULL /usr/local/src/progrape/demo/herm1/pgr/ISE_PROJECT/pgpg_mem/pg_module.vhd sub00/vhpl64 1164071802
AR pgsub_float_add_26_16_6_uadd_3 rtl /usr/local/src/progrape/demo/herm1/pgr/ISE_PROJECT/pgpg_mem/pg_module.vhd sub00/vhpl05 1164071743
AR pg_fuadd_26_16_adjust_0 rtl /usr/local/src/progrape/demo/herm1/pgr/ISE_PROJECT/pgpg_mem/pg_module.vhd sub00/vhpl13 1164071751
AR clk_muldiv rtl /usr/local/src/progrape/demo/herm1/pgr/ISE_PROJECT/clk_muldiv.vhd sub01/vhpl135 1164071873
EN pgsub_float_add_26_16_6_usub_3 NULL /usr/local/src/progrape/demo/herm1/pgr/ISE_PROJECT/pgpg_mem/pg_module.vhd sub00/vhpl18 1164071756
AR jmem rtl /usr/local/src/progrape/demo/herm1/pgr/ISE_PROJECT/pgpg_mem/jmem.vhd sub01/vhpl113 1164071851
EN lcell_rom_float_sqrt_c1_16_14_4_17_0 NULL /usr/local/src/progrape/demo/herm1/pgr/ISE_PROJECT/pgpg_mem/pg_module.vhd sub00/vhpl48 1164071786
AR pg_pdelay_26_5 rtl /usr/local/src/progrape/demo/herm1/pgr/ISE_PROJECT/pgpg_mem/pg_module.vhd sub00/vhpl85 1164071823
AR pg_umult_8_18_1 rtl /usr/local/src/progrape/demo/herm1/pgr/ISE_PROJECT/pgpg_mem/pg_module.vhd sub00/vhpl59 1164071797
EN dpram NULL /usr/local/src/progrape/demo/herm1/pgr/ISE_PROJECT/pgpg_mem/dpram.vhd sub00/vhpl00 1164071738
AR adr_dec rtl /usr/local/src/progrape/demo/herm1/pgr/ISE_PROJECT/pgpg_mem/adr_dec.vhd sub01/vhpl101 1164071839
AR pg_float_expadd_1_26_16_1 rtl /usr/local/src/progrape/demo/herm1/pgr/ISE_PROJECT/pgpg_mem/pg_module.vhd sub00/vhpl79 1164071817
AR lcell_rom_float_recipro_c2_16_12_4_18_0 rtl /usr/local/src/progrape/demo/herm1/pgr/ISE_PROJECT/pgpg_mem/pg_module.vhd sub00/vhpl65 1164071803
AR pg_fusub_26_16_adjust_0 rtl /usr/local/src/progrape/demo/herm1/pgr/ISE_PROJECT/pgpg_mem/pg_module.vhd sub00/vhpl29 1164071767
EN pg_conv_floattofix_shift_16_7_56_0 NULL /usr/local/src/progrape/demo/herm1/pgr/ISE_PROJECT/pgpg_mem/pg_module.vhd sub00/vhpl72 1164071810
AR pg_pdelay_26_1 rtl /usr/local/src/progrape/demo/herm1/pgr/ISE_PROJECT/pgpg_mem/pg_module.vhd sub00/vhpl95 1164071833
AR dmar_start_adr rtl /usr/local/src/progrape/demo/herm1/pgr/ISE_PROJECT/dmar_start_adr.vhd sub01/vhpl127 1164071865
AR lcell_rom_float_sqrt_c0_16_14_4_19_0 rtl /usr/local/src/progrape/demo/herm1/pgr/ISE_PROJECT/pgpg_mem/pg_module.vhd sub00/vhpl47 1164071785
AR dmaw_state rtl /usr/local/src/progrape/demo/herm1/pgr/ISE_PROJECT/dmaw_state.vhd sub01/vhpl121 1164071859
EN pg_pipe NULL /usr/local/src/progrape/demo/herm1/pgr/ISE_PROJECT/pgpg_mem/pg_pipe.vhd sub01/vhpl102 1164071840
EN pg_float_sub_26_16_4_6 NULL /usr/local/src/progrape/demo/herm1/pgr/ISE_PROJECT/pgpg_mem/pg_module.vhd sub00/vhpl02 1164071740
EN pg_float_sqrt_table_2itp_16_14_2 NULL /usr/local/src/progrape/demo/herm1/pgr/ISE_PROJECT/pgpg_mem/pg_module.vhd sub00/vhpl40 1164071778
AR dpram rtl /usr/local/src/progrape/demo/herm1/pgr/ISE_PROJECT/pgpg_mem/dpram.vhd sub00/vhpl01 1164071739
AR lcell_rom_float_recipro_c0_16_12_4_18_0 rtl /usr/local/src/progrape/demo/herm1/pgr/ISE_PROJECT/pgpg_mem/pg_module.vhd sub00/vhpl61 1164071799
EN pg_umult_8_18_1 NULL /usr/local/src/progrape/demo/herm1/pgr/ISE_PROJECT/pgpg_mem/pg_module.vhd sub00/vhpl58 1164071796
AR lcell_rom_float_sqrt_c2_16_14_4_15_0 rtl /usr/local/src/progrape/demo/herm1/pgr/ISE_PROJECT/pgpg_mem/pg_module.vhd sub00/vhpl51 1164071789
EN lcell_rom_float_sqrt_c0_16_14_4_19_0 NULL /usr/local/src/progrape/demo/herm1/pgr/ISE_PROJECT/pgpg_mem/pg_module.vhd sub00/vhpl46 1164071784
EN pgpg_mem NULL /usr/local/src/progrape/demo/herm1/pgr/ISE_PROJECT/pgpg_mem/pgpg_mem.vhd sub01/vhpl122 1164071860
EN pg_umult_14_17_0 NULL /usr/local/src/progrape/demo/herm1/pgr/ISE_PROJECT/pgpg_mem/pg_module.vhd sub00/vhpl42 1164071780
AR pipe std /usr/local/src/progrape/demo/herm1/pgr/ISE_PROJECT/pgpg_mem/pg_pipe.vhd sub01/vhpl105 1164071843
EN lcell_rom_float_recipro_c0_16_12_4_18_0 NULL /usr/local/src/progrape/demo/herm1/pgr/ISE_PROJECT/pgpg_mem/pg_module.vhd sub00/vhpl60 1164071798
AR pg_umult_12_15_0 rtl /usr/local/src/progrape/demo/herm1/pgr/ISE_PROJECT/pgpg_mem/pg_module.vhd sub00/vhpl45 1164071783
EN dmar_dbus_hiz NULL /usr/local/src/progrape/demo/herm1/pgr/ISE_PROJECT/dmar_dbus_hiz.vhd sub01/vhpl132 1164071870
AR pg_umult_17_17_0 rtl /usr/local/src/progrape/demo/herm1/pgr/ISE_PROJECT/pgpg_mem/pg_module.vhd sub00/vhpl35 1164071773
EN penc_20_5 NULL /usr/local/src/progrape/demo/herm1/pgr/ISE_PROJECT/pgpg_mem/pg_module.vhd sub00/vhpl24 1164071762
AR pg_fix_smaccum_57_64_1 rtl /usr/local/src/progrape/demo/herm1/pgr/ISE_PROJECT/pgpg_mem/pg_module.vhd sub00/vhpl75 1164071813
EN pg_float_expadd_1_26_16_1 NULL /usr/local/src/progrape/demo/herm1/pgr/ISE_PROJECT/pgpg_mem/pg_module.vhd sub00/vhpl78 1164071816
AR pg_float_expadd_31_26_16_1 rtl /usr/local/src/progrape/demo/herm1/pgr/ISE_PROJECT/pgpg_mem/pg_module.vhd sub00/vhpl67 1164071805
EN dmaw_start_adr NULL /usr/local/src/progrape/demo/herm1/pgr/ISE_PROJECT/dmaw_start_adr.vhd sub01/vhpl118 1164071856
AR pg_pdelay_26_6 rtl /usr/local/src/progrape/demo/herm1/pgr/ISE_PROJECT/pgpg_mem/pg_module.vhd sub00/vhpl97 1164071835
EN pg_fuadd_26_16_swap_1 NULL /usr/local/src/progrape/demo/herm1/pgr/ISE_PROJECT/pgpg_mem/pg_module.vhd sub00/vhpl06 1164071744
EN top NULL /usr/local/src/progrape/demo/herm1/pgr/ISE_PROJECT/top.vhd sub01/vhpl142 1164071880
EN pg_fix_smaccum_57_64_1 NULL /usr/local/src/progrape/demo/herm1/pgr/ISE_PROJECT/pgpg_mem/pg_module.vhd sub00/vhpl74 1164071812
AR top rtl /usr/local/src/progrape/demo/herm1/pgr/ISE_PROJECT/top.vhd sub01/vhpl143 1164071881
EN lcell_rom_float_recipro_c1_16_12_4_18_0 NULL /usr/local/src/progrape/demo/herm1/pgr/ISE_PROJECT/pgpg_mem/pg_module.vhd sub00/vhpl62 1164071800
AR dmar_mem_re rtl /usr/local/src/progrape/demo/herm1/pgr/ISE_PROJECT/dmar_mem_re.vhd sub01/vhpl131 1164071869
EN pg_float_recipro_table_2itp_16_12_1 NULL /usr/local/src/progrape/demo/herm1/pgr/ISE_PROJECT/pgpg_mem/pg_module.vhd sub00/vhpl54 1164071792
EN pg_pdelay_26_1 NULL /usr/local/src/progrape/demo/herm1/pgr/ISE_PROJECT/pgpg_mem/pg_module.vhd sub00/vhpl94 1164071832
AR pg_umult_12_18_1 rtl /usr/local/src/progrape/demo/herm1/pgr/ISE_PROJECT/pgpg_mem/pg_module.vhd sub00/vhpl57 1164071795
EN pg_pdelay_26_3 NULL /usr/local/src/progrape/demo/herm1/pgr/ISE_PROJECT/pgpg_mem/pg_module.vhd sub00/vhpl82 1164071820
EN pg_float_unsigned_add_26_16_4_6 NULL /usr/local/src/progrape/demo/herm1/pgr/ISE_PROJECT/pgpg_mem/pg_module.vhd sub00/vhpl36 1164071774
EN pg_pdelay_26_4 NULL /usr/local/src/progrape/demo/herm1/pgr/ISE_PROJECT/pgpg_mem/pg_module.vhd sub00/vhpl80 1164071818
EN pg_pdelay_26_5 NULL /usr/local/src/progrape/demo/herm1/pgr/ISE_PROJECT/pgpg_mem/pg_module.vhd sub00/vhpl84 1164071822
EN pg_pdelay_26_6 NULL /usr/local/src/progrape/demo/herm1/pgr/ISE_PROJECT/pgpg_mem/pg_module.vhd sub00/vhpl96 1164071834
EN pg_fusub_26_16_shift_manb_0 NULL /usr/local/src/progrape/demo/herm1/pgr/ISE_PROJECT/pgpg_mem/pg_module.vhd sub00/vhpl22 1164071760
AR pg_float_fixaccum_26_16_57_64_2_0 rtl /usr/local/src/progrape/demo/herm1/pgr/ISE_PROJECT/pgpg_mem/pg_module.vhd sub00/vhpl69 1164071807
EN pg_float_fixaccum_26_16_57_64_2_0 NULL /usr/local/src/progrape/demo/herm1/pgr/ISE_PROJECT/pgpg_mem/pg_module.vhd sub00/vhpl68 1164071806
AR pg_float_sub_26_16_4_6 rtl /usr/local/src/progrape/demo/herm1/pgr/ISE_PROJECT/pgpg_mem/pg_module.vhd sub00/vhpl03 1164071741
EN pipe NULL /usr/local/src/progrape/demo/herm1/pgr/ISE_PROJECT/pgpg_mem/pg_pipe.vhd sub01/vhpl104 1164071842
AR lcell_rom_float_recipro_c1_16_12_4_18_0 rtl /usr/local/src/progrape/demo/herm1/pgr/ISE_PROJECT/pgpg_mem/pg_module.vhd sub00/vhpl63 1164071801
EN pg_fusub_26_16_guard_0 NULL /usr/local/src/progrape/demo/herm1/pgr/ISE_PROJECT/pgpg_mem/pg_module.vhd sub00/vhpl26 1164071764
EN lcell_rom_float_sqrt_c2_16_14_4_15_0 NULL /usr/local/src/progrape/demo/herm1/pgr/ISE_PROJECT/pgpg_mem/pg_module.vhd sub00/vhpl50 1164071788
AR lcell_rom_float_sqrt_c1_16_14_4_17_0 rtl /usr/local/src/progrape/demo/herm1/pgr/ISE_PROJECT/pgpg_mem/pg_module.vhd sub00/vhpl49 1164071787
AR pg_pdelay_26_13 rtl /usr/local/src/progrape/demo/herm1/pgr/ISE_PROJECT/pgpg_mem/pg_module.vhd sub00/vhpl93 1164071831
AR pg_float_recipro_26_16_2 rtl /usr/local/src/progrape/demo/herm1/pgr/ISE_PROJECT/pgpg_mem/pg_module.vhd sub00/vhpl53 1164071791
EN pg_float_expadd_31_26_16_1 NULL /usr/local/src/progrape/demo/herm1/pgr/ISE_PROJECT/pgpg_mem/pg_module.vhd sub00/vhpl66 1164071804
AR pg_fusub_26_16_guard_0 rtl /usr/local/src/progrape/demo/herm1/pgr/ISE_PROJECT/pgpg_mem/pg_module.vhd sub00/vhpl27 1164071765
AR fix_accum_reg_last_1 rtl /usr/local/src/progrape/demo/herm1/pgr/ISE_PROJECT/pgpg_mem/pg_module.vhd sub00/vhpl77 1164071815
AR pg_fuadd_26_16_swap_1 rtl /usr/local/src/progrape/demo/herm1/pgr/ISE_PROJECT/pgpg_mem/pg_module.vhd sub00/vhpl07 1164071745
AR pgpg_mem rtl /usr/local/src/progrape/demo/herm1/pgr/ISE_PROJECT/pgpg_mem/pgpg_mem.vhd sub01/vhpl123 1164071861
AR pg_pipe std /usr/local/src/progrape/demo/herm1/pgr/ISE_PROJECT/pgpg_mem/pg_pipe.vhd sub01/vhpl103 1164071841
AR pg_fusub_26_16_shift_manb_0 rtl /usr/local/src/progrape/demo/herm1/pgr/ISE_PROJECT/pgpg_mem/pg_module.vhd sub00/vhpl23 1164071761
EN dmaw_state NULL /usr/local/src/progrape/demo/herm1/pgr/ISE_PROJECT/dmaw_state.vhd sub01/vhpl120 1164071858
AR pg_fusub_26_16_swap_1 rtl /usr/local/src/progrape/demo/herm1/pgr/ISE_PROJECT/pgpg_mem/pg_module.vhd sub00/vhpl21 1164071759
AR dmar_dbus_hiz rtl /usr/local/src/progrape/demo/herm1/pgr/ISE_PROJECT/dmar_dbus_hiz.vhd sub01/vhpl133 1164071871
EN pg_umult_12_15_0 NULL /usr/local/src/progrape/demo/herm1/pgr/ISE_PROJECT/pgpg_mem/pg_module.vhd sub00/vhpl44 1164071782
EN dmaw_mem_adr NULL /usr/local/src/progrape/demo/herm1/pgr/ISE_PROJECT/dmaw_mem_adr.vhd sub01/vhpl116 1164071854
AR pg_pdelay_26_3 rtl /usr/local/src/progrape/demo/herm1/pgr/ISE_PROJECT/pgpg_mem/pg_module.vhd sub00/vhpl83 1164071821
AR pg_fusub_26_16_expsub_0 rtl /usr/local/src/progrape/demo/herm1/pgr/ISE_PROJECT/pgpg_mem/pg_module.vhd sub00/vhpl31 1164071769
EN fix_accum_reg_last_1 NULL /usr/local/src/progrape/demo/herm1/pgr/ISE_PROJECT/pgpg_mem/pg_module.vhd sub00/vhpl76 1164071814
EN pg_fuadd_26_16_shift_0 NULL /usr/local/src/progrape/demo/herm1/pgr/ISE_PROJECT/pgpg_mem/pg_module.vhd sub00/vhpl08 1164071746
AR setn rtl /usr/local/src/progrape/demo/herm1/pgr/ISE_PROJECT/pgpg_mem/setn.vhd sub01/vhpl111 1164071849
AR dmaw_mem_we rtl /usr/local/src/progrape/demo/herm1/pgr/ISE_PROJECT/dmaw_mem_we.vhd sub01/vhpl115 1164071853
EN pg_pdelay_26_11 NULL /usr/local/src/progrape/demo/herm1/pgr/ISE_PROJECT/pgpg_mem/pg_module.vhd sub00/vhpl88 1164071826
AR pg_float_sqrt_26_16_3 rtl /usr/local/src/progrape/demo/herm1/pgr/ISE_PROJECT/pgpg_mem/pg_module.vhd sub00/vhpl39 1164071777
EN pg_pdelay_26_13 NULL /usr/local/src/progrape/demo/herm1/pgr/ISE_PROJECT/pgpg_mem/pg_module.vhd sub00/vhpl92 1164071830
AR pg_pdelay_26_23 rtl /usr/local/src/progrape/demo/herm1/pgr/ISE_PROJECT/pgpg_mem/pg_module.vhd sub00/vhpl87 1164071825
EN dmar_mem_re NULL /usr/local/src/progrape/demo/herm1/pgr/ISE_PROJECT/dmar_mem_re.vhd sub01/vhpl130 1164071868
EN pg_pdelay_26_23 NULL /usr/local/src/progrape/demo/herm1/pgr/ISE_PROJECT/pgpg_mem/pg_module.vhd sub00/vhpl86 1164071824
AR dmaw_start_adr rtl /usr/local/src/progrape/demo/herm1/pgr/ISE_PROJECT/dmaw_start_adr.vhd sub01/vhpl119 1164071857
EN pg_pdelay_26_24 NULL /usr/local/src/progrape/demo/herm1/pgr/ISE_PROJECT/pgpg_mem/pg_module.vhd sub00/vhpl90 1164071828
AR pg_fuadd_26_16_shift_0 rtl /usr/local/src/progrape/demo/herm1/pgr/ISE_PROJECT/pgpg_mem/pg_module.vhd sub00/vhpl09 1164071747
AR user rtl /usr/local/src/progrape/demo/herm1/pgr/ISE_PROJECT/user.vhd sub01/vhpl141 1164071879
AR dmar_state rtl /usr/local/src/progrape/demo/herm1/pgr/ISE_PROJECT/dmar_state.vhd sub01/vhpl125 1164071863
AR dmar rtl /usr/local/src/progrape/demo/herm1/pgr/ISE_PROJECT/dmar.vhd sub01/vhpl139 1164071877
AR dmar_mem_adr rtl /usr/local/src/progrape/demo/herm1/pgr/ISE_PROJECT/dmar_mem_adr.vhd sub01/vhpl129 1164071867
AR pg_conv_floattofix_shift_16_7_56_0 rtl /usr/local/src/progrape/demo/herm1/pgr/ISE_PROJECT/pgpg_mem/pg_module.vhd sub00/vhpl73 1164071811
AR pg_float_sqrt_table_2itp_16_14_2 rtl /usr/local/src/progrape/demo/herm1/pgr/ISE_PROJECT/pgpg_mem/pg_module.vhd sub00/vhpl41 1164071779
EN user NULL /usr/local/src/progrape/demo/herm1/pgr/ISE_PROJECT/user.vhd sub01/vhpl140 1164071878
EN dmaw_mem_we NULL /usr/local/src/progrape/demo/herm1/pgr/ISE_PROJECT/dmaw_mem_we.vhd sub01/vhpl114 1164071852
EN dmar_mem_adr NULL /usr/local/src/progrape/demo/herm1/pgr/ISE_PROJECT/dmar_mem_adr.vhd sub01/vhpl128 1164071866
EN dmar_state NULL /usr/local/src/progrape/demo/herm1/pgr/ISE_PROJECT/dmar_state.vhd sub01/vhpl124 1164071862
EN adr_dec NULL /usr/local/src/progrape/demo/herm1/pgr/ISE_PROJECT/pgpg_mem/adr_dec.vhd sub01/vhpl100 1164071838
AR pg_fuadd_26_16_guard rtl /usr/local/src/progrape/demo/herm1/pgr/ISE_PROJECT/pgpg_mem/pg_module.vhd sub00/vhpl11 1164071749
AR pg_umult_14_17_0 rtl /usr/local/src/progrape/demo/herm1/pgr/ISE_PROJECT/pgpg_mem/pg_module.vhd sub00/vhpl43 1164071781
EN jmem NULL /usr/local/src/progrape/demo/herm1/pgr/ISE_PROJECT/pgpg_mem/jmem.vhd sub01/vhpl112 1164071850
EN pg_umult_17_17_0 NULL /usr/local/src/progrape/demo/herm1/pgr/ISE_PROJECT/pgpg_mem/pg_module.vhd sub00/vhpl34 1164071772
AR pg_float_rbit_mode6 rtl /usr/local/src/progrape/demo/herm1/pgr/ISE_PROJECT/pgpg_mem/pg_module.vhd sub00/vhpl17 1164071755
AR dmaw_mem_adr rtl /usr/local/src/progrape/demo/herm1/pgr/ISE_PROJECT/dmaw_mem_adr.vhd sub01/vhpl117 1164071855
AR pg_pdelay_26_4 rtl /usr/local/src/progrape/demo/herm1/pgr/ISE_PROJECT/pgpg_mem/pg_module.vhd sub00/vhpl81 1164071819
EN pg_float_mult_26_16_2_6 NULL /usr/local/src/progrape/demo/herm1/pgr/ISE_PROJECT/pgpg_mem/pg_module.vhd sub00/vhpl32 1164071770
EN dmar_start_adr NULL /usr/local/src/progrape/demo/herm1/pgr/ISE_PROJECT/dmar_start_adr.vhd sub01/vhpl126 1164071864
EN pg_fuadd_26_16_adjust_0 NULL /usr/local/src/progrape/demo/herm1/pgr/ISE_PROJECT/pgpg_mem/pg_module.vhd sub00/vhpl12 1164071750
EN dmar NULL /usr/local/src/progrape/demo/herm1/pgr/ISE_PROJECT/dmar.vhd sub01/vhpl138 1164071876
EN pg_float_sqrt_26_16_3 NULL /usr/local/src/progrape/demo/herm1/pgr/ISE_PROJECT/pgpg_mem/pg_module.vhd sub00/vhpl38 1164071776
EN calc NULL /usr/local/src/progrape/demo/herm1/pgr/ISE_PROJECT/pgpg_mem/calc.vhd sub01/vhpl106 1164071844
