V3 244
FL /usr/local/src/progrape/demo/herm1/pgr/ISE_PROJECT/clk_muldiv.vhd 2006/11/21.10:09:17 I.27
EN work/CLK_MULDIV 1164071872 \
      FL /usr/local/src/progrape/demo/herm1/pgr/ISE_PROJECT/clk_muldiv.vhd \
      LB UNISIM         PB ieee/std_logic_1164 1140839709 PB ieee/std_logic_arith 1140839711 \
      PB ieee/STD_LOGIC_UNSIGNED 1140839715 PH unisim/VCOMPONENTS 1142233852
AR work/CLK_MULDIV/rtl 1164071873 \
      FL /usr/local/src/progrape/demo/herm1/pgr/ISE_PROJECT/clk_muldiv.vhd \
      EN work/CLK_MULDIV 1164071872 CP DCM CP IBUFG          CP BUFG
FL /usr/local/src/progrape/demo/herm1/pgr/ISE_PROJECT/dmaw_start_adr.vhd 2006/11/21.10:09:17 I.27
EN work/dmaw_start_adr 1164071856 \
      FL /usr/local/src/progrape/demo/herm1/pgr/ISE_PROJECT/dmaw_start_adr.vhd \
      PB ieee/std_logic_1164 1140839709 PB ieee/STD_LOGIC_UNSIGNED 1140839715
AR work/dmaw_start_adr/rtl 1164071857 \
      FL /usr/local/src/progrape/demo/herm1/pgr/ISE_PROJECT/dmaw_start_adr.vhd \
      EN work/dmaw_start_adr 1164071856
FL /usr/local/src/progrape/demo/herm1/pgr/ISE_PROJECT/pgpg_mem/jmem.vhd 2005/04/04.22:49:40 I.27
EN work/jmem 1164071850 \
      FL /usr/local/src/progrape/demo/herm1/pgr/ISE_PROJECT/pgpg_mem/jmem.vhd \
      PB ieee/std_logic_1164 1140839709 PB ieee/std_logic_arith 1140839711 \
      PB ieee/STD_LOGIC_UNSIGNED 1140839715
AR work/jmem/rtl 1164071851 \
      FL /usr/local/src/progrape/demo/herm1/pgr/ISE_PROJECT/pgpg_mem/jmem.vhd \
      EN work/jmem 1164071850 CP dpram
FL /usr/local/src/progrape/demo/herm1/pgr/ISE_PROJECT/dmar_state.vhd 2006/11/21.10:09:17 I.27
EN work/dmar_state 1164071862 \
      FL /usr/local/src/progrape/demo/herm1/pgr/ISE_PROJECT/dmar_state.vhd \
      PB ieee/std_logic_1164 1140839709 PB ieee/STD_LOGIC_UNSIGNED 1140839715
AR work/dmar_state/rtl 1164071863 \
      FL /usr/local/src/progrape/demo/herm1/pgr/ISE_PROJECT/dmar_state.vhd \
      EN work/dmar_state 1164071862 CP dmaw_state
FL /usr/local/src/progrape/demo/herm1/pgr/ISE_PROJECT/pgpg_mem/pgpg_mem.vhd 2005/04/04.22:49:41 I.27
EN work/pgpg_mem 1164071860 \
      FL /usr/local/src/progrape/demo/herm1/pgr/ISE_PROJECT/pgpg_mem/pgpg_mem.vhd \
      LB UNISIM         PB ieee/std_logic_1164 1140839709 PB ieee/std_logic_arith 1140839711 \
      PB ieee/STD_LOGIC_UNSIGNED 1140839715 PH unisim/VCOMPONENTS 1142233852
AR work/pgpg_mem/RTL 1164071861 \
      FL /usr/local/src/progrape/demo/herm1/pgr/ISE_PROJECT/pgpg_mem/pgpg_mem.vhd \
      EN work/pgpg_mem 1164071860 CP adr_dec CP pg_pipe      CP calc           CP pipe_sts \
      CP setn           CP jmem
FL /usr/local/src/progrape/demo/herm1/pgr/ISE_PROJECT/dmar_dbus_hiz.vhd 2006/11/21.10:09:17 I.27
EN work/dmar_dbus_hiz 1164071870 \
      FL /usr/local/src/progrape/demo/herm1/pgr/ISE_PROJECT/dmar_dbus_hiz.vhd \
      PB ieee/std_logic_1164 1140839709
AR work/dmar_dbus_hiz/rtl 1164071871 \
      FL /usr/local/src/progrape/demo/herm1/pgr/ISE_PROJECT/dmar_dbus_hiz.vhd \
      EN work/dmar_dbus_hiz 1164071870
FL /usr/local/src/progrape/demo/herm1/pgr/ISE_PROJECT/dmaw_state.vhd 2006/11/21.10:09:17 I.27
EN work/dmaw_state 1164071858 \
      FL /usr/local/src/progrape/demo/herm1/pgr/ISE_PROJECT/dmaw_state.vhd \
      PB ieee/std_logic_1164 1140839709 PB ieee/STD_LOGIC_UNSIGNED 1140839715
AR work/dmaw_state/rtl 1164071859 \
      FL /usr/local/src/progrape/demo/herm1/pgr/ISE_PROJECT/dmaw_state.vhd \
      EN work/dmaw_state 1164071858
FL /usr/local/src/progrape/demo/herm1/pgr/ISE_PROJECT/pgpg_mem/adr_dec.vhd 2005/04/04.22:49:40 I.27
EN work/adr_dec 1164071838 \
      FL /usr/local/src/progrape/demo/herm1/pgr/ISE_PROJECT/pgpg_mem/adr_dec.vhd \
      PB ieee/std_logic_1164 1140839709 PB ieee/std_logic_arith 1140839711 \
      PB ieee/STD_LOGIC_UNSIGNED 1140839715
AR work/adr_dec/rtl 1164071839 \
      FL /usr/local/src/progrape/demo/herm1/pgr/ISE_PROJECT/pgpg_mem/adr_dec.vhd \
      EN work/adr_dec 1164071838
FL /usr/local/src/progrape/demo/herm1/pgr/ISE_PROJECT/pgpg_mem/dpram.vhd 2006/02/06.15:18:03 I.27
EN work/dpram 1164071738 \
      FL /usr/local/src/progrape/demo/herm1/pgr/ISE_PROJECT/pgpg_mem/dpram.vhd \
      PB ieee/std_logic_1164 1140839709 LB UNISIM PH unisim/VCOMPONENTS 1142233852
AR work/dpram/rtl 1164071739 \
      FL /usr/local/src/progrape/demo/herm1/pgr/ISE_PROJECT/pgpg_mem/dpram.vhd \
      EN work/dpram 1164071738 CP RAMB16_S4_S4
FL /usr/local/src/progrape/demo/herm1/pgr/ISE_PROJECT/pgpg_mem/setn.vhd 2005/04/04.22:49:41 I.27
EN work/setn 1164071848 \
      FL /usr/local/src/progrape/demo/herm1/pgr/ISE_PROJECT/pgpg_mem/setn.vhd \
      PB ieee/std_logic_1164 1140839709 PB ieee/std_logic_arith 1140839711 \
      PB ieee/STD_LOGIC_UNSIGNED 1140839715
AR work/setn/rtl 1164071849 \
      FL /usr/local/src/progrape/demo/herm1/pgr/ISE_PROJECT/pgpg_mem/setn.vhd \
      EN work/setn 1164071848
FL /usr/local/src/progrape/demo/herm1/pgr/ISE_PROJECT/pgpg_mem/calc.vhd 2005/04/04.22:49:40 I.27
EN work/calc 1164071844 \
      FL /usr/local/src/progrape/demo/herm1/pgr/ISE_PROJECT/pgpg_mem/calc.vhd \
      PB ieee/std_logic_1164 1140839709 PB ieee/std_logic_arith 1140839711 \
      PB ieee/STD_LOGIC_UNSIGNED 1140839715
AR work/calc/rtl 1164071845 \
      FL /usr/local/src/progrape/demo/herm1/pgr/ISE_PROJECT/pgpg_mem/calc.vhd \
      EN work/calc 1164071844
FL /usr/local/src/progrape/demo/herm1/pgr/ISE_PROJECT/dmar_mem_adr.vhd 2006/11/21.10:09:17 I.27
EN work/dmar_mem_adr 1164071866 \
      FL /usr/local/src/progrape/demo/herm1/pgr/ISE_PROJECT/dmar_mem_adr.vhd \
      PB ieee/std_logic_1164 1140839709
AR work/dmar_mem_adr/rtl 1164071867 \
      FL /usr/local/src/progrape/demo/herm1/pgr/ISE_PROJECT/dmar_mem_adr.vhd \
      EN work/dmar_mem_adr 1164071866 CP dmaw_mem_adr
FL /usr/local/src/progrape/demo/herm1/pgr/ISE_PROJECT/pgpg_mem/pg_module.vhd 2006/11/21.10:09:17 I.27
EN work/pg_float_sub_26_16_4_6 1164071740 \
      FL /usr/local/src/progrape/demo/herm1/pgr/ISE_PROJECT/pgpg_mem/pg_module.vhd \
      PB ieee/std_logic_1164 1140839709 PB ieee/STD_LOGIC_UNSIGNED 1140839715
AR work/pg_float_sub_26_16_4_6/rtl 1164071741 \
      FL /usr/local/src/progrape/demo/herm1/pgr/ISE_PROJECT/pgpg_mem/pg_module.vhd \
      EN work/pg_float_sub_26_16_4_6 1164071740 CP pgsub_float_add_26_16_6_usub_3 \
      CP pgsub_float_add_26_16_6_uadd_3
EN work/pgsub_float_add_26_16_6_uadd_3 1164071742 \
      FL /usr/local/src/progrape/demo/herm1/pgr/ISE_PROJECT/pgpg_mem/pg_module.vhd \
      PB ieee/std_logic_1164 1140839709 PB ieee/STD_LOGIC_UNSIGNED 1140839715
AR work/pgsub_float_add_26_16_6_uadd_3/rtl 1164071743 \
      FL /usr/local/src/progrape/demo/herm1/pgr/ISE_PROJECT/pgpg_mem/pg_module.vhd \
      EN work/pgsub_float_add_26_16_6_uadd_3 1164071742 CP pg_fuadd_26_16_swap_1 \
      CP pg_fuadd_26_16_shift_0 CP pg_fuadd_26_16_guard \
      CP pg_fuadd_26_16_adjust_0 CP pg_float_rbit_mode6 CP pg_float_round_26_16
EN work/pg_fuadd_26_16_swap_1 1164071744 \
      FL /usr/local/src/progrape/demo/herm1/pgr/ISE_PROJECT/pgpg_mem/pg_module.vhd \
      PB ieee/std_logic_1164 1140839709 PB ieee/STD_LOGIC_UNSIGNED 1140839715
AR work/pg_fuadd_26_16_swap_1/rtl 1164071745 \
      FL /usr/local/src/progrape/demo/herm1/pgr/ISE_PROJECT/pgpg_mem/pg_module.vhd \
      EN work/pg_fuadd_26_16_swap_1 1164071744
EN work/pg_fuadd_26_16_shift_0 1164071746 \
      FL /usr/local/src/progrape/demo/herm1/pgr/ISE_PROJECT/pgpg_mem/pg_module.vhd \
      PB ieee/std_logic_1164 1140839709 PB ieee/STD_LOGIC_UNSIGNED 1140839715
AR work/pg_fuadd_26_16_shift_0/rtl 1164071747 \
      FL /usr/local/src/progrape/demo/herm1/pgr/ISE_PROJECT/pgpg_mem/pg_module.vhd \
      EN work/pg_fuadd_26_16_shift_0 1164071746
EN work/pg_fuadd_26_16_guard 1164071748 \
      FL /usr/local/src/progrape/demo/herm1/pgr/ISE_PROJECT/pgpg_mem/pg_module.vhd \
      PB ieee/std_logic_1164 1140839709 PB ieee/STD_LOGIC_UNSIGNED 1140839715
AR work/pg_fuadd_26_16_guard/rtl 1164071749 \
      FL /usr/local/src/progrape/demo/herm1/pgr/ISE_PROJECT/pgpg_mem/pg_module.vhd \
      EN work/pg_fuadd_26_16_guard 1164071748
EN work/pg_fuadd_26_16_adjust_0 1164071750 \
      FL /usr/local/src/progrape/demo/herm1/pgr/ISE_PROJECT/pgpg_mem/pg_module.vhd \
      PB ieee/std_logic_1164 1140839709 PB ieee/STD_LOGIC_UNSIGNED 1140839715
AR work/pg_fuadd_26_16_adjust_0/rtl 1164071751 \
      FL /usr/local/src/progrape/demo/herm1/pgr/ISE_PROJECT/pgpg_mem/pg_module.vhd \
      EN work/pg_fuadd_26_16_adjust_0 1164071750
EN work/pg_float_round_26_16 1164071752 \
      FL /usr/local/src/progrape/demo/herm1/pgr/ISE_PROJECT/pgpg_mem/pg_module.vhd \
      PB ieee/std_logic_1164 1140839709 PB ieee/STD_LOGIC_UNSIGNED 1140839715
AR work/pg_float_round_26_16/rtl 1164071753 \
      FL /usr/local/src/progrape/demo/herm1/pgr/ISE_PROJECT/pgpg_mem/pg_module.vhd \
      EN work/pg_float_round_26_16 1164071752
EN work/pg_float_rbit_mode6 1164071754 \
      FL /usr/local/src/progrape/demo/herm1/pgr/ISE_PROJECT/pgpg_mem/pg_module.vhd \
      PB ieee/std_logic_1164 1140839709 PB ieee/STD_LOGIC_UNSIGNED 1140839715
AR work/pg_float_rbit_mode6/rtl 1164071755 \
      FL /usr/local/src/progrape/demo/herm1/pgr/ISE_PROJECT/pgpg_mem/pg_module.vhd \
      EN work/pg_float_rbit_mode6 1164071754
EN work/pgsub_float_add_26_16_6_usub_3 1164071756 \
      FL /usr/local/src/progrape/demo/herm1/pgr/ISE_PROJECT/pgpg_mem/pg_module.vhd \
      PB ieee/std_logic_1164 1140839709 PB ieee/STD_LOGIC_UNSIGNED 1140839715
AR work/pgsub_float_add_26_16_6_usub_3/rtl 1164071757 \
      FL /usr/local/src/progrape/demo/herm1/pgr/ISE_PROJECT/pgpg_mem/pg_module.vhd \
      EN work/pgsub_float_add_26_16_6_usub_3 1164071756 CP pg_fusub_26_16_swap_1 \
      CP pg_fusub_26_16_shift_manb_0 CP penc_20_5 CP pg_fusub_26_16_guard_0 \
      CP pg_fusub_26_16_adjust_0 CP pg_fusub_26_16_expsub_0 \
      CP pg_float_rbit_mode6 CP pg_float_round_26_16
EN work/pg_fusub_26_16_swap_1 1164071758 \
      FL /usr/local/src/progrape/demo/herm1/pgr/ISE_PROJECT/pgpg_mem/pg_module.vhd \
      PB ieee/std_logic_1164 1140839709 PB ieee/STD_LOGIC_UNSIGNED 1140839715
AR work/pg_fusub_26_16_swap_1/rtl 1164071759 \
      FL /usr/local/src/progrape/demo/herm1/pgr/ISE_PROJECT/pgpg_mem/pg_module.vhd \
      EN work/pg_fusub_26_16_swap_1 1164071758
EN work/pg_fusub_26_16_shift_manb_0 1164071760 \
      FL /usr/local/src/progrape/demo/herm1/pgr/ISE_PROJECT/pgpg_mem/pg_module.vhd \
      PB ieee/std_logic_1164 1140839709 PB ieee/STD_LOGIC_UNSIGNED 1140839715
AR work/pg_fusub_26_16_shift_manb_0/rtl 1164071761 \
      FL /usr/local/src/progrape/demo/herm1/pgr/ISE_PROJECT/pgpg_mem/pg_module.vhd \
      EN work/pg_fusub_26_16_shift_manb_0 1164071760
EN work/penc_20_5 1164071762 \
      FL /usr/local/src/progrape/demo/herm1/pgr/ISE_PROJECT/pgpg_mem/pg_module.vhd \
      PB ieee/std_logic_1164 1140839709
AR work/penc_20_5/rtl 1164071763 \
      FL /usr/local/src/progrape/demo/herm1/pgr/ISE_PROJECT/pgpg_mem/pg_module.vhd \
      EN work/penc_20_5 1164071762
EN work/pg_fusub_26_16_guard_0 1164071764 \
      FL /usr/local/src/progrape/demo/herm1/pgr/ISE_PROJECT/pgpg_mem/pg_module.vhd \
      PB ieee/std_logic_1164 1140839709 PB ieee/STD_LOGIC_UNSIGNED 1140839715
AR work/pg_fusub_26_16_guard_0/rtl 1164071765 \
      FL /usr/local/src/progrape/demo/herm1/pgr/ISE_PROJECT/pgpg_mem/pg_module.vhd \
      EN work/pg_fusub_26_16_guard_0 1164071764
EN work/pg_fusub_26_16_adjust_0 1164071766 \
      FL /usr/local/src/progrape/demo/herm1/pgr/ISE_PROJECT/pgpg_mem/pg_module.vhd \
      PB ieee/std_logic_1164 1140839709 PB ieee/STD_LOGIC_UNSIGNED 1140839715
AR work/pg_fusub_26_16_adjust_0/rtl 1164071767 \
      FL /usr/local/src/progrape/demo/herm1/pgr/ISE_PROJECT/pgpg_mem/pg_module.vhd \
      EN work/pg_fusub_26_16_adjust_0 1164071766
EN work/pg_fusub_26_16_expsub_0 1164071768 \
      FL /usr/local/src/progrape/demo/herm1/pgr/ISE_PROJECT/pgpg_mem/pg_module.vhd \
      PB ieee/std_logic_1164 1140839709 PB ieee/STD_LOGIC_UNSIGNED 1140839715
AR work/pg_fusub_26_16_expsub_0/rtl 1164071769 \
      FL /usr/local/src/progrape/demo/herm1/pgr/ISE_PROJECT/pgpg_mem/pg_module.vhd \
      EN work/pg_fusub_26_16_expsub_0 1164071768
EN work/pg_float_mult_26_16_2_6 1164071770 \
      FL /usr/local/src/progrape/demo/herm1/pgr/ISE_PROJECT/pgpg_mem/pg_module.vhd \
      PB ieee/std_logic_1164 1140839709 PB ieee/STD_LOGIC_UNSIGNED 1140839715
AR work/pg_float_mult_26_16_2_6/rtl 1164071771 \
      FL /usr/local/src/progrape/demo/herm1/pgr/ISE_PROJECT/pgpg_mem/pg_module.vhd \
      EN work/pg_float_mult_26_16_2_6 1164071770 CP pg_umult_17_17_0
EN work/pg_umult_17_17_0 1164071772 \
      FL /usr/local/src/progrape/demo/herm1/pgr/ISE_PROJECT/pgpg_mem/pg_module.vhd \
      PB ieee/std_logic_1164 1140839709 PB ieee/std_logic_arith 1140839711 \
      PB ieee/STD_LOGIC_UNSIGNED 1140839715
AR work/pg_umult_17_17_0/rtl 1164071773 \
      FL /usr/local/src/progrape/demo/herm1/pgr/ISE_PROJECT/pgpg_mem/pg_module.vhd \
      EN work/pg_umult_17_17_0 1164071772
EN work/pg_float_unsigned_add_26_16_4_6 1164071774 \
      FL /usr/local/src/progrape/demo/herm1/pgr/ISE_PROJECT/pgpg_mem/pg_module.vhd \
      PB ieee/std_logic_1164 1140839709 PB ieee/STD_LOGIC_UNSIGNED 1140839715
AR work/pg_float_unsigned_add_26_16_4_6/rtl 1164071775 \
      FL /usr/local/src/progrape/demo/herm1/pgr/ISE_PROJECT/pgpg_mem/pg_module.vhd \
      EN work/pg_float_unsigned_add_26_16_4_6 1164071774 CP pg_fuadd_26_16_swap_1 \
      CP pg_fuadd_26_16_shift_0 CP pg_fuadd_26_16_guard \
      CP pg_fuadd_26_16_adjust_0 CP pg_float_rbit_mode6 CP pg_float_round_26_16
EN work/pg_float_sqrt_26_16_3 1164071776 \
      FL /usr/local/src/progrape/demo/herm1/pgr/ISE_PROJECT/pgpg_mem/pg_module.vhd \
      PB ieee/std_logic_1164 1140839709 PB ieee/STD_LOGIC_UNSIGNED 1140839715
AR work/pg_float_sqrt_26_16_3/rtl 1164071777 \
      FL /usr/local/src/progrape/demo/herm1/pgr/ISE_PROJECT/pgpg_mem/pg_module.vhd \
      EN work/pg_float_sqrt_26_16_3 1164071776 CP pg_float_sqrt_table_2itp_16_14_2
EN work/pg_float_sqrt_table_2itp_16_14_2 1164071778 \
      FL /usr/local/src/progrape/demo/herm1/pgr/ISE_PROJECT/pgpg_mem/pg_module.vhd \
      PB ieee/std_logic_1164 1140839709 PB ieee/STD_LOGIC_UNSIGNED 1140839715
AR work/pg_float_sqrt_table_2itp_16_14_2/rtl 1164071779 \
      FL /usr/local/src/progrape/demo/herm1/pgr/ISE_PROJECT/pgpg_mem/pg_module.vhd \
      EN work/pg_float_sqrt_table_2itp_16_14_2 1164071778 \
      CP lcell_rom_float_sqrt_c0_16_14_4_19_0 \
      CP lcell_rom_float_sqrt_c1_16_14_4_17_0 \
      CP lcell_rom_float_sqrt_c2_16_14_4_15_0 CP pg_umult_14_17_0 \
      CP pg_umult_12_15_0
EN work/pg_umult_14_17_0 1164071780 \
      FL /usr/local/src/progrape/demo/herm1/pgr/ISE_PROJECT/pgpg_mem/pg_module.vhd \
      PB ieee/std_logic_1164 1140839709 PB ieee/std_logic_arith 1140839711 \
      PB ieee/STD_LOGIC_UNSIGNED 1140839715
AR work/pg_umult_14_17_0/rtl 1164071781 \
      FL /usr/local/src/progrape/demo/herm1/pgr/ISE_PROJECT/pgpg_mem/pg_module.vhd \
      EN work/pg_umult_14_17_0 1164071780
EN work/pg_umult_12_15_0 1164071782 \
      FL /usr/local/src/progrape/demo/herm1/pgr/ISE_PROJECT/pgpg_mem/pg_module.vhd \
      PB ieee/std_logic_1164 1140839709 PB ieee/std_logic_arith 1140839711 \
      PB ieee/STD_LOGIC_UNSIGNED 1140839715
AR work/pg_umult_12_15_0/rtl 1164071783 \
      FL /usr/local/src/progrape/demo/herm1/pgr/ISE_PROJECT/pgpg_mem/pg_module.vhd \
      EN work/pg_umult_12_15_0 1164071782
EN work/lcell_rom_float_sqrt_c0_16_14_4_19_0 1164071784 \
      FL /usr/local/src/progrape/demo/herm1/pgr/ISE_PROJECT/pgpg_mem/pg_module.vhd \
      PB ieee/std_logic_1164 1140839709
AR work/lcell_rom_float_sqrt_c0_16_14_4_19_0/rtl 1164071785 \
      FL /usr/local/src/progrape/demo/herm1/pgr/ISE_PROJECT/pgpg_mem/pg_module.vhd \
      EN work/lcell_rom_float_sqrt_c0_16_14_4_19_0 1164071784 CP pg_lcell
EN work/lcell_rom_float_sqrt_c1_16_14_4_17_0 1164071786 \
      FL /usr/local/src/progrape/demo/herm1/pgr/ISE_PROJECT/pgpg_mem/pg_module.vhd \
      PB ieee/std_logic_1164 1140839709
AR work/lcell_rom_float_sqrt_c1_16_14_4_17_0/rtl 1164071787 \
      FL /usr/local/src/progrape/demo/herm1/pgr/ISE_PROJECT/pgpg_mem/pg_module.vhd \
      EN work/lcell_rom_float_sqrt_c1_16_14_4_17_0 1164071786 CP pg_lcell
EN work/lcell_rom_float_sqrt_c2_16_14_4_15_0 1164071788 \
      FL /usr/local/src/progrape/demo/herm1/pgr/ISE_PROJECT/pgpg_mem/pg_module.vhd \
      PB ieee/std_logic_1164 1140839709
AR work/lcell_rom_float_sqrt_c2_16_14_4_15_0/rtl 1164071789 \
      FL /usr/local/src/progrape/demo/herm1/pgr/ISE_PROJECT/pgpg_mem/pg_module.vhd \
      EN work/lcell_rom_float_sqrt_c2_16_14_4_15_0 1164071788 CP pg_lcell
EN work/pg_float_recipro_26_16_2 1164071790 \
      FL /usr/local/src/progrape/demo/herm1/pgr/ISE_PROJECT/pgpg_mem/pg_module.vhd \
      PB ieee/std_logic_1164 1140839709 PB ieee/STD_LOGIC_UNSIGNED 1140839715
AR work/pg_float_recipro_26_16_2/rtl 1164071791 \
      FL /usr/local/src/progrape/demo/herm1/pgr/ISE_PROJECT/pgpg_mem/pg_module.vhd \
      EN work/pg_float_recipro_26_16_2 1164071790 \
      CP pg_float_recipro_table_2itp_16_12_1
EN work/pg_float_recipro_table_2itp_16_12_1 1164071792 \
      FL /usr/local/src/progrape/demo/herm1/pgr/ISE_PROJECT/pgpg_mem/pg_module.vhd \
      PB ieee/std_logic_1164 1140839709 PB ieee/STD_LOGIC_UNSIGNED 1140839715
AR work/pg_float_recipro_table_2itp_16_12_1/rtl 1164071793 \
      FL /usr/local/src/progrape/demo/herm1/pgr/ISE_PROJECT/pgpg_mem/pg_module.vhd \
      EN work/pg_float_recipro_table_2itp_16_12_1 1164071792 \
      CP lcell_rom_float_recipro_c0_16_12_4_18_0 \
      CP lcell_rom_float_recipro_c1_16_12_4_18_0 \
      CP lcell_rom_float_recipro_c2_16_12_4_18_0 CP pg_umult_12_18_1 \
      CP pg_umult_8_18_1
EN work/pg_umult_12_18_1 1164071794 \
      FL /usr/local/src/progrape/demo/herm1/pgr/ISE_PROJECT/pgpg_mem/pg_module.vhd \
      PB ieee/std_logic_1164 1140839709 PB ieee/std_logic_arith 1140839711 \
      PB ieee/STD_LOGIC_UNSIGNED 1140839715
AR work/pg_umult_12_18_1/rtl 1164071795 \
      FL /usr/local/src/progrape/demo/herm1/pgr/ISE_PROJECT/pgpg_mem/pg_module.vhd \
      EN work/pg_umult_12_18_1 1164071794
EN work/pg_umult_8_18_1 1164071796 \
      FL /usr/local/src/progrape/demo/herm1/pgr/ISE_PROJECT/pgpg_mem/pg_module.vhd \
      PB ieee/std_logic_1164 1140839709 PB ieee/std_logic_arith 1140839711 \
      PB ieee/STD_LOGIC_UNSIGNED 1140839715
AR work/pg_umult_8_18_1/rtl 1164071797 \
      FL /usr/local/src/progrape/demo/herm1/pgr/ISE_PROJECT/pgpg_mem/pg_module.vhd \
      EN work/pg_umult_8_18_1 1164071796
EN work/lcell_rom_float_recipro_c0_16_12_4_18_0 1164071798 \
      FL /usr/local/src/progrape/demo/herm1/pgr/ISE_PROJECT/pgpg_mem/pg_module.vhd \
      PB ieee/std_logic_1164 1140839709
AR work/lcell_rom_float_recipro_c0_16_12_4_18_0/rtl 1164071799 \
      FL /usr/local/src/progrape/demo/herm1/pgr/ISE_PROJECT/pgpg_mem/pg_module.vhd \
      EN work/lcell_rom_float_recipro_c0_16_12_4_18_0 1164071798 CP pg_lcell
EN work/lcell_rom_float_recipro_c1_16_12_4_18_0 1164071800 \
      FL /usr/local/src/progrape/demo/herm1/pgr/ISE_PROJECT/pgpg_mem/pg_module.vhd \
      PB ieee/std_logic_1164 1140839709
AR work/lcell_rom_float_recipro_c1_16_12_4_18_0/rtl 1164071801 \
      FL /usr/local/src/progrape/demo/herm1/pgr/ISE_PROJECT/pgpg_mem/pg_module.vhd \
      EN work/lcell_rom_float_recipro_c1_16_12_4_18_0 1164071800 CP pg_lcell
EN work/lcell_rom_float_recipro_c2_16_12_4_18_0 1164071802 \
      FL /usr/local/src/progrape/demo/herm1/pgr/ISE_PROJECT/pgpg_mem/pg_module.vhd \
      PB ieee/std_logic_1164 1140839709
AR work/lcell_rom_float_recipro_c2_16_12_4_18_0/rtl 1164071803 \
      FL /usr/local/src/progrape/demo/herm1/pgr/ISE_PROJECT/pgpg_mem/pg_module.vhd \
      EN work/lcell_rom_float_recipro_c2_16_12_4_18_0 1164071802 CP pg_lcell
EN work/pg_float_expadd_31_26_16_1 1164071804 \
      FL /usr/local/src/progrape/demo/herm1/pgr/ISE_PROJECT/pgpg_mem/pg_module.vhd \
      PB ieee/std_logic_1164 1140839709 PB ieee/STD_LOGIC_UNSIGNED 1140839715
AR work/pg_float_expadd_31_26_16_1/rtl 1164071805 \
      FL /usr/local/src/progrape/demo/herm1/pgr/ISE_PROJECT/pgpg_mem/pg_module.vhd \
      EN work/pg_float_expadd_31_26_16_1 1164071804
EN work/pg_float_fixaccum_26_16_57_64_2_0 1164071806 \
      FL /usr/local/src/progrape/demo/herm1/pgr/ISE_PROJECT/pgpg_mem/pg_module.vhd \
      PB ieee/std_logic_1164 1140839709 PB ieee/STD_LOGIC_UNSIGNED 1140839715
AR work/pg_float_fixaccum_26_16_57_64_2_0/rtl 1164071807 \
      FL /usr/local/src/progrape/demo/herm1/pgr/ISE_PROJECT/pgpg_mem/pg_module.vhd \
      EN work/pg_float_fixaccum_26_16_57_64_2_0 1164071806 \
      CP pg_conv_floattofix_26_16_57_1_0 CP pg_fix_smaccum_57_64_1
EN work/pg_conv_floattofix_26_16_57_1_0 1164071808 \
      FL /usr/local/src/progrape/demo/herm1/pgr/ISE_PROJECT/pgpg_mem/pg_module.vhd \
      PB ieee/std_logic_1164 1140839709 PB ieee/STD_LOGIC_UNSIGNED 1140839715
AR work/pg_conv_floattofix_26_16_57_1_0/rtl 1164071809 \
      FL /usr/local/src/progrape/demo/herm1/pgr/ISE_PROJECT/pgpg_mem/pg_module.vhd \
      EN work/pg_conv_floattofix_26_16_57_1_0 1164071808 \
      CP pg_conv_floattofix_shift_16_7_56_0
EN work/pg_conv_floattofix_shift_16_7_56_0 1164071810 \
      FL /usr/local/src/progrape/demo/herm1/pgr/ISE_PROJECT/pgpg_mem/pg_module.vhd \
      PB ieee/std_logic_1164 1140839709 PB ieee/STD_LOGIC_UNSIGNED 1140839715
AR work/pg_conv_floattofix_shift_16_7_56_0/rtl 1164071811 \
      FL /usr/local/src/progrape/demo/herm1/pgr/ISE_PROJECT/pgpg_mem/pg_module.vhd \
      EN work/pg_conv_floattofix_shift_16_7_56_0 1164071810
EN work/pg_fix_smaccum_57_64_1 1164071812 \
      FL /usr/local/src/progrape/demo/herm1/pgr/ISE_PROJECT/pgpg_mem/pg_module.vhd \
      PB ieee/std_logic_1164 1140839709 PB ieee/STD_LOGIC_UNSIGNED 1140839715
AR work/pg_fix_smaccum_57_64_1/rtl 1164071813 \
      FL /usr/local/src/progrape/demo/herm1/pgr/ISE_PROJECT/pgpg_mem/pg_module.vhd \
      EN work/pg_fix_smaccum_57_64_1 1164071812 CP fix_accum_reg_last_1
EN work/fix_accum_reg_last_1 1164071814 \
      FL /usr/local/src/progrape/demo/herm1/pgr/ISE_PROJECT/pgpg_mem/pg_module.vhd \
      PB ieee/std_logic_1164 1140839709 PB ieee/std_logic_arith 1140839711 \
      PB ieee/STD_LOGIC_UNSIGNED 1140839715
AR work/fix_accum_reg_last_1/rtl 1164071815 \
      FL /usr/local/src/progrape/demo/herm1/pgr/ISE_PROJECT/pgpg_mem/pg_module.vhd \
      EN work/fix_accum_reg_last_1 1164071814
EN work/pg_float_expadd_1_26_16_1 1164071816 \
      FL /usr/local/src/progrape/demo/herm1/pgr/ISE_PROJECT/pgpg_mem/pg_module.vhd \
      PB ieee/std_logic_1164 1140839709 PB ieee/STD_LOGIC_UNSIGNED 1140839715
AR work/pg_float_expadd_1_26_16_1/rtl 1164071817 \
      FL /usr/local/src/progrape/demo/herm1/pgr/ISE_PROJECT/pgpg_mem/pg_module.vhd \
      EN work/pg_float_expadd_1_26_16_1 1164071816
EN work/pg_pdelay_26_4 1164071818 \
      FL /usr/local/src/progrape/demo/herm1/pgr/ISE_PROJECT/pgpg_mem/pg_module.vhd \
      PB ieee/std_logic_1164 1140839709
AR work/pg_pdelay_26_4/rtl 1164071819 \
      FL /usr/local/src/progrape/demo/herm1/pgr/ISE_PROJECT/pgpg_mem/pg_module.vhd \
      EN work/pg_pdelay_26_4 1164071818
EN work/pg_pdelay_26_3 1164071820 \
      FL /usr/local/src/progrape/demo/herm1/pgr/ISE_PROJECT/pgpg_mem/pg_module.vhd \
      PB ieee/std_logic_1164 1140839709
AR work/pg_pdelay_26_3/rtl 1164071821 \
      FL /usr/local/src/progrape/demo/herm1/pgr/ISE_PROJECT/pgpg_mem/pg_module.vhd \
      EN work/pg_pdelay_26_3 1164071820
EN work/pg_pdelay_26_5 1164071822 \
      FL /usr/local/src/progrape/demo/herm1/pgr/ISE_PROJECT/pgpg_mem/pg_module.vhd \
      PB ieee/std_logic_1164 1140839709
AR work/pg_pdelay_26_5/rtl 1164071823 \
      FL /usr/local/src/progrape/demo/herm1/pgr/ISE_PROJECT/pgpg_mem/pg_module.vhd \
      EN work/pg_pdelay_26_5 1164071822
EN work/pg_pdelay_26_23 1164071824 \
      FL /usr/local/src/progrape/demo/herm1/pgr/ISE_PROJECT/pgpg_mem/pg_module.vhd \
      PB ieee/std_logic_1164 1140839709
AR work/pg_pdelay_26_23/rtl 1164071825 \
      FL /usr/local/src/progrape/demo/herm1/pgr/ISE_PROJECT/pgpg_mem/pg_module.vhd \
      EN work/pg_pdelay_26_23 1164071824
EN work/pg_pdelay_26_11 1164071826 \
      FL /usr/local/src/progrape/demo/herm1/pgr/ISE_PROJECT/pgpg_mem/pg_module.vhd \
      PB ieee/std_logic_1164 1140839709
AR work/pg_pdelay_26_11/rtl 1164071827 \
      FL /usr/local/src/progrape/demo/herm1/pgr/ISE_PROJECT/pgpg_mem/pg_module.vhd \
      EN work/pg_pdelay_26_11 1164071826
EN work/pg_pdelay_26_24 1164071828 \
      FL /usr/local/src/progrape/demo/herm1/pgr/ISE_PROJECT/pgpg_mem/pg_module.vhd \
      PB ieee/std_logic_1164 1140839709
AR work/pg_pdelay_26_24/rtl 1164071829 \
      FL /usr/local/src/progrape/demo/herm1/pgr/ISE_PROJECT/pgpg_mem/pg_module.vhd \
      EN work/pg_pdelay_26_24 1164071828
EN work/pg_pdelay_26_13 1164071830 \
      FL /usr/local/src/progrape/demo/herm1/pgr/ISE_PROJECT/pgpg_mem/pg_module.vhd \
      PB ieee/std_logic_1164 1140839709
AR work/pg_pdelay_26_13/rtl 1164071831 \
      FL /usr/local/src/progrape/demo/herm1/pgr/ISE_PROJECT/pgpg_mem/pg_module.vhd \
      EN work/pg_pdelay_26_13 1164071830
EN work/pg_pdelay_26_1 1164071832 \
      FL /usr/local/src/progrape/demo/herm1/pgr/ISE_PROJECT/pgpg_mem/pg_module.vhd \
      PB ieee/std_logic_1164 1140839709
AR work/pg_pdelay_26_1/rtl 1164071833 \
      FL /usr/local/src/progrape/demo/herm1/pgr/ISE_PROJECT/pgpg_mem/pg_module.vhd \
      EN work/pg_pdelay_26_1 1164071832
EN work/pg_pdelay_26_6 1164071834 \
      FL /usr/local/src/progrape/demo/herm1/pgr/ISE_PROJECT/pgpg_mem/pg_module.vhd \
      PB ieee/std_logic_1164 1140839709
AR work/pg_pdelay_26_6/rtl 1164071835 \
      FL /usr/local/src/progrape/demo/herm1/pgr/ISE_PROJECT/pgpg_mem/pg_module.vhd \
      EN work/pg_pdelay_26_6 1164071834
EN work/pg_lcell 1164071836 \
      FL /usr/local/src/progrape/demo/herm1/pgr/ISE_PROJECT/pgpg_mem/pg_module.vhd \
      PB ieee/std_logic_1164 1140839709 PH ieee/NUMERIC_STD 1140839720 LB UNISIM \
      PH unisim/VCOMPONENTS 1142233852
AR work/pg_lcell/schematic 1164071837 \
      FL /usr/local/src/progrape/demo/herm1/pgr/ISE_PROJECT/pgpg_mem/pg_module.vhd \
      EN work/pg_lcell 1164071836 CP LUT4
FL /usr/local/src/progrape/demo/herm1/pgr/ISE_PROJECT/dmar_mem_re.vhd 2006/11/21.10:09:17 I.27
EN work/dmar_mem_re 1164071868 \
      FL /usr/local/src/progrape/demo/herm1/pgr/ISE_PROJECT/dmar_mem_re.vhd \
      PB ieee/std_logic_1164 1140839709 PB ieee/STD_LOGIC_UNSIGNED 1140839715
AR work/dmar_mem_re/rtl 1164071869 \
      FL /usr/local/src/progrape/demo/herm1/pgr/ISE_PROJECT/dmar_mem_re.vhd \
      EN work/dmar_mem_re 1164071868 CP dmaw_mem_we
FL /usr/local/src/progrape/demo/herm1/pgr/ISE_PROJECT/dmar.vhd 2006/11/21.10:09:17 I.27
EN work/dmar 1164071876            FL /usr/local/src/progrape/demo/herm1/pgr/ISE_PROJECT/dmar.vhd \
      PB ieee/std_logic_1164 1140839709 PB ieee/STD_LOGIC_UNSIGNED 1140839715
AR work/dmar/rtl 1164071877        FL /usr/local/src/progrape/demo/herm1/pgr/ISE_PROJECT/dmar.vhd \
      EN work/dmar 1164071876 CP dmar_state CP dmar_start_adr CP dmar_mem_adr \
      CP dmar_mem_re    CP dmar_dbus_hiz
FL /usr/local/src/progrape/demo/herm1/pgr/ISE_PROJECT/dmaw_mem_we.vhd 2006/11/21.10:09:17 I.27
EN work/dmaw_mem_we 1164071852 \
      FL /usr/local/src/progrape/demo/herm1/pgr/ISE_PROJECT/dmaw_mem_we.vhd \
      PB ieee/std_logic_1164 1140839709 PB ieee/STD_LOGIC_UNSIGNED 1140839715
AR work/dmaw_mem_we/rtl 1164071853 \
      FL /usr/local/src/progrape/demo/herm1/pgr/ISE_PROJECT/dmaw_mem_we.vhd \
      EN work/dmaw_mem_we 1164071852
FL /usr/local/src/progrape/demo/herm1/pgr/ISE_PROJECT/dmaw.vhd 2006/11/21.10:09:17 I.27
EN work/dmaw 1164071874            FL /usr/local/src/progrape/demo/herm1/pgr/ISE_PROJECT/dmaw.vhd \
      PB ieee/std_logic_1164 1140839709 PB ieee/STD_LOGIC_UNSIGNED 1140839715
AR work/dmaw/rtl 1164071875        FL /usr/local/src/progrape/demo/herm1/pgr/ISE_PROJECT/dmaw.vhd \
      EN work/dmaw 1164071874
FL /usr/local/src/progrape/demo/herm1/pgr/ISE_PROJECT/dmar_start_adr.vhd 2006/11/21.10:09:17 I.27
EN work/dmar_start_adr 1164071864 \
      FL /usr/local/src/progrape/demo/herm1/pgr/ISE_PROJECT/dmar_start_adr.vhd \
      PB ieee/std_logic_1164 1140839709
AR work/dmar_start_adr/rtl 1164071865 \
      FL /usr/local/src/progrape/demo/herm1/pgr/ISE_PROJECT/dmar_start_adr.vhd \
      EN work/dmar_start_adr 1164071864 CP dmaw_start_adr
FL /usr/local/src/progrape/demo/herm1/pgr/ISE_PROJECT/top.vhd 2006/11/21.10:15:19 I.27
EN work/top 1164071880             FL /usr/local/src/progrape/demo/herm1/pgr/ISE_PROJECT/top.vhd \
      PB ieee/std_logic_1164 1140839709 PB ieee/STD_LOGIC_UNSIGNED 1140839715
AR work/top/rtl 1164071881         FL /usr/local/src/progrape/demo/herm1/pgr/ISE_PROJECT/top.vhd \
      EN work/top 1164071880 CP CLK_MULDIV CP dmaw           CP dmar           CP user
FL /usr/local/src/progrape/demo/herm1/pgr/ISE_PROJECT/dmaw_mem_adr.vhd 2006/11/21.10:09:17 I.27
EN work/dmaw_mem_adr 1164071854 \
      FL /usr/local/src/progrape/demo/herm1/pgr/ISE_PROJECT/dmaw_mem_adr.vhd \
      PB ieee/std_logic_1164 1140839709 PB ieee/STD_LOGIC_UNSIGNED 1140839715
AR work/dmaw_mem_adr/rtl 1164071855 \
      FL /usr/local/src/progrape/demo/herm1/pgr/ISE_PROJECT/dmaw_mem_adr.vhd \
      EN work/dmaw_mem_adr 1164071854
FL /usr/local/src/progrape/demo/herm1/pgr/ISE_PROJECT/pgpg_mem/pg_pipe.vhd 2006/11/21.10:09:17 I.27
EN work/pg_pipe 1164071840 \
      FL /usr/local/src/progrape/demo/herm1/pgr/ISE_PROJECT/pgpg_mem/pg_pipe.vhd \
      PB ieee/std_logic_1164 1140839709
AR work/pg_pipe/std 1164071841 \
      FL /usr/local/src/progrape/demo/herm1/pgr/ISE_PROJECT/pgpg_mem/pg_pipe.vhd \
      EN work/pg_pipe 1164071840 CP pipe
EN work/pipe 1164071842 \
      FL /usr/local/src/progrape/demo/herm1/pgr/ISE_PROJECT/pgpg_mem/pg_pipe.vhd \
      PB ieee/std_logic_1164 1140839709
AR work/pipe/std 1164071843 \
      FL /usr/local/src/progrape/demo/herm1/pgr/ISE_PROJECT/pgpg_mem/pg_pipe.vhd \
      EN work/pipe 1164071842 CP pg_float_sub_26_16_4_6 CP pg_float_mult_26_16_2_6 \
      CP pg_float_unsigned_add_26_16_4_6 CP pg_float_sqrt_26_16_3 \
      CP pg_float_recipro_26_16_2 CP pg_float_expadd_31_26_16_1 \
      CP pg_float_fixaccum_26_16_57_64_2_0 CP pg_float_expadd_1_26_16_1 \
      CP pg_pdelay_26_4 CP pg_pdelay_26_3 CP pg_pdelay_26_5 CP pg_pdelay_26_23 \
      CP pg_pdelay_26_11 CP pg_pdelay_26_24 CP pg_pdelay_26_13 CP pg_pdelay_26_1 \
      CP pg_pdelay_26_6
FL /usr/local/src/progrape/demo/herm1/pgr/ISE_PROJECT/pgpg_mem/pipe_sts.vhd 2005/04/04.22:49:41 I.27
EN work/pipe_sts 1164071846 \
      FL /usr/local/src/progrape/demo/herm1/pgr/ISE_PROJECT/pgpg_mem/pipe_sts.vhd \
      PB ieee/std_logic_1164 1140839709 PB ieee/std_logic_arith 1140839711 \
      PB ieee/STD_LOGIC_UNSIGNED 1140839715
AR work/pipe_sts/rtl 1164071847 \
      FL /usr/local/src/progrape/demo/herm1/pgr/ISE_PROJECT/pgpg_mem/pipe_sts.vhd \
      EN work/pipe_sts 1164071846
FL /usr/local/src/progrape/demo/herm1/pgr/ISE_PROJECT/user.vhd 2006/11/21.10:09:17 I.27
EN work/user 1164071878            FL /usr/local/src/progrape/demo/herm1/pgr/ISE_PROJECT/user.vhd \
      PB ieee/std_logic_1164 1140839709 PB ieee/STD_LOGIC_UNSIGNED 1140839715
AR work/user/rtl 1164071879        FL /usr/local/src/progrape/demo/herm1/pgr/ISE_PROJECT/user.vhd \
      EN work/user 1164071878 CP pgpg_mem
