V3 244
FL /usr/local/src/progrape/demo/herm1/pgr/ISE_PROJECT.np1/pgpg_mem/pipe_sts.vhd 2005/04/04.22:49:41 I.27
EN work/pipe_sts 1163908416 \
      FL /usr/local/src/progrape/demo/herm1/pgr/ISE_PROJECT.np1/pgpg_mem/pipe_sts.vhd \
      PB ieee/std_logic_1164 1140839709 PB ieee/std_logic_arith 1140839711 \
      PB ieee/STD_LOGIC_UNSIGNED 1140839715
AR work/pipe_sts/rtl 1163908417 \
      FL /usr/local/src/progrape/demo/herm1/pgr/ISE_PROJECT.np1/pgpg_mem/pipe_sts.vhd \
      EN work/pipe_sts 1163908416
FL /usr/local/src/progrape/demo/herm1/pgr/ISE_PROJECT.np1/dmaw_mem_adr.vhd 2006/11/19.12:49:16 I.27
EN work/dmaw_mem_adr 1163908424 \
      FL /usr/local/src/progrape/demo/herm1/pgr/ISE_PROJECT.np1/dmaw_mem_adr.vhd \
      PB ieee/std_logic_1164 1140839709 PB ieee/STD_LOGIC_UNSIGNED 1140839715
AR work/dmaw_mem_adr/rtl 1163908425 \
      FL /usr/local/src/progrape/demo/herm1/pgr/ISE_PROJECT.np1/dmaw_mem_adr.vhd \
      EN work/dmaw_mem_adr 1163908424
FL /usr/local/src/progrape/demo/herm1/pgr/ISE_PROJECT.np1/pgpg_mem/jmem.vhd 2005/04/04.22:49:40 I.27
EN work/jmem 1163908420 \
      FL /usr/local/src/progrape/demo/herm1/pgr/ISE_PROJECT.np1/pgpg_mem/jmem.vhd \
      PB ieee/std_logic_1164 1140839709 PB ieee/std_logic_arith 1140839711 \
      PB ieee/STD_LOGIC_UNSIGNED 1140839715
AR work/jmem/rtl 1163908421 \
      FL /usr/local/src/progrape/demo/herm1/pgr/ISE_PROJECT.np1/pgpg_mem/jmem.vhd \
      EN work/jmem 1163908420 CP dpram
FL /usr/local/src/progrape/demo/herm1/pgr/ISE_PROJECT.np1/dmar_mem_re.vhd 2006/11/19.12:49:16 I.27
EN work/dmar_mem_re 1163908438 \
      FL /usr/local/src/progrape/demo/herm1/pgr/ISE_PROJECT.np1/dmar_mem_re.vhd \
      PB ieee/std_logic_1164 1140839709 PB ieee/STD_LOGIC_UNSIGNED 1140839715
AR work/dmar_mem_re/rtl 1163908439 \
      FL /usr/local/src/progrape/demo/herm1/pgr/ISE_PROJECT.np1/dmar_mem_re.vhd \
      EN work/dmar_mem_re 1163908438 CP dmaw_mem_we
FL /usr/local/src/progrape/demo/herm1/pgr/ISE_PROJECT.np1/pgpg_mem/pg_module.vhd 2006/11/19.12:49:16 I.27
EN work/pg_float_sub_26_16_4_6 1163908310 \
      FL /usr/local/src/progrape/demo/herm1/pgr/ISE_PROJECT.np1/pgpg_mem/pg_module.vhd \
      PB ieee/std_logic_1164 1140839709 PB ieee/STD_LOGIC_UNSIGNED 1140839715
AR work/pg_float_sub_26_16_4_6/rtl 1163908311 \
      FL /usr/local/src/progrape/demo/herm1/pgr/ISE_PROJECT.np1/pgpg_mem/pg_module.vhd \
      EN work/pg_float_sub_26_16_4_6 1163908310 CP pgsub_float_add_26_16_6_usub_3 \
      CP pgsub_float_add_26_16_6_uadd_3
EN work/pgsub_float_add_26_16_6_uadd_3 1163908312 \
      FL /usr/local/src/progrape/demo/herm1/pgr/ISE_PROJECT.np1/pgpg_mem/pg_module.vhd \
      PB ieee/std_logic_1164 1140839709 PB ieee/STD_LOGIC_UNSIGNED 1140839715
AR work/pgsub_float_add_26_16_6_uadd_3/rtl 1163908313 \
      FL /usr/local/src/progrape/demo/herm1/pgr/ISE_PROJECT.np1/pgpg_mem/pg_module.vhd \
      EN work/pgsub_float_add_26_16_6_uadd_3 1163908312 CP pg_fuadd_26_16_swap_1 \
      CP pg_fuadd_26_16_shift_0 CP pg_fuadd_26_16_guard \
      CP pg_fuadd_26_16_adjust_0 CP pg_float_rbit_mode6 CP pg_float_round_26_16
EN work/pg_fuadd_26_16_swap_1 1163908314 \
      FL /usr/local/src/progrape/demo/herm1/pgr/ISE_PROJECT.np1/pgpg_mem/pg_module.vhd \
      PB ieee/std_logic_1164 1140839709 PB ieee/STD_LOGIC_UNSIGNED 1140839715
AR work/pg_fuadd_26_16_swap_1/rtl 1163908315 \
      FL /usr/local/src/progrape/demo/herm1/pgr/ISE_PROJECT.np1/pgpg_mem/pg_module.vhd \
      EN work/pg_fuadd_26_16_swap_1 1163908314
EN work/pg_fuadd_26_16_shift_0 1163908316 \
      FL /usr/local/src/progrape/demo/herm1/pgr/ISE_PROJECT.np1/pgpg_mem/pg_module.vhd \
      PB ieee/std_logic_1164 1140839709 PB ieee/STD_LOGIC_UNSIGNED 1140839715
AR work/pg_fuadd_26_16_shift_0/rtl 1163908317 \
      FL /usr/local/src/progrape/demo/herm1/pgr/ISE_PROJECT.np1/pgpg_mem/pg_module.vhd \
      EN work/pg_fuadd_26_16_shift_0 1163908316
EN work/pg_fuadd_26_16_guard 1163908318 \
      FL /usr/local/src/progrape/demo/herm1/pgr/ISE_PROJECT.np1/pgpg_mem/pg_module.vhd \
      PB ieee/std_logic_1164 1140839709 PB ieee/STD_LOGIC_UNSIGNED 1140839715
AR work/pg_fuadd_26_16_guard/rtl 1163908319 \
      FL /usr/local/src/progrape/demo/herm1/pgr/ISE_PROJECT.np1/pgpg_mem/pg_module.vhd \
      EN work/pg_fuadd_26_16_guard 1163908318
EN work/pg_fuadd_26_16_adjust_0 1163908320 \
      FL /usr/local/src/progrape/demo/herm1/pgr/ISE_PROJECT.np1/pgpg_mem/pg_module.vhd \
      PB ieee/std_logic_1164 1140839709 PB ieee/STD_LOGIC_UNSIGNED 1140839715
AR work/pg_fuadd_26_16_adjust_0/rtl 1163908321 \
      FL /usr/local/src/progrape/demo/herm1/pgr/ISE_PROJECT.np1/pgpg_mem/pg_module.vhd \
      EN work/pg_fuadd_26_16_adjust_0 1163908320
EN work/pg_float_round_26_16 1163908322 \
      FL /usr/local/src/progrape/demo/herm1/pgr/ISE_PROJECT.np1/pgpg_mem/pg_module.vhd \
      PB ieee/std_logic_1164 1140839709 PB ieee/STD_LOGIC_UNSIGNED 1140839715
AR work/pg_float_round_26_16/rtl 1163908323 \
      FL /usr/local/src/progrape/demo/herm1/pgr/ISE_PROJECT.np1/pgpg_mem/pg_module.vhd \
      EN work/pg_float_round_26_16 1163908322
EN work/pg_float_rbit_mode6 1163908324 \
      FL /usr/local/src/progrape/demo/herm1/pgr/ISE_PROJECT.np1/pgpg_mem/pg_module.vhd \
      PB ieee/std_logic_1164 1140839709 PB ieee/STD_LOGIC_UNSIGNED 1140839715
AR work/pg_float_rbit_mode6/rtl 1163908325 \
      FL /usr/local/src/progrape/demo/herm1/pgr/ISE_PROJECT.np1/pgpg_mem/pg_module.vhd \
      EN work/pg_float_rbit_mode6 1163908324
EN work/pgsub_float_add_26_16_6_usub_3 1163908326 \
      FL /usr/local/src/progrape/demo/herm1/pgr/ISE_PROJECT.np1/pgpg_mem/pg_module.vhd \
      PB ieee/std_logic_1164 1140839709 PB ieee/STD_LOGIC_UNSIGNED 1140839715
AR work/pgsub_float_add_26_16_6_usub_3/rtl 1163908327 \
      FL /usr/local/src/progrape/demo/herm1/pgr/ISE_PROJECT.np1/pgpg_mem/pg_module.vhd \
      EN work/pgsub_float_add_26_16_6_usub_3 1163908326 CP pg_fusub_26_16_swap_1 \
      CP pg_fusub_26_16_shift_manb_0 CP penc_20_5 CP pg_fusub_26_16_guard_0 \
      CP pg_fusub_26_16_adjust_0 CP pg_fusub_26_16_expsub_0 \
      CP pg_float_rbit_mode6 CP pg_float_round_26_16
EN work/pg_fusub_26_16_swap_1 1163908328 \
      FL /usr/local/src/progrape/demo/herm1/pgr/ISE_PROJECT.np1/pgpg_mem/pg_module.vhd \
      PB ieee/std_logic_1164 1140839709 PB ieee/STD_LOGIC_UNSIGNED 1140839715
AR work/pg_fusub_26_16_swap_1/rtl 1163908329 \
      FL /usr/local/src/progrape/demo/herm1/pgr/ISE_PROJECT.np1/pgpg_mem/pg_module.vhd \
      EN work/pg_fusub_26_16_swap_1 1163908328
EN work/pg_fusub_26_16_shift_manb_0 1163908330 \
      FL /usr/local/src/progrape/demo/herm1/pgr/ISE_PROJECT.np1/pgpg_mem/pg_module.vhd \
      PB ieee/std_logic_1164 1140839709 PB ieee/STD_LOGIC_UNSIGNED 1140839715
AR work/pg_fusub_26_16_shift_manb_0/rtl 1163908331 \
      FL /usr/local/src/progrape/demo/herm1/pgr/ISE_PROJECT.np1/pgpg_mem/pg_module.vhd \
      EN work/pg_fusub_26_16_shift_manb_0 1163908330
EN work/penc_20_5 1163908332 \
      FL /usr/local/src/progrape/demo/herm1/pgr/ISE_PROJECT.np1/pgpg_mem/pg_module.vhd \
      PB ieee/std_logic_1164 1140839709
AR work/penc_20_5/rtl 1163908333 \
      FL /usr/local/src/progrape/demo/herm1/pgr/ISE_PROJECT.np1/pgpg_mem/pg_module.vhd \
      EN work/penc_20_5 1163908332
EN work/pg_fusub_26_16_guard_0 1163908334 \
      FL /usr/local/src/progrape/demo/herm1/pgr/ISE_PROJECT.np1/pgpg_mem/pg_module.vhd \
      PB ieee/std_logic_1164 1140839709 PB ieee/STD_LOGIC_UNSIGNED 1140839715
AR work/pg_fusub_26_16_guard_0/rtl 1163908335 \
      FL /usr/local/src/progrape/demo/herm1/pgr/ISE_PROJECT.np1/pgpg_mem/pg_module.vhd \
      EN work/pg_fusub_26_16_guard_0 1163908334
EN work/pg_fusub_26_16_adjust_0 1163908336 \
      FL /usr/local/src/progrape/demo/herm1/pgr/ISE_PROJECT.np1/pgpg_mem/pg_module.vhd \
      PB ieee/std_logic_1164 1140839709 PB ieee/STD_LOGIC_UNSIGNED 1140839715
AR work/pg_fusub_26_16_adjust_0/rtl 1163908337 \
      FL /usr/local/src/progrape/demo/herm1/pgr/ISE_PROJECT.np1/pgpg_mem/pg_module.vhd \
      EN work/pg_fusub_26_16_adjust_0 1163908336
EN work/pg_fusub_26_16_expsub_0 1163908338 \
      FL /usr/local/src/progrape/demo/herm1/pgr/ISE_PROJECT.np1/pgpg_mem/pg_module.vhd \
      PB ieee/std_logic_1164 1140839709 PB ieee/STD_LOGIC_UNSIGNED 1140839715
AR work/pg_fusub_26_16_expsub_0/rtl 1163908339 \
      FL /usr/local/src/progrape/demo/herm1/pgr/ISE_PROJECT.np1/pgpg_mem/pg_module.vhd \
      EN work/pg_fusub_26_16_expsub_0 1163908338
EN work/pg_float_mult_26_16_2_6 1163908340 \
      FL /usr/local/src/progrape/demo/herm1/pgr/ISE_PROJECT.np1/pgpg_mem/pg_module.vhd \
      PB ieee/std_logic_1164 1140839709 PB ieee/STD_LOGIC_UNSIGNED 1140839715
AR work/pg_float_mult_26_16_2_6/rtl 1163908341 \
      FL /usr/local/src/progrape/demo/herm1/pgr/ISE_PROJECT.np1/pgpg_mem/pg_module.vhd \
      EN work/pg_float_mult_26_16_2_6 1163908340 CP pg_umult_17_17_0
EN work/pg_umult_17_17_0 1163908342 \
      FL /usr/local/src/progrape/demo/herm1/pgr/ISE_PROJECT.np1/pgpg_mem/pg_module.vhd \
      PB ieee/std_logic_1164 1140839709 PB ieee/std_logic_arith 1140839711 \
      PB ieee/STD_LOGIC_UNSIGNED 1140839715
AR work/pg_umult_17_17_0/rtl 1163908343 \
      FL /usr/local/src/progrape/demo/herm1/pgr/ISE_PROJECT.np1/pgpg_mem/pg_module.vhd \
      EN work/pg_umult_17_17_0 1163908342
EN work/pg_float_unsigned_add_26_16_4_6 1163908344 \
      FL /usr/local/src/progrape/demo/herm1/pgr/ISE_PROJECT.np1/pgpg_mem/pg_module.vhd \
      PB ieee/std_logic_1164 1140839709 PB ieee/STD_LOGIC_UNSIGNED 1140839715
AR work/pg_float_unsigned_add_26_16_4_6/rtl 1163908345 \
      FL /usr/local/src/progrape/demo/herm1/pgr/ISE_PROJECT.np1/pgpg_mem/pg_module.vhd \
      EN work/pg_float_unsigned_add_26_16_4_6 1163908344 CP pg_fuadd_26_16_swap_1 \
      CP pg_fuadd_26_16_shift_0 CP pg_fuadd_26_16_guard \
      CP pg_fuadd_26_16_adjust_0 CP pg_float_rbit_mode6 CP pg_float_round_26_16
EN work/pg_float_sqrt_26_16_3 1163908346 \
      FL /usr/local/src/progrape/demo/herm1/pgr/ISE_PROJECT.np1/pgpg_mem/pg_module.vhd \
      PB ieee/std_logic_1164 1140839709 PB ieee/STD_LOGIC_UNSIGNED 1140839715
AR work/pg_float_sqrt_26_16_3/rtl 1163908347 \
      FL /usr/local/src/progrape/demo/herm1/pgr/ISE_PROJECT.np1/pgpg_mem/pg_module.vhd \
      EN work/pg_float_sqrt_26_16_3 1163908346 CP pg_float_sqrt_table_2itp_16_14_2
EN work/pg_float_sqrt_table_2itp_16_14_2 1163908348 \
      FL /usr/local/src/progrape/demo/herm1/pgr/ISE_PROJECT.np1/pgpg_mem/pg_module.vhd \
      PB ieee/std_logic_1164 1140839709 PB ieee/STD_LOGIC_UNSIGNED 1140839715
AR work/pg_float_sqrt_table_2itp_16_14_2/rtl 1163908349 \
      FL /usr/local/src/progrape/demo/herm1/pgr/ISE_PROJECT.np1/pgpg_mem/pg_module.vhd \
      EN work/pg_float_sqrt_table_2itp_16_14_2 1163908348 \
      CP lcell_rom_float_sqrt_c0_16_14_4_19_0 \
      CP lcell_rom_float_sqrt_c1_16_14_4_17_0 \
      CP lcell_rom_float_sqrt_c2_16_14_4_15_0 CP pg_umult_14_17_0 \
      CP pg_umult_12_15_0
EN work/pg_umult_14_17_0 1163908350 \
      FL /usr/local/src/progrape/demo/herm1/pgr/ISE_PROJECT.np1/pgpg_mem/pg_module.vhd \
      PB ieee/std_logic_1164 1140839709 PB ieee/std_logic_arith 1140839711 \
      PB ieee/STD_LOGIC_UNSIGNED 1140839715
AR work/pg_umult_14_17_0/rtl 1163908351 \
      FL /usr/local/src/progrape/demo/herm1/pgr/ISE_PROJECT.np1/pgpg_mem/pg_module.vhd \
      EN work/pg_umult_14_17_0 1163908350
EN work/pg_umult_12_15_0 1163908352 \
      FL /usr/local/src/progrape/demo/herm1/pgr/ISE_PROJECT.np1/pgpg_mem/pg_module.vhd \
      PB ieee/std_logic_1164 1140839709 PB ieee/std_logic_arith 1140839711 \
      PB ieee/STD_LOGIC_UNSIGNED 1140839715
AR work/pg_umult_12_15_0/rtl 1163908353 \
      FL /usr/local/src/progrape/demo/herm1/pgr/ISE_PROJECT.np1/pgpg_mem/pg_module.vhd \
      EN work/pg_umult_12_15_0 1163908352
EN work/lcell_rom_float_sqrt_c0_16_14_4_19_0 1163908354 \
      FL /usr/local/src/progrape/demo/herm1/pgr/ISE_PROJECT.np1/pgpg_mem/pg_module.vhd \
      PB ieee/std_logic_1164 1140839709
AR work/lcell_rom_float_sqrt_c0_16_14_4_19_0/rtl 1163908355 \
      FL /usr/local/src/progrape/demo/herm1/pgr/ISE_PROJECT.np1/pgpg_mem/pg_module.vhd \
      EN work/lcell_rom_float_sqrt_c0_16_14_4_19_0 1163908354 CP pg_lcell
EN work/lcell_rom_float_sqrt_c1_16_14_4_17_0 1163908356 \
      FL /usr/local/src/progrape/demo/herm1/pgr/ISE_PROJECT.np1/pgpg_mem/pg_module.vhd \
      PB ieee/std_logic_1164 1140839709
AR work/lcell_rom_float_sqrt_c1_16_14_4_17_0/rtl 1163908357 \
      FL /usr/local/src/progrape/demo/herm1/pgr/ISE_PROJECT.np1/pgpg_mem/pg_module.vhd \
      EN work/lcell_rom_float_sqrt_c1_16_14_4_17_0 1163908356 CP pg_lcell
EN work/lcell_rom_float_sqrt_c2_16_14_4_15_0 1163908358 \
      FL /usr/local/src/progrape/demo/herm1/pgr/ISE_PROJECT.np1/pgpg_mem/pg_module.vhd \
      PB ieee/std_logic_1164 1140839709
AR work/lcell_rom_float_sqrt_c2_16_14_4_15_0/rtl 1163908359 \
      FL /usr/local/src/progrape/demo/herm1/pgr/ISE_PROJECT.np1/pgpg_mem/pg_module.vhd \
      EN work/lcell_rom_float_sqrt_c2_16_14_4_15_0 1163908358 CP pg_lcell
EN work/pg_float_recipro_26_16_2 1163908360 \
      FL /usr/local/src/progrape/demo/herm1/pgr/ISE_PROJECT.np1/pgpg_mem/pg_module.vhd \
      PB ieee/std_logic_1164 1140839709 PB ieee/STD_LOGIC_UNSIGNED 1140839715
AR work/pg_float_recipro_26_16_2/rtl 1163908361 \
      FL /usr/local/src/progrape/demo/herm1/pgr/ISE_PROJECT.np1/pgpg_mem/pg_module.vhd \
      EN work/pg_float_recipro_26_16_2 1163908360 \
      CP pg_float_recipro_table_2itp_16_12_1
EN work/pg_float_recipro_table_2itp_16_12_1 1163908362 \
      FL /usr/local/src/progrape/demo/herm1/pgr/ISE_PROJECT.np1/pgpg_mem/pg_module.vhd \
      PB ieee/std_logic_1164 1140839709 PB ieee/STD_LOGIC_UNSIGNED 1140839715
AR work/pg_float_recipro_table_2itp_16_12_1/rtl 1163908363 \
      FL /usr/local/src/progrape/demo/herm1/pgr/ISE_PROJECT.np1/pgpg_mem/pg_module.vhd \
      EN work/pg_float_recipro_table_2itp_16_12_1 1163908362 \
      CP lcell_rom_float_recipro_c0_16_12_4_18_0 \
      CP lcell_rom_float_recipro_c1_16_12_4_18_0 \
      CP lcell_rom_float_recipro_c2_16_12_4_18_0 CP pg_umult_12_18_1 \
      CP pg_umult_8_18_1
EN work/pg_umult_12_18_1 1163908364 \
      FL /usr/local/src/progrape/demo/herm1/pgr/ISE_PROJECT.np1/pgpg_mem/pg_module.vhd \
      PB ieee/std_logic_1164 1140839709 PB ieee/std_logic_arith 1140839711 \
      PB ieee/STD_LOGIC_UNSIGNED 1140839715
AR work/pg_umult_12_18_1/rtl 1163908365 \
      FL /usr/local/src/progrape/demo/herm1/pgr/ISE_PROJECT.np1/pgpg_mem/pg_module.vhd \
      EN work/pg_umult_12_18_1 1163908364
EN work/pg_umult_8_18_1 1163908366 \
      FL /usr/local/src/progrape/demo/herm1/pgr/ISE_PROJECT.np1/pgpg_mem/pg_module.vhd \
      PB ieee/std_logic_1164 1140839709 PB ieee/std_logic_arith 1140839711 \
      PB ieee/STD_LOGIC_UNSIGNED 1140839715
AR work/pg_umult_8_18_1/rtl 1163908367 \
      FL /usr/local/src/progrape/demo/herm1/pgr/ISE_PROJECT.np1/pgpg_mem/pg_module.vhd \
      EN work/pg_umult_8_18_1 1163908366
EN work/lcell_rom_float_recipro_c0_16_12_4_18_0 1163908368 \
      FL /usr/local/src/progrape/demo/herm1/pgr/ISE_PROJECT.np1/pgpg_mem/pg_module.vhd \
      PB ieee/std_logic_1164 1140839709
AR work/lcell_rom_float_recipro_c0_16_12_4_18_0/rtl 1163908369 \
      FL /usr/local/src/progrape/demo/herm1/pgr/ISE_PROJECT.np1/pgpg_mem/pg_module.vhd \
      EN work/lcell_rom_float_recipro_c0_16_12_4_18_0 1163908368 CP pg_lcell
EN work/lcell_rom_float_recipro_c1_16_12_4_18_0 1163908370 \
      FL /usr/local/src/progrape/demo/herm1/pgr/ISE_PROJECT.np1/pgpg_mem/pg_module.vhd \
      PB ieee/std_logic_1164 1140839709
AR work/lcell_rom_float_recipro_c1_16_12_4_18_0/rtl 1163908371 \
      FL /usr/local/src/progrape/demo/herm1/pgr/ISE_PROJECT.np1/pgpg_mem/pg_module.vhd \
      EN work/lcell_rom_float_recipro_c1_16_12_4_18_0 1163908370 CP pg_lcell
EN work/lcell_rom_float_recipro_c2_16_12_4_18_0 1163908372 \
      FL /usr/local/src/progrape/demo/herm1/pgr/ISE_PROJECT.np1/pgpg_mem/pg_module.vhd \
      PB ieee/std_logic_1164 1140839709
AR work/lcell_rom_float_recipro_c2_16_12_4_18_0/rtl 1163908373 \
      FL /usr/local/src/progrape/demo/herm1/pgr/ISE_PROJECT.np1/pgpg_mem/pg_module.vhd \
      EN work/lcell_rom_float_recipro_c2_16_12_4_18_0 1163908372 CP pg_lcell
EN work/pg_float_expadd_31_26_16_1 1163908374 \
      FL /usr/local/src/progrape/demo/herm1/pgr/ISE_PROJECT.np1/pgpg_mem/pg_module.vhd \
      PB ieee/std_logic_1164 1140839709 PB ieee/STD_LOGIC_UNSIGNED 1140839715
AR work/pg_float_expadd_31_26_16_1/rtl 1163908375 \
      FL /usr/local/src/progrape/demo/herm1/pgr/ISE_PROJECT.np1/pgpg_mem/pg_module.vhd \
      EN work/pg_float_expadd_31_26_16_1 1163908374
EN work/pg_float_fixaccum_26_16_57_64_2_0 1163908376 \
      FL /usr/local/src/progrape/demo/herm1/pgr/ISE_PROJECT.np1/pgpg_mem/pg_module.vhd \
      PB ieee/std_logic_1164 1140839709 PB ieee/STD_LOGIC_UNSIGNED 1140839715
AR work/pg_float_fixaccum_26_16_57_64_2_0/rtl 1163908377 \
      FL /usr/local/src/progrape/demo/herm1/pgr/ISE_PROJECT.np1/pgpg_mem/pg_module.vhd \
      EN work/pg_float_fixaccum_26_16_57_64_2_0 1163908376 \
      CP pg_conv_floattofix_26_16_57_1_0 CP pg_fix_smaccum_57_64_1
EN work/pg_conv_floattofix_26_16_57_1_0 1163908378 \
      FL /usr/local/src/progrape/demo/herm1/pgr/ISE_PROJECT.np1/pgpg_mem/pg_module.vhd \
      PB ieee/std_logic_1164 1140839709 PB ieee/STD_LOGIC_UNSIGNED 1140839715
AR work/pg_conv_floattofix_26_16_57_1_0/rtl 1163908379 \
      FL /usr/local/src/progrape/demo/herm1/pgr/ISE_PROJECT.np1/pgpg_mem/pg_module.vhd \
      EN work/pg_conv_floattofix_26_16_57_1_0 1163908378 \
      CP pg_conv_floattofix_shift_16_7_56_0
EN work/pg_conv_floattofix_shift_16_7_56_0 1163908380 \
      FL /usr/local/src/progrape/demo/herm1/pgr/ISE_PROJECT.np1/pgpg_mem/pg_module.vhd \
      PB ieee/std_logic_1164 1140839709 PB ieee/STD_LOGIC_UNSIGNED 1140839715
AR work/pg_conv_floattofix_shift_16_7_56_0/rtl 1163908381 \
      FL /usr/local/src/progrape/demo/herm1/pgr/ISE_PROJECT.np1/pgpg_mem/pg_module.vhd \
      EN work/pg_conv_floattofix_shift_16_7_56_0 1163908380
EN work/pg_fix_smaccum_57_64_1 1163908382 \
      FL /usr/local/src/progrape/demo/herm1/pgr/ISE_PROJECT.np1/pgpg_mem/pg_module.vhd \
      PB ieee/std_logic_1164 1140839709 PB ieee/STD_LOGIC_UNSIGNED 1140839715
AR work/pg_fix_smaccum_57_64_1/rtl 1163908383 \
      FL /usr/local/src/progrape/demo/herm1/pgr/ISE_PROJECT.np1/pgpg_mem/pg_module.vhd \
      EN work/pg_fix_smaccum_57_64_1 1163908382 CP fix_accum_reg_last_1
EN work/fix_accum_reg_last_1 1163908384 \
      FL /usr/local/src/progrape/demo/herm1/pgr/ISE_PROJECT.np1/pgpg_mem/pg_module.vhd \
      PB ieee/std_logic_1164 1140839709 PB ieee/std_logic_arith 1140839711 \
      PB ieee/STD_LOGIC_UNSIGNED 1140839715
AR work/fix_accum_reg_last_1/rtl 1163908385 \
      FL /usr/local/src/progrape/demo/herm1/pgr/ISE_PROJECT.np1/pgpg_mem/pg_module.vhd \
      EN work/fix_accum_reg_last_1 1163908384
EN work/pg_float_expadd_1_26_16_1 1163908386 \
      FL /usr/local/src/progrape/demo/herm1/pgr/ISE_PROJECT.np1/pgpg_mem/pg_module.vhd \
      PB ieee/std_logic_1164 1140839709 PB ieee/STD_LOGIC_UNSIGNED 1140839715
AR work/pg_float_expadd_1_26_16_1/rtl 1163908387 \
      FL /usr/local/src/progrape/demo/herm1/pgr/ISE_PROJECT.np1/pgpg_mem/pg_module.vhd \
      EN work/pg_float_expadd_1_26_16_1 1163908386
EN work/pg_pdelay_26_4 1163908388 \
      FL /usr/local/src/progrape/demo/herm1/pgr/ISE_PROJECT.np1/pgpg_mem/pg_module.vhd \
      PB ieee/std_logic_1164 1140839709
AR work/pg_pdelay_26_4/rtl 1163908389 \
      FL /usr/local/src/progrape/demo/herm1/pgr/ISE_PROJECT.np1/pgpg_mem/pg_module.vhd \
      EN work/pg_pdelay_26_4 1163908388
EN work/pg_pdelay_26_3 1163908390 \
      FL /usr/local/src/progrape/demo/herm1/pgr/ISE_PROJECT.np1/pgpg_mem/pg_module.vhd \
      PB ieee/std_logic_1164 1140839709
AR work/pg_pdelay_26_3/rtl 1163908391 \
      FL /usr/local/src/progrape/demo/herm1/pgr/ISE_PROJECT.np1/pgpg_mem/pg_module.vhd \
      EN work/pg_pdelay_26_3 1163908390
EN work/pg_pdelay_26_5 1163908392 \
      FL /usr/local/src/progrape/demo/herm1/pgr/ISE_PROJECT.np1/pgpg_mem/pg_module.vhd \
      PB ieee/std_logic_1164 1140839709
AR work/pg_pdelay_26_5/rtl 1163908393 \
      FL /usr/local/src/progrape/demo/herm1/pgr/ISE_PROJECT.np1/pgpg_mem/pg_module.vhd \
      EN work/pg_pdelay_26_5 1163908392
EN work/pg_pdelay_26_23 1163908394 \
      FL /usr/local/src/progrape/demo/herm1/pgr/ISE_PROJECT.np1/pgpg_mem/pg_module.vhd \
      PB ieee/std_logic_1164 1140839709
AR work/pg_pdelay_26_23/rtl 1163908395 \
      FL /usr/local/src/progrape/demo/herm1/pgr/ISE_PROJECT.np1/pgpg_mem/pg_module.vhd \
      EN work/pg_pdelay_26_23 1163908394
EN work/pg_pdelay_26_11 1163908396 \
      FL /usr/local/src/progrape/demo/herm1/pgr/ISE_PROJECT.np1/pgpg_mem/pg_module.vhd \
      PB ieee/std_logic_1164 1140839709
AR work/pg_pdelay_26_11/rtl 1163908397 \
      FL /usr/local/src/progrape/demo/herm1/pgr/ISE_PROJECT.np1/pgpg_mem/pg_module.vhd \
      EN work/pg_pdelay_26_11 1163908396
EN work/pg_pdelay_26_24 1163908398 \
      FL /usr/local/src/progrape/demo/herm1/pgr/ISE_PROJECT.np1/pgpg_mem/pg_module.vhd \
      PB ieee/std_logic_1164 1140839709
AR work/pg_pdelay_26_24/rtl 1163908399 \
      FL /usr/local/src/progrape/demo/herm1/pgr/ISE_PROJECT.np1/pgpg_mem/pg_module.vhd \
      EN work/pg_pdelay_26_24 1163908398
EN work/pg_pdelay_26_13 1163908400 \
      FL /usr/local/src/progrape/demo/herm1/pgr/ISE_PROJECT.np1/pgpg_mem/pg_module.vhd \
      PB ieee/std_logic_1164 1140839709
AR work/pg_pdelay_26_13/rtl 1163908401 \
      FL /usr/local/src/progrape/demo/herm1/pgr/ISE_PROJECT.np1/pgpg_mem/pg_module.vhd \
      EN work/pg_pdelay_26_13 1163908400
EN work/pg_pdelay_26_1 1163908402 \
      FL /usr/local/src/progrape/demo/herm1/pgr/ISE_PROJECT.np1/pgpg_mem/pg_module.vhd \
      PB ieee/std_logic_1164 1140839709
AR work/pg_pdelay_26_1/rtl 1163908403 \
      FL /usr/local/src/progrape/demo/herm1/pgr/ISE_PROJECT.np1/pgpg_mem/pg_module.vhd \
      EN work/pg_pdelay_26_1 1163908402
EN work/pg_pdelay_26_6 1163908404 \
      FL /usr/local/src/progrape/demo/herm1/pgr/ISE_PROJECT.np1/pgpg_mem/pg_module.vhd \
      PB ieee/std_logic_1164 1140839709
AR work/pg_pdelay_26_6/rtl 1163908405 \
      FL /usr/local/src/progrape/demo/herm1/pgr/ISE_PROJECT.np1/pgpg_mem/pg_module.vhd \
      EN work/pg_pdelay_26_6 1163908404
EN work/pg_lcell 1163908406 \
      FL /usr/local/src/progrape/demo/herm1/pgr/ISE_PROJECT.np1/pgpg_mem/pg_module.vhd \
      PB ieee/std_logic_1164 1140839709 PH ieee/NUMERIC_STD 1140839720 LB UNISIM \
      PH unisim/VCOMPONENTS 1142233852
AR work/pg_lcell/schematic 1163908407 \
      FL /usr/local/src/progrape/demo/herm1/pgr/ISE_PROJECT.np1/pgpg_mem/pg_module.vhd \
      EN work/pg_lcell 1163908406 CP LUT4
FL /usr/local/src/progrape/demo/herm1/pgr/ISE_PROJECT.np1/pgpg_mem/adr_dec.vhd 2005/04/04.22:49:40 I.27
EN work/adr_dec 1163908408 \
      FL /usr/local/src/progrape/demo/herm1/pgr/ISE_PROJECT.np1/pgpg_mem/adr_dec.vhd \
      PB ieee/std_logic_1164 1140839709 PB ieee/std_logic_arith 1140839711 \
      PB ieee/STD_LOGIC_UNSIGNED 1140839715
AR work/adr_dec/rtl 1163908409 \
      FL /usr/local/src/progrape/demo/herm1/pgr/ISE_PROJECT.np1/pgpg_mem/adr_dec.vhd \
      EN work/adr_dec 1163908408
FL /usr/local/src/progrape/demo/herm1/pgr/ISE_PROJECT.np1/dmaw_mem_we.vhd 2006/11/19.12:49:16 I.27
EN work/dmaw_mem_we 1163908422 \
      FL /usr/local/src/progrape/demo/herm1/pgr/ISE_PROJECT.np1/dmaw_mem_we.vhd \
      PB ieee/std_logic_1164 1140839709 PB ieee/STD_LOGIC_UNSIGNED 1140839715
AR work/dmaw_mem_we/rtl 1163908423 \
      FL /usr/local/src/progrape/demo/herm1/pgr/ISE_PROJECT.np1/dmaw_mem_we.vhd \
      EN work/dmaw_mem_we 1163908422
FL /usr/local/src/progrape/demo/herm1/pgr/ISE_PROJECT.np1/dmaw_start_adr.vhd 2006/11/19.12:49:16 I.27
EN work/dmaw_start_adr 1163908426 \
      FL /usr/local/src/progrape/demo/herm1/pgr/ISE_PROJECT.np1/dmaw_start_adr.vhd \
      PB ieee/std_logic_1164 1140839709 PB ieee/STD_LOGIC_UNSIGNED 1140839715
AR work/dmaw_start_adr/rtl 1163908427 \
      FL /usr/local/src/progrape/demo/herm1/pgr/ISE_PROJECT.np1/dmaw_start_adr.vhd \
      EN work/dmaw_start_adr 1163908426
FL /usr/local/src/progrape/demo/herm1/pgr/ISE_PROJECT.np1/pgpg_mem/pgpg_mem.vhd 2005/04/04.22:49:41 I.27
EN work/pgpg_mem 1163908430 \
      FL /usr/local/src/progrape/demo/herm1/pgr/ISE_PROJECT.np1/pgpg_mem/pgpg_mem.vhd \
      LB UNISIM         PB ieee/std_logic_1164 1140839709 PB ieee/std_logic_arith 1140839711 \
      PB ieee/STD_LOGIC_UNSIGNED 1140839715 PH unisim/VCOMPONENTS 1142233852
AR work/pgpg_mem/RTL 1163908431 \
      FL /usr/local/src/progrape/demo/herm1/pgr/ISE_PROJECT.np1/pgpg_mem/pgpg_mem.vhd \
      EN work/pgpg_mem 1163908430 CP adr_dec CP pg_pipe      CP calc           CP pipe_sts \
      CP setn           CP jmem
FL /usr/local/src/progrape/demo/herm1/pgr/ISE_PROJECT.np1/dmar_dbus_hiz.vhd 2006/11/19.12:49:16 I.27
EN work/dmar_dbus_hiz 1163908440 \
      FL /usr/local/src/progrape/demo/herm1/pgr/ISE_PROJECT.np1/dmar_dbus_hiz.vhd \
      PB ieee/std_logic_1164 1140839709
AR work/dmar_dbus_hiz/rtl 1163908441 \
      FL /usr/local/src/progrape/demo/herm1/pgr/ISE_PROJECT.np1/dmar_dbus_hiz.vhd \
      EN work/dmar_dbus_hiz 1163908440
FL /usr/local/src/progrape/demo/herm1/pgr/ISE_PROJECT.np1/dmar.vhd 2006/11/19.12:49:16 I.27
EN work/dmar 1163908446            FL /usr/local/src/progrape/demo/herm1/pgr/ISE_PROJECT.np1/dmar.vhd \
      PB ieee/std_logic_1164 1140839709 PB ieee/STD_LOGIC_UNSIGNED 1140839715
AR work/dmar/rtl 1163908447 \
      FL /usr/local/src/progrape/demo/herm1/pgr/ISE_PROJECT.np1/dmar.vhd \
      EN work/dmar 1163908446 CP dmar_state CP dmar_start_adr CP dmar_mem_adr \
      CP dmar_mem_re    CP dmar_dbus_hiz
FL /usr/local/src/progrape/demo/herm1/pgr/ISE_PROJECT.np1/pgpg_mem/setn.vhd 2005/04/04.22:49:41 I.27
EN work/setn 1163908418 \
      FL /usr/local/src/progrape/demo/herm1/pgr/ISE_PROJECT.np1/pgpg_mem/setn.vhd \
      PB ieee/std_logic_1164 1140839709 PB ieee/std_logic_arith 1140839711 \
      PB ieee/STD_LOGIC_UNSIGNED 1140839715
AR work/setn/rtl 1163908419 \
      FL /usr/local/src/progrape/demo/herm1/pgr/ISE_PROJECT.np1/pgpg_mem/setn.vhd \
      EN work/setn 1163908418
FL /usr/local/src/progrape/demo/herm1/pgr/ISE_PROJECT.np1/dmaw.vhd 2006/11/19.12:49:16 I.27
EN work/dmaw 1163908444            FL /usr/local/src/progrape/demo/herm1/pgr/ISE_PROJECT.np1/dmaw.vhd \
      PB ieee/std_logic_1164 1140839709 PB ieee/STD_LOGIC_UNSIGNED 1140839715
AR work/dmaw/rtl 1163908445 \
      FL /usr/local/src/progrape/demo/herm1/pgr/ISE_PROJECT.np1/dmaw.vhd \
      EN work/dmaw 1163908444
FL /usr/local/src/progrape/demo/herm1/pgr/ISE_PROJECT.np1/pgpg_mem/calc.vhd 2005/04/04.22:49:40 I.27
EN work/calc 1163908414 \
      FL /usr/local/src/progrape/demo/herm1/pgr/ISE_PROJECT.np1/pgpg_mem/calc.vhd \
      PB ieee/std_logic_1164 1140839709 PB ieee/std_logic_arith 1140839711 \
      PB ieee/STD_LOGIC_UNSIGNED 1140839715
AR work/calc/rtl 1163908415 \
      FL /usr/local/src/progrape/demo/herm1/pgr/ISE_PROJECT.np1/pgpg_mem/calc.vhd \
      EN work/calc 1163908414
FL /usr/local/src/progrape/demo/herm1/pgr/ISE_PROJECT.np1/clk_muldiv.vhd 2006/11/19.12:49:16 I.27
EN work/CLK_MULDIV 1163908442 \
      FL /usr/local/src/progrape/demo/herm1/pgr/ISE_PROJECT.np1/clk_muldiv.vhd \
      LB UNISIM         PB ieee/std_logic_1164 1140839709 PB ieee/std_logic_arith 1140839711 \
      PB ieee/STD_LOGIC_UNSIGNED 1140839715 PH unisim/VCOMPONENTS 1142233852
AR work/CLK_MULDIV/rtl 1163908443 \
      FL /usr/local/src/progrape/demo/herm1/pgr/ISE_PROJECT.np1/clk_muldiv.vhd \
      EN work/CLK_MULDIV 1163908442 CP DCM CP IBUFG          CP BUFG
FL /usr/local/src/progrape/demo/herm1/pgr/ISE_PROJECT.np1/top.vhd 2006/11/19.12:49:16 I.27
EN work/top 1163908450             FL /usr/local/src/progrape/demo/herm1/pgr/ISE_PROJECT.np1/top.vhd \
      PB ieee/std_logic_1164 1140839709 PB ieee/STD_LOGIC_UNSIGNED 1140839715
AR work/top/rtl 1163908451         FL /usr/local/src/progrape/demo/herm1/pgr/ISE_PROJECT.np1/top.vhd \
      EN work/top 1163908450 CP CLK_MULDIV CP dmaw           CP dmar           CP user
FL /usr/local/src/progrape/demo/herm1/pgr/ISE_PROJECT.np1/pgpg_mem/pg_pipe.vhd 2006/11/19.12:49:16 I.27
EN work/pg_pipe 1163908410 \
      FL /usr/local/src/progrape/demo/herm1/pgr/ISE_PROJECT.np1/pgpg_mem/pg_pipe.vhd \
      PB ieee/std_logic_1164 1140839709
AR work/pg_pipe/std 1163908411 \
      FL /usr/local/src/progrape/demo/herm1/pgr/ISE_PROJECT.np1/pgpg_mem/pg_pipe.vhd \
      EN work/pg_pipe 1163908410 CP pipe
EN work/pipe 1163908412 \
      FL /usr/local/src/progrape/demo/herm1/pgr/ISE_PROJECT.np1/pgpg_mem/pg_pipe.vhd \
      PB ieee/std_logic_1164 1140839709
AR work/pipe/std 1163908413 \
      FL /usr/local/src/progrape/demo/herm1/pgr/ISE_PROJECT.np1/pgpg_mem/pg_pipe.vhd \
      EN work/pipe 1163908412 CP pg_float_sub_26_16_4_6 CP pg_float_mult_26_16_2_6 \
      CP pg_float_unsigned_add_26_16_4_6 CP pg_float_sqrt_26_16_3 \
      CP pg_float_recipro_26_16_2 CP pg_float_expadd_31_26_16_1 \
      CP pg_float_fixaccum_26_16_57_64_2_0 CP pg_float_expadd_1_26_16_1 \
      CP pg_pdelay_26_4 CP pg_pdelay_26_3 CP pg_pdelay_26_5 CP pg_pdelay_26_23 \
      CP pg_pdelay_26_11 CP pg_pdelay_26_24 CP pg_pdelay_26_13 CP pg_pdelay_26_1 \
      CP pg_pdelay_26_6
FL /usr/local/src/progrape/demo/herm1/pgr/ISE_PROJECT.np1/dmar_mem_adr.vhd 2006/11/19.12:49:16 I.27
EN work/dmar_mem_adr 1163908436 \
      FL /usr/local/src/progrape/demo/herm1/pgr/ISE_PROJECT.np1/dmar_mem_adr.vhd \
      PB ieee/std_logic_1164 1140839709
AR work/dmar_mem_adr/rtl 1163908437 \
      FL /usr/local/src/progrape/demo/herm1/pgr/ISE_PROJECT.np1/dmar_mem_adr.vhd \
      EN work/dmar_mem_adr 1163908436 CP dmaw_mem_adr
FL /usr/local/src/progrape/demo/herm1/pgr/ISE_PROJECT.np1/pgpg_mem/dpram.vhd 2006/02/06.15:18:03 I.27
EN work/dpram 1163908308 \
      FL /usr/local/src/progrape/demo/herm1/pgr/ISE_PROJECT.np1/pgpg_mem/dpram.vhd \
      PB ieee/std_logic_1164 1140839709 LB UNISIM PH unisim/VCOMPONENTS 1142233852
AR work/dpram/rtl 1163908309 \
      FL /usr/local/src/progrape/demo/herm1/pgr/ISE_PROJECT.np1/pgpg_mem/dpram.vhd \
      EN work/dpram 1163908308 CP RAMB16_S4_S4
FL /usr/local/src/progrape/demo/herm1/pgr/ISE_PROJECT.np1/dmar_state.vhd 2006/11/19.12:49:16 I.27
EN work/dmar_state 1163908432 \
      FL /usr/local/src/progrape/demo/herm1/pgr/ISE_PROJECT.np1/dmar_state.vhd \
      PB ieee/std_logic_1164 1140839709 PB ieee/STD_LOGIC_UNSIGNED 1140839715
AR work/dmar_state/rtl 1163908433 \
      FL /usr/local/src/progrape/demo/herm1/pgr/ISE_PROJECT.np1/dmar_state.vhd \
      EN work/dmar_state 1163908432 CP dmaw_state
FL /usr/local/src/progrape/demo/herm1/pgr/ISE_PROJECT.np1/user.vhd 2006/11/19.12:49:16 I.27
EN work/user 1163908448            FL /usr/local/src/progrape/demo/herm1/pgr/ISE_PROJECT.np1/user.vhd \
      PB ieee/std_logic_1164 1140839709 PB ieee/STD_LOGIC_UNSIGNED 1140839715
AR work/user/rtl 1163908449 \
      FL /usr/local/src/progrape/demo/herm1/pgr/ISE_PROJECT.np1/user.vhd \
      EN work/user 1163908448 CP pgpg_mem
FL /usr/local/src/progrape/demo/herm1/pgr/ISE_PROJECT.np1/dmaw_state.vhd 2006/11/19.12:49:16 I.27
EN work/dmaw_state 1163908428 \
      FL /usr/local/src/progrape/demo/herm1/pgr/ISE_PROJECT.np1/dmaw_state.vhd \
      PB ieee/std_logic_1164 1140839709 PB ieee/STD_LOGIC_UNSIGNED 1140839715
AR work/dmaw_state/rtl 1163908429 \
      FL /usr/local/src/progrape/demo/herm1/pgr/ISE_PROJECT.np1/dmaw_state.vhd \
      EN work/dmaw_state 1163908428
FL /usr/local/src/progrape/demo/herm1/pgr/ISE_PROJECT.np1/dmar_start_adr.vhd 2006/11/19.12:49:16 I.27
EN work/dmar_start_adr 1163908434 \
      FL /usr/local/src/progrape/demo/herm1/pgr/ISE_PROJECT.np1/dmar_start_adr.vhd \
      PB ieee/std_logic_1164 1140839709
AR work/dmar_start_adr/rtl 1163908435 \
      FL /usr/local/src/progrape/demo/herm1/pgr/ISE_PROJECT.np1/dmar_start_adr.vhd \
      EN work/dmar_start_adr 1163908434 CP dmaw_start_adr
