EN pg_conv_floattofix_26_16_57_1_0 NULL /usr/local/src/progrape/demo/herm1/pgr/ISE_PROJECT.regifile.mr5i/pgpg_mem/pg_module.vhd sub00/vhpl72 1164020517
AR penc_20_5 rtl /usr/local/src/progrape/demo/herm1/pgr/ISE_PROJECT.regifile.mr5i/pgpg_mem/pg_module.vhd sub00/vhpl25 1164020470
AR pipe_sts rtl /usr/local/src/progrape/demo/herm1/pgr/ISE_PROJECT.regifile.mr5i/pgpg_mem/pipe_sts.vhd sub01/vhpl109 1164020554
EN pipe_sts NULL /usr/local/src/progrape/demo/herm1/pgr/ISE_PROJECT.regifile.mr5i/pgpg_mem/pipe_sts.vhd sub01/vhpl108 1164020553
EN pg_fuadd_26_16_guard NULL /usr/local/src/progrape/demo/herm1/pgr/ISE_PROJECT.regifile.mr5i/pgpg_mem/pg_module.vhd sub00/vhpl10 1164020455
EN dmaw NULL /usr/local/src/progrape/demo/herm1/pgr/ISE_PROJECT.regifile.mr5i/dmaw.vhd sub01/vhpl136 1164020581
EN pg_bits_regifile_26 NULL /usr/local/src/progrape/demo/herm1/pgr/ISE_PROJECT.regifile.mr5i/pgpg_mem/pg_module.vhd sub00/vhpl66 1164020511
EN clk_muldiv NULL /usr/local/src/progrape/demo/herm1/pgr/ISE_PROJECT.regifile.mr5i/clk_muldiv.vhd sub01/vhpl134 1164020579
EN pg_lcell NULL /usr/local/src/progrape/demo/herm1/pgr/ISE_PROJECT.regifile.mr5i/pgpg_mem/pg_module.vhd sub00/vhpl98 1164020543
AR dmaw rtl /usr/local/src/progrape/demo/herm1/pgr/ISE_PROJECT.regifile.mr5i/dmaw.vhd sub01/vhpl137 1164020582
AR pg_pdelay_26_24 rtl /usr/local/src/progrape/demo/herm1/pgr/ISE_PROJECT.regifile.mr5i/pgpg_mem/pg_module.vhd sub00/vhpl93 1164020538
AR pg_float_unsigned_add_26_16_4_6 rtl /usr/local/src/progrape/demo/herm1/pgr/ISE_PROJECT.regifile.mr5i/pgpg_mem/pg_module.vhd sub00/vhpl37 1164020482
AR pg_float_recipro_table_2itp_16_12_1 rtl /usr/local/src/progrape/demo/herm1/pgr/ISE_PROJECT.regifile.mr5i/pgpg_mem/pg_module.vhd sub00/vhpl55 1164020500
AR pgsub_float_add_26_16_6_usub_3 rtl /usr/local/src/progrape/demo/herm1/pgr/ISE_PROJECT.regifile.mr5i/pgpg_mem/pg_module.vhd sub00/vhpl19 1164020464
AR pg_lcell schematic /usr/local/src/progrape/demo/herm1/pgr/ISE_PROJECT.regifile.mr5i/pgpg_mem/pg_module.vhd sub00/vhpl99 1164020544
EN pg_fusub_26_16_expsub_0 NULL /usr/local/src/progrape/demo/herm1/pgr/ISE_PROJECT.regifile.mr5i/pgpg_mem/pg_module.vhd sub00/vhpl30 1164020475
EN pg_float_round_26_16 NULL /usr/local/src/progrape/demo/herm1/pgr/ISE_PROJECT.regifile.mr5i/pgpg_mem/pg_module.vhd sub00/vhpl14 1164020459
AR calc rtl /usr/local/src/progrape/demo/herm1/pgr/ISE_PROJECT.regifile.mr5i/pgpg_mem/calc.vhd sub01/vhpl107 1164020552
AR pg_float_mult_26_16_2_6 rtl /usr/local/src/progrape/demo/herm1/pgr/ISE_PROJECT.regifile.mr5i/pgpg_mem/pg_module.vhd sub00/vhpl33 1164020478
EN pg_fusub_26_16_adjust_0 NULL /usr/local/src/progrape/demo/herm1/pgr/ISE_PROJECT.regifile.mr5i/pgpg_mem/pg_module.vhd sub00/vhpl28 1164020473
AR pg_float_round_26_16 rtl /usr/local/src/progrape/demo/herm1/pgr/ISE_PROJECT.regifile.mr5i/pgpg_mem/pg_module.vhd sub00/vhpl15 1164020460
EN pg_float_rbit_mode6 NULL /usr/local/src/progrape/demo/herm1/pgr/ISE_PROJECT.regifile.mr5i/pgpg_mem/pg_module.vhd sub00/vhpl16 1164020461
EN pg_umult_12_18_1 NULL /usr/local/src/progrape/demo/herm1/pgr/ISE_PROJECT.regifile.mr5i/pgpg_mem/pg_module.vhd sub00/vhpl56 1164020501
EN pg_fusub_26_16_swap_1 NULL /usr/local/src/progrape/demo/herm1/pgr/ISE_PROJECT.regifile.mr5i/pgpg_mem/pg_module.vhd sub00/vhpl20 1164020465
AR pg_pdelay_26_11 rtl /usr/local/src/progrape/demo/herm1/pgr/ISE_PROJECT.regifile.mr5i/pgpg_mem/pg_module.vhd sub00/vhpl91 1164020536
AR pg_conv_floattofix_26_16_57_1_0 rtl /usr/local/src/progrape/demo/herm1/pgr/ISE_PROJECT.regifile.mr5i/pgpg_mem/pg_module.vhd sub00/vhpl73 1164020518
AR pg_bits_regifile_26 rtl /usr/local/src/progrape/demo/herm1/pgr/ISE_PROJECT.regifile.mr5i/pgpg_mem/pg_module.vhd sub00/vhpl67 1164020512
EN pgsub_float_add_26_16_6_uadd_3 NULL /usr/local/src/progrape/demo/herm1/pgr/ISE_PROJECT.regifile.mr5i/pgpg_mem/pg_module.vhd sub00/vhpl04 1164020449
EN setn NULL /usr/local/src/progrape/demo/herm1/pgr/ISE_PROJECT.regifile.mr5i/pgpg_mem/setn.vhd sub01/vhpl110 1164020555
EN pg_float_recipro_26_16_2 NULL /usr/local/src/progrape/demo/herm1/pgr/ISE_PROJECT.regifile.mr5i/pgpg_mem/pg_module.vhd sub00/vhpl52 1164020497
EN lcell_rom_float_recipro_c2_16_12_4_18_0 NULL /usr/local/src/progrape/demo/herm1/pgr/ISE_PROJECT.regifile.mr5i/pgpg_mem/pg_module.vhd sub00/vhpl64 1164020509
AR pgsub_float_add_26_16_6_uadd_3 rtl /usr/local/src/progrape/demo/herm1/pgr/ISE_PROJECT.regifile.mr5i/pgpg_mem/pg_module.vhd sub00/vhpl05 1164020450
AR pg_fuadd_26_16_adjust_0 rtl /usr/local/src/progrape/demo/herm1/pgr/ISE_PROJECT.regifile.mr5i/pgpg_mem/pg_module.vhd sub00/vhpl13 1164020458
AR clk_muldiv rtl /usr/local/src/progrape/demo/herm1/pgr/ISE_PROJECT.regifile.mr5i/clk_muldiv.vhd sub01/vhpl135 1164020580
EN pgsub_float_add_26_16_6_usub_3 NULL /usr/local/src/progrape/demo/herm1/pgr/ISE_PROJECT.regifile.mr5i/pgpg_mem/pg_module.vhd sub00/vhpl18 1164020463
AR jmem rtl /usr/local/src/progrape/demo/herm1/pgr/ISE_PROJECT.regifile.mr5i/pgpg_mem/jmem.vhd sub01/vhpl113 1164020558
EN lcell_rom_float_sqrt_c1_16_14_4_17_0 NULL /usr/local/src/progrape/demo/herm1/pgr/ISE_PROJECT.regifile.mr5i/pgpg_mem/pg_module.vhd sub00/vhpl48 1164020493
AR pg_pdelay_26_5 rtl /usr/local/src/progrape/demo/herm1/pgr/ISE_PROJECT.regifile.mr5i/pgpg_mem/pg_module.vhd sub00/vhpl87 1164020532
AR pg_umult_8_18_1 rtl /usr/local/src/progrape/demo/herm1/pgr/ISE_PROJECT.regifile.mr5i/pgpg_mem/pg_module.vhd sub00/vhpl59 1164020504
EN dpram NULL /usr/local/src/progrape/demo/herm1/pgr/ISE_PROJECT.regifile.mr5i/pgpg_mem/dpram.vhd sub00/vhpl00 1164020445
AR adr_dec rtl /usr/local/src/progrape/demo/herm1/pgr/ISE_PROJECT.regifile.mr5i/pgpg_mem/adr_dec.vhd sub01/vhpl101 1164020546
AR pg_float_expadd_1_26_16_1 rtl /usr/local/src/progrape/demo/herm1/pgr/ISE_PROJECT.regifile.mr5i/pgpg_mem/pg_module.vhd sub00/vhpl81 1164020526
AR lcell_rom_float_recipro_c2_16_12_4_18_0 rtl /usr/local/src/progrape/demo/herm1/pgr/ISE_PROJECT.regifile.mr5i/pgpg_mem/pg_module.vhd sub00/vhpl65 1164020510
AR pg_fusub_26_16_adjust_0 rtl /usr/local/src/progrape/demo/herm1/pgr/ISE_PROJECT.regifile.mr5i/pgpg_mem/pg_module.vhd sub00/vhpl29 1164020474
EN pg_conv_floattofix_shift_16_7_56_0 NULL /usr/local/src/progrape/demo/herm1/pgr/ISE_PROJECT.regifile.mr5i/pgpg_mem/pg_module.vhd sub00/vhpl74 1164020519
AR pg_pdelay_26_1 rtl /usr/local/src/progrape/demo/herm1/pgr/ISE_PROJECT.regifile.mr5i/pgpg_mem/pg_module.vhd sub00/vhpl95 1164020540
AR dmar_start_adr rtl /usr/local/src/progrape/demo/herm1/pgr/ISE_PROJECT.regifile.mr5i/dmar_start_adr.vhd sub01/vhpl127 1164020572
AR lcell_rom_float_sqrt_c0_16_14_4_19_0 rtl /usr/local/src/progrape/demo/herm1/pgr/ISE_PROJECT.regifile.mr5i/pgpg_mem/pg_module.vhd sub00/vhpl47 1164020492
AR dmaw_state rtl /usr/local/src/progrape/demo/herm1/pgr/ISE_PROJECT.regifile.mr5i/dmaw_state.vhd sub01/vhpl121 1164020566
EN pg_pipe NULL /usr/local/src/progrape/demo/herm1/pgr/ISE_PROJECT.regifile.mr5i/pgpg_mem/pg_pipe.vhd sub01/vhpl102 1164020547
EN pg_float_sub_26_16_4_6 NULL /usr/local/src/progrape/demo/herm1/pgr/ISE_PROJECT.regifile.mr5i/pgpg_mem/pg_module.vhd sub00/vhpl02 1164020447
EN pg_float_sqrt_table_2itp_16_14_2 NULL /usr/local/src/progrape/demo/herm1/pgr/ISE_PROJECT.regifile.mr5i/pgpg_mem/pg_module.vhd sub00/vhpl40 1164020485
AR dpram rtl /usr/local/src/progrape/demo/herm1/pgr/ISE_PROJECT.regifile.mr5i/pgpg_mem/dpram.vhd sub00/vhpl01 1164020446
AR lcell_rom_float_recipro_c0_16_12_4_18_0 rtl /usr/local/src/progrape/demo/herm1/pgr/ISE_PROJECT.regifile.mr5i/pgpg_mem/pg_module.vhd sub00/vhpl61 1164020506
EN pg_umult_8_18_1 NULL /usr/local/src/progrape/demo/herm1/pgr/ISE_PROJECT.regifile.mr5i/pgpg_mem/pg_module.vhd sub00/vhpl58 1164020503
AR lcell_rom_float_sqrt_c2_16_14_4_15_0 rtl /usr/local/src/progrape/demo/herm1/pgr/ISE_PROJECT.regifile.mr5i/pgpg_mem/pg_module.vhd sub00/vhpl51 1164020496
EN lcell_rom_float_sqrt_c0_16_14_4_19_0 NULL /usr/local/src/progrape/demo/herm1/pgr/ISE_PROJECT.regifile.mr5i/pgpg_mem/pg_module.vhd sub00/vhpl46 1164020491
EN pgpg_mem NULL /usr/local/src/progrape/demo/herm1/pgr/ISE_PROJECT.regifile.mr5i/pgpg_mem/pgpg_mem.vhd sub01/vhpl122 1164020567
EN pg_umult_14_17_0 NULL /usr/local/src/progrape/demo/herm1/pgr/ISE_PROJECT.regifile.mr5i/pgpg_mem/pg_module.vhd sub00/vhpl42 1164020487
AR pipe std /usr/local/src/progrape/demo/herm1/pgr/ISE_PROJECT.regifile.mr5i/pgpg_mem/pg_pipe.vhd sub01/vhpl105 1164020550
EN lcell_rom_float_recipro_c0_16_12_4_18_0 NULL /usr/local/src/progrape/demo/herm1/pgr/ISE_PROJECT.regifile.mr5i/pgpg_mem/pg_module.vhd sub00/vhpl60 1164020505
AR pg_umult_12_15_0 rtl /usr/local/src/progrape/demo/herm1/pgr/ISE_PROJECT.regifile.mr5i/pgpg_mem/pg_module.vhd sub00/vhpl45 1164020490
EN dmar_dbus_hiz NULL /usr/local/src/progrape/demo/herm1/pgr/ISE_PROJECT.regifile.mr5i/dmar_dbus_hiz.vhd sub01/vhpl132 1164020577
AR pg_umult_17_17_0 rtl /usr/local/src/progrape/demo/herm1/pgr/ISE_PROJECT.regifile.mr5i/pgpg_mem/pg_module.vhd sub00/vhpl35 1164020480
EN penc_20_5 NULL /usr/local/src/progrape/demo/herm1/pgr/ISE_PROJECT.regifile.mr5i/pgpg_mem/pg_module.vhd sub00/vhpl24 1164020469
AR pg_fix_smaccum_57_64_1 rtl /usr/local/src/progrape/demo/herm1/pgr/ISE_PROJECT.regifile.mr5i/pgpg_mem/pg_module.vhd sub00/vhpl77 1164020522
EN pg_float_expadd_1_26_16_1 NULL /usr/local/src/progrape/demo/herm1/pgr/ISE_PROJECT.regifile.mr5i/pgpg_mem/pg_module.vhd sub00/vhpl80 1164020525
AR pg_float_expadd_31_26_16_1 rtl /usr/local/src/progrape/demo/herm1/pgr/ISE_PROJECT.regifile.mr5i/pgpg_mem/pg_module.vhd sub00/vhpl69 1164020514
EN dmaw_start_adr NULL /usr/local/src/progrape/demo/herm1/pgr/ISE_PROJECT.regifile.mr5i/dmaw_start_adr.vhd sub01/vhpl118 1164020563
AR pg_pdelay_26_6 rtl /usr/local/src/progrape/demo/herm1/pgr/ISE_PROJECT.regifile.mr5i/pgpg_mem/pg_module.vhd sub00/vhpl97 1164020542
EN pg_fuadd_26_16_swap_1 NULL /usr/local/src/progrape/demo/herm1/pgr/ISE_PROJECT.regifile.mr5i/pgpg_mem/pg_module.vhd sub00/vhpl06 1164020451
EN top NULL /usr/local/src/progrape/demo/herm1/pgr/ISE_PROJECT.regifile.mr5i/top.vhd sub01/vhpl142 1164020587
EN pg_fix_smaccum_57_64_1 NULL /usr/local/src/progrape/demo/herm1/pgr/ISE_PROJECT.regifile.mr5i/pgpg_mem/pg_module.vhd sub00/vhpl76 1164020521
AR top rtl /usr/local/src/progrape/demo/herm1/pgr/ISE_PROJECT.regifile.mr5i/top.vhd sub01/vhpl143 1164020588
EN lcell_rom_float_recipro_c1_16_12_4_18_0 NULL /usr/local/src/progrape/demo/herm1/pgr/ISE_PROJECT.regifile.mr5i/pgpg_mem/pg_module.vhd sub00/vhpl62 1164020507
AR dmar_mem_re rtl /usr/local/src/progrape/demo/herm1/pgr/ISE_PROJECT.regifile.mr5i/dmar_mem_re.vhd sub01/vhpl131 1164020576
EN pg_float_recipro_table_2itp_16_12_1 NULL /usr/local/src/progrape/demo/herm1/pgr/ISE_PROJECT.regifile.mr5i/pgpg_mem/pg_module.vhd sub00/vhpl54 1164020499
EN pg_pdelay_26_1 NULL /usr/local/src/progrape/demo/herm1/pgr/ISE_PROJECT.regifile.mr5i/pgpg_mem/pg_module.vhd sub00/vhpl94 1164020539
AR pg_umult_12_18_1 rtl /usr/local/src/progrape/demo/herm1/pgr/ISE_PROJECT.regifile.mr5i/pgpg_mem/pg_module.vhd sub00/vhpl57 1164020502
EN pg_pdelay_26_3 NULL /usr/local/src/progrape/demo/herm1/pgr/ISE_PROJECT.regifile.mr5i/pgpg_mem/pg_module.vhd sub00/vhpl84 1164020529
EN pg_float_unsigned_add_26_16_4_6 NULL /usr/local/src/progrape/demo/herm1/pgr/ISE_PROJECT.regifile.mr5i/pgpg_mem/pg_module.vhd sub00/vhpl36 1164020481
EN pg_pdelay_26_4 NULL /usr/local/src/progrape/demo/herm1/pgr/ISE_PROJECT.regifile.mr5i/pgpg_mem/pg_module.vhd sub00/vhpl82 1164020527
EN pg_pdelay_26_5 NULL /usr/local/src/progrape/demo/herm1/pgr/ISE_PROJECT.regifile.mr5i/pgpg_mem/pg_module.vhd sub00/vhpl86 1164020531
EN pg_pdelay_26_6 NULL /usr/local/src/progrape/demo/herm1/pgr/ISE_PROJECT.regifile.mr5i/pgpg_mem/pg_module.vhd sub00/vhpl96 1164020541
EN pg_fusub_26_16_shift_manb_0 NULL /usr/local/src/progrape/demo/herm1/pgr/ISE_PROJECT.regifile.mr5i/pgpg_mem/pg_module.vhd sub00/vhpl22 1164020467
AR pg_float_fixaccum_26_16_57_64_2_0 rtl /usr/local/src/progrape/demo/herm1/pgr/ISE_PROJECT.regifile.mr5i/pgpg_mem/pg_module.vhd sub00/vhpl71 1164020516
EN pg_float_fixaccum_26_16_57_64_2_0 NULL /usr/local/src/progrape/demo/herm1/pgr/ISE_PROJECT.regifile.mr5i/pgpg_mem/pg_module.vhd sub00/vhpl70 1164020515
AR pg_float_sub_26_16_4_6 rtl /usr/local/src/progrape/demo/herm1/pgr/ISE_PROJECT.regifile.mr5i/pgpg_mem/pg_module.vhd sub00/vhpl03 1164020448
EN pipe NULL /usr/local/src/progrape/demo/herm1/pgr/ISE_PROJECT.regifile.mr5i/pgpg_mem/pg_pipe.vhd sub01/vhpl104 1164020549
AR lcell_rom_float_recipro_c1_16_12_4_18_0 rtl /usr/local/src/progrape/demo/herm1/pgr/ISE_PROJECT.regifile.mr5i/pgpg_mem/pg_module.vhd sub00/vhpl63 1164020508
EN pg_fusub_26_16_guard_0 NULL /usr/local/src/progrape/demo/herm1/pgr/ISE_PROJECT.regifile.mr5i/pgpg_mem/pg_module.vhd sub00/vhpl26 1164020471
EN lcell_rom_float_sqrt_c2_16_14_4_15_0 NULL /usr/local/src/progrape/demo/herm1/pgr/ISE_PROJECT.regifile.mr5i/pgpg_mem/pg_module.vhd sub00/vhpl50 1164020495
AR lcell_rom_float_sqrt_c1_16_14_4_17_0 rtl /usr/local/src/progrape/demo/herm1/pgr/ISE_PROJECT.regifile.mr5i/pgpg_mem/pg_module.vhd sub00/vhpl49 1164020494
AR pg_float_recipro_26_16_2 rtl /usr/local/src/progrape/demo/herm1/pgr/ISE_PROJECT.regifile.mr5i/pgpg_mem/pg_module.vhd sub00/vhpl53 1164020498
EN pg_float_expadd_31_26_16_1 NULL /usr/local/src/progrape/demo/herm1/pgr/ISE_PROJECT.regifile.mr5i/pgpg_mem/pg_module.vhd sub00/vhpl68 1164020513
AR pg_fusub_26_16_guard_0 rtl /usr/local/src/progrape/demo/herm1/pgr/ISE_PROJECT.regifile.mr5i/pgpg_mem/pg_module.vhd sub00/vhpl27 1164020472
AR fix_accum_reg_last_1 rtl /usr/local/src/progrape/demo/herm1/pgr/ISE_PROJECT.regifile.mr5i/pgpg_mem/pg_module.vhd sub00/vhpl79 1164020524
AR pg_fuadd_26_16_swap_1 rtl /usr/local/src/progrape/demo/herm1/pgr/ISE_PROJECT.regifile.mr5i/pgpg_mem/pg_module.vhd sub00/vhpl07 1164020452
AR pgpg_mem rtl /usr/local/src/progrape/demo/herm1/pgr/ISE_PROJECT.regifile.mr5i/pgpg_mem/pgpg_mem.vhd sub01/vhpl123 1164020568
AR pg_pipe std /usr/local/src/progrape/demo/herm1/pgr/ISE_PROJECT.regifile.mr5i/pgpg_mem/pg_pipe.vhd sub01/vhpl103 1164020548
AR pg_fusub_26_16_shift_manb_0 rtl /usr/local/src/progrape/demo/herm1/pgr/ISE_PROJECT.regifile.mr5i/pgpg_mem/pg_module.vhd sub00/vhpl23 1164020468
EN dmaw_state NULL /usr/local/src/progrape/demo/herm1/pgr/ISE_PROJECT.regifile.mr5i/dmaw_state.vhd sub01/vhpl120 1164020565
AR pg_fusub_26_16_swap_1 rtl /usr/local/src/progrape/demo/herm1/pgr/ISE_PROJECT.regifile.mr5i/pgpg_mem/pg_module.vhd sub00/vhpl21 1164020466
AR dmar_dbus_hiz rtl /usr/local/src/progrape/demo/herm1/pgr/ISE_PROJECT.regifile.mr5i/dmar_dbus_hiz.vhd sub01/vhpl133 1164020578
EN pg_umult_12_15_0 NULL /usr/local/src/progrape/demo/herm1/pgr/ISE_PROJECT.regifile.mr5i/pgpg_mem/pg_module.vhd sub00/vhpl44 1164020489
EN dmaw_mem_adr NULL /usr/local/src/progrape/demo/herm1/pgr/ISE_PROJECT.regifile.mr5i/dmaw_mem_adr.vhd sub01/vhpl116 1164020561
AR pg_pdelay_26_3 rtl /usr/local/src/progrape/demo/herm1/pgr/ISE_PROJECT.regifile.mr5i/pgpg_mem/pg_module.vhd sub00/vhpl85 1164020530
AR pg_fusub_26_16_expsub_0 rtl /usr/local/src/progrape/demo/herm1/pgr/ISE_PROJECT.regifile.mr5i/pgpg_mem/pg_module.vhd sub00/vhpl31 1164020476
EN fix_accum_reg_last_1 NULL /usr/local/src/progrape/demo/herm1/pgr/ISE_PROJECT.regifile.mr5i/pgpg_mem/pg_module.vhd sub00/vhpl78 1164020523
EN pg_fuadd_26_16_shift_0 NULL /usr/local/src/progrape/demo/herm1/pgr/ISE_PROJECT.regifile.mr5i/pgpg_mem/pg_module.vhd sub00/vhpl08 1164020453
AR setn rtl /usr/local/src/progrape/demo/herm1/pgr/ISE_PROJECT.regifile.mr5i/pgpg_mem/setn.vhd sub01/vhpl111 1164020556
AR dmaw_mem_we rtl /usr/local/src/progrape/demo/herm1/pgr/ISE_PROJECT.regifile.mr5i/dmaw_mem_we.vhd sub01/vhpl115 1164020560
EN pg_pdelay_26_11 NULL /usr/local/src/progrape/demo/herm1/pgr/ISE_PROJECT.regifile.mr5i/pgpg_mem/pg_module.vhd sub00/vhpl90 1164020535
AR pg_float_sqrt_26_16_3 rtl /usr/local/src/progrape/demo/herm1/pgr/ISE_PROJECT.regifile.mr5i/pgpg_mem/pg_module.vhd sub00/vhpl39 1164020484
AR pg_pdelay_26_23 rtl /usr/local/src/progrape/demo/herm1/pgr/ISE_PROJECT.regifile.mr5i/pgpg_mem/pg_module.vhd sub00/vhpl89 1164020534
EN dmar_mem_re NULL /usr/local/src/progrape/demo/herm1/pgr/ISE_PROJECT.regifile.mr5i/dmar_mem_re.vhd sub01/vhpl130 1164020575
EN pg_pdelay_26_23 NULL /usr/local/src/progrape/demo/herm1/pgr/ISE_PROJECT.regifile.mr5i/pgpg_mem/pg_module.vhd sub00/vhpl88 1164020533
AR dmaw_start_adr rtl /usr/local/src/progrape/demo/herm1/pgr/ISE_PROJECT.regifile.mr5i/dmaw_start_adr.vhd sub01/vhpl119 1164020564
EN pg_pdelay_26_24 NULL /usr/local/src/progrape/demo/herm1/pgr/ISE_PROJECT.regifile.mr5i/pgpg_mem/pg_module.vhd sub00/vhpl92 1164020537
AR pg_fuadd_26_16_shift_0 rtl /usr/local/src/progrape/demo/herm1/pgr/ISE_PROJECT.regifile.mr5i/pgpg_mem/pg_module.vhd sub00/vhpl09 1164020454
AR user rtl /usr/local/src/progrape/demo/herm1/pgr/ISE_PROJECT.regifile.mr5i/user.vhd sub01/vhpl141 1164020586
AR dmar_state rtl /usr/local/src/progrape/demo/herm1/pgr/ISE_PROJECT.regifile.mr5i/dmar_state.vhd sub01/vhpl125 1164020570
AR dmar rtl /usr/local/src/progrape/demo/herm1/pgr/ISE_PROJECT.regifile.mr5i/dmar.vhd sub01/vhpl139 1164020584
AR dmar_mem_adr rtl /usr/local/src/progrape/demo/herm1/pgr/ISE_PROJECT.regifile.mr5i/dmar_mem_adr.vhd sub01/vhpl129 1164020574
AR pg_conv_floattofix_shift_16_7_56_0 rtl /usr/local/src/progrape/demo/herm1/pgr/ISE_PROJECT.regifile.mr5i/pgpg_mem/pg_module.vhd sub00/vhpl75 1164020520
AR pg_float_sqrt_table_2itp_16_14_2 rtl /usr/local/src/progrape/demo/herm1/pgr/ISE_PROJECT.regifile.mr5i/pgpg_mem/pg_module.vhd sub00/vhpl41 1164020486
EN user NULL /usr/local/src/progrape/demo/herm1/pgr/ISE_PROJECT.regifile.mr5i/user.vhd sub01/vhpl140 1164020585
EN dmaw_mem_we NULL /usr/local/src/progrape/demo/herm1/pgr/ISE_PROJECT.regifile.mr5i/dmaw_mem_we.vhd sub01/vhpl114 1164020559
EN dmar_mem_adr NULL /usr/local/src/progrape/demo/herm1/pgr/ISE_PROJECT.regifile.mr5i/dmar_mem_adr.vhd sub01/vhpl128 1164020573
EN dmar_state NULL /usr/local/src/progrape/demo/herm1/pgr/ISE_PROJECT.regifile.mr5i/dmar_state.vhd sub01/vhpl124 1164020569
EN adr_dec NULL /usr/local/src/progrape/demo/herm1/pgr/ISE_PROJECT.regifile.mr5i/pgpg_mem/adr_dec.vhd sub01/vhpl100 1164020545
AR pg_fuadd_26_16_guard rtl /usr/local/src/progrape/demo/herm1/pgr/ISE_PROJECT.regifile.mr5i/pgpg_mem/pg_module.vhd sub00/vhpl11 1164020456
AR pg_umult_14_17_0 rtl /usr/local/src/progrape/demo/herm1/pgr/ISE_PROJECT.regifile.mr5i/pgpg_mem/pg_module.vhd sub00/vhpl43 1164020488
EN jmem NULL /usr/local/src/progrape/demo/herm1/pgr/ISE_PROJECT.regifile.mr5i/pgpg_mem/jmem.vhd sub01/vhpl112 1164020557
EN pg_umult_17_17_0 NULL /usr/local/src/progrape/demo/herm1/pgr/ISE_PROJECT.regifile.mr5i/pgpg_mem/pg_module.vhd sub00/vhpl34 1164020479
AR pg_float_rbit_mode6 rtl /usr/local/src/progrape/demo/herm1/pgr/ISE_PROJECT.regifile.mr5i/pgpg_mem/pg_module.vhd sub00/vhpl17 1164020462
AR dmaw_mem_adr rtl /usr/local/src/progrape/demo/herm1/pgr/ISE_PROJECT.regifile.mr5i/dmaw_mem_adr.vhd sub01/vhpl117 1164020562
AR pg_pdelay_26_4 rtl /usr/local/src/progrape/demo/herm1/pgr/ISE_PROJECT.regifile.mr5i/pgpg_mem/pg_module.vhd sub00/vhpl83 1164020528
EN pg_float_mult_26_16_2_6 NULL /usr/local/src/progrape/demo/herm1/pgr/ISE_PROJECT.regifile.mr5i/pgpg_mem/pg_module.vhd sub00/vhpl32 1164020477
EN dmar_start_adr NULL /usr/local/src/progrape/demo/herm1/pgr/ISE_PROJECT.regifile.mr5i/dmar_start_adr.vhd sub01/vhpl126 1164020571
EN pg_fuadd_26_16_adjust_0 NULL /usr/local/src/progrape/demo/herm1/pgr/ISE_PROJECT.regifile.mr5i/pgpg_mem/pg_module.vhd sub00/vhpl12 1164020457
EN dmar NULL /usr/local/src/progrape/demo/herm1/pgr/ISE_PROJECT.regifile.mr5i/dmar.vhd sub01/vhpl138 1164020583
EN pg_float_sqrt_26_16_3 NULL /usr/local/src/progrape/demo/herm1/pgr/ISE_PROJECT.regifile.mr5i/pgpg_mem/pg_module.vhd sub00/vhpl38 1164020483
EN calc NULL /usr/local/src/progrape/demo/herm1/pgr/ISE_PROJECT.regifile.mr5i/pgpg_mem/calc.vhd sub01/vhpl106 1164020551
