EN pg_conv_floattofix_26_16_57_1_0 NULL /usr/local/src/progrape/demo/herm1/pgr/ISE_PROJECT.np1.dbg/pgpg_mem/pg_module.vhd sub00/vhpl70 1163936802
AR penc_20_5 rtl /usr/local/src/progrape/demo/herm1/pgr/ISE_PROJECT.np1.dbg/pgpg_mem/pg_module.vhd sub00/vhpl25 1163936757
AR pipe_sts rtl /usr/local/src/progrape/demo/herm1/pgr/ISE_PROJECT.np1.dbg/pgpg_mem/pipe_sts.vhd sub01/vhpl109 1163936841
EN pipe_sts NULL /usr/local/src/progrape/demo/herm1/pgr/ISE_PROJECT.np1.dbg/pgpg_mem/pipe_sts.vhd sub01/vhpl108 1163936840
EN pg_fuadd_26_16_guard NULL /usr/local/src/progrape/demo/herm1/pgr/ISE_PROJECT.np1.dbg/pgpg_mem/pg_module.vhd sub00/vhpl10 1163936742
EN dmaw NULL /usr/local/src/progrape/demo/herm1/pgr/ISE_PROJECT.np1.dbg/dmaw.vhd sub01/vhpl136 1163936868
EN clk_muldiv NULL /usr/local/src/progrape/demo/herm1/pgr/ISE_PROJECT.np1.dbg/clk_muldiv.vhd sub01/vhpl134 1163936866
EN pg_lcell NULL /usr/local/src/progrape/demo/herm1/pgr/ISE_PROJECT.np1.dbg/pgpg_mem/pg_module.vhd sub00/vhpl98 1163936830
AR dmaw rtl /usr/local/src/progrape/demo/herm1/pgr/ISE_PROJECT.np1.dbg/dmaw.vhd sub01/vhpl137 1163936869
AR pg_pdelay_26_24 rtl /usr/local/src/progrape/demo/herm1/pgr/ISE_PROJECT.np1.dbg/pgpg_mem/pg_module.vhd sub00/vhpl91 1163936823
AR pg_float_unsigned_add_26_16_4_6 rtl /usr/local/src/progrape/demo/herm1/pgr/ISE_PROJECT.np1.dbg/pgpg_mem/pg_module.vhd sub00/vhpl37 1163936769
AR pg_float_recipro_table_2itp_16_12_1 rtl /usr/local/src/progrape/demo/herm1/pgr/ISE_PROJECT.np1.dbg/pgpg_mem/pg_module.vhd sub00/vhpl55 1163936787
AR pgsub_float_add_26_16_6_usub_3 rtl /usr/local/src/progrape/demo/herm1/pgr/ISE_PROJECT.np1.dbg/pgpg_mem/pg_module.vhd sub00/vhpl19 1163936751
AR pg_lcell schematic /usr/local/src/progrape/demo/herm1/pgr/ISE_PROJECT.np1.dbg/pgpg_mem/pg_module.vhd sub00/vhpl99 1163936831
EN pg_fusub_26_16_expsub_0 NULL /usr/local/src/progrape/demo/herm1/pgr/ISE_PROJECT.np1.dbg/pgpg_mem/pg_module.vhd sub00/vhpl30 1163936762
EN pg_float_round_26_16 NULL /usr/local/src/progrape/demo/herm1/pgr/ISE_PROJECT.np1.dbg/pgpg_mem/pg_module.vhd sub00/vhpl14 1163936746
AR calc rtl /usr/local/src/progrape/demo/herm1/pgr/ISE_PROJECT.np1.dbg/pgpg_mem/calc.vhd sub01/vhpl107 1163936839
AR pg_float_mult_26_16_2_6 rtl /usr/local/src/progrape/demo/herm1/pgr/ISE_PROJECT.np1.dbg/pgpg_mem/pg_module.vhd sub00/vhpl33 1163936765
EN pg_fusub_26_16_adjust_0 NULL /usr/local/src/progrape/demo/herm1/pgr/ISE_PROJECT.np1.dbg/pgpg_mem/pg_module.vhd sub00/vhpl28 1163936760
AR pg_float_round_26_16 rtl /usr/local/src/progrape/demo/herm1/pgr/ISE_PROJECT.np1.dbg/pgpg_mem/pg_module.vhd sub00/vhpl15 1163936747
EN pg_float_rbit_mode6 NULL /usr/local/src/progrape/demo/herm1/pgr/ISE_PROJECT.np1.dbg/pgpg_mem/pg_module.vhd sub00/vhpl16 1163936748
EN pg_umult_12_18_1 NULL /usr/local/src/progrape/demo/herm1/pgr/ISE_PROJECT.np1.dbg/pgpg_mem/pg_module.vhd sub00/vhpl56 1163936788
EN pg_fusub_26_16_swap_1 NULL /usr/local/src/progrape/demo/herm1/pgr/ISE_PROJECT.np1.dbg/pgpg_mem/pg_module.vhd sub00/vhpl20 1163936752
AR pg_pdelay_26_11 rtl /usr/local/src/progrape/demo/herm1/pgr/ISE_PROJECT.np1.dbg/pgpg_mem/pg_module.vhd sub00/vhpl89 1163936821
AR pg_conv_floattofix_26_16_57_1_0 rtl /usr/local/src/progrape/demo/herm1/pgr/ISE_PROJECT.np1.dbg/pgpg_mem/pg_module.vhd sub00/vhpl71 1163936803
EN pgsub_float_add_26_16_6_uadd_3 NULL /usr/local/src/progrape/demo/herm1/pgr/ISE_PROJECT.np1.dbg/pgpg_mem/pg_module.vhd sub00/vhpl04 1163936736
EN setn NULL /usr/local/src/progrape/demo/herm1/pgr/ISE_PROJECT.np1.dbg/pgpg_mem/setn.vhd sub01/vhpl110 1163936842
EN pg_float_recipro_26_16_2 NULL /usr/local/src/progrape/demo/herm1/pgr/ISE_PROJECT.np1.dbg/pgpg_mem/pg_module.vhd sub00/vhpl52 1163936784
EN lcell_rom_float_recipro_c2_16_12_4_18_0 NULL /usr/local/src/progrape/demo/herm1/pgr/ISE_PROJECT.np1.dbg/pgpg_mem/pg_module.vhd sub00/vhpl64 1163936796
AR pgsub_float_add_26_16_6_uadd_3 rtl /usr/local/src/progrape/demo/herm1/pgr/ISE_PROJECT.np1.dbg/pgpg_mem/pg_module.vhd sub00/vhpl05 1163936737
AR pg_fuadd_26_16_adjust_0 rtl /usr/local/src/progrape/demo/herm1/pgr/ISE_PROJECT.np1.dbg/pgpg_mem/pg_module.vhd sub00/vhpl13 1163936745
AR clk_muldiv rtl /usr/local/src/progrape/demo/herm1/pgr/ISE_PROJECT.np1.dbg/clk_muldiv.vhd sub01/vhpl135 1163936867
EN pgsub_float_add_26_16_6_usub_3 NULL /usr/local/src/progrape/demo/herm1/pgr/ISE_PROJECT.np1.dbg/pgpg_mem/pg_module.vhd sub00/vhpl18 1163936750
AR jmem rtl /usr/local/src/progrape/demo/herm1/pgr/ISE_PROJECT.np1.dbg/pgpg_mem/jmem.vhd sub01/vhpl113 1163936845
EN lcell_rom_float_sqrt_c1_16_14_4_17_0 NULL /usr/local/src/progrape/demo/herm1/pgr/ISE_PROJECT.np1.dbg/pgpg_mem/pg_module.vhd sub00/vhpl48 1163936780
AR pg_pdelay_26_5 rtl /usr/local/src/progrape/demo/herm1/pgr/ISE_PROJECT.np1.dbg/pgpg_mem/pg_module.vhd sub00/vhpl85 1163936817
AR pg_umult_8_18_1 rtl /usr/local/src/progrape/demo/herm1/pgr/ISE_PROJECT.np1.dbg/pgpg_mem/pg_module.vhd sub00/vhpl59 1163936791
EN dpram NULL /usr/local/src/progrape/demo/herm1/pgr/ISE_PROJECT.np1.dbg/pgpg_mem/dpram.vhd sub00/vhpl00 1163936732
AR adr_dec rtl /usr/local/src/progrape/demo/herm1/pgr/ISE_PROJECT.np1.dbg/pgpg_mem/adr_dec.vhd sub01/vhpl101 1163936833
AR pg_float_expadd_1_26_16_1 rtl /usr/local/src/progrape/demo/herm1/pgr/ISE_PROJECT.np1.dbg/pgpg_mem/pg_module.vhd sub00/vhpl79 1163936811
AR lcell_rom_float_recipro_c2_16_12_4_18_0 rtl /usr/local/src/progrape/demo/herm1/pgr/ISE_PROJECT.np1.dbg/pgpg_mem/pg_module.vhd sub00/vhpl65 1163936797
AR pg_fusub_26_16_adjust_0 rtl /usr/local/src/progrape/demo/herm1/pgr/ISE_PROJECT.np1.dbg/pgpg_mem/pg_module.vhd sub00/vhpl29 1163936761
EN pg_conv_floattofix_shift_16_7_56_0 NULL /usr/local/src/progrape/demo/herm1/pgr/ISE_PROJECT.np1.dbg/pgpg_mem/pg_module.vhd sub00/vhpl72 1163936804
AR pg_pdelay_26_1 rtl /usr/local/src/progrape/demo/herm1/pgr/ISE_PROJECT.np1.dbg/pgpg_mem/pg_module.vhd sub00/vhpl95 1163936827
AR dmar_start_adr rtl /usr/local/src/progrape/demo/herm1/pgr/ISE_PROJECT.np1.dbg/dmar_start_adr.vhd sub01/vhpl127 1163936859
AR lcell_rom_float_sqrt_c0_16_14_4_19_0 rtl /usr/local/src/progrape/demo/herm1/pgr/ISE_PROJECT.np1.dbg/pgpg_mem/pg_module.vhd sub00/vhpl47 1163936779
AR dmaw_state rtl /usr/local/src/progrape/demo/herm1/pgr/ISE_PROJECT.np1.dbg/dmaw_state.vhd sub01/vhpl121 1163936853
EN pg_pipe NULL /usr/local/src/progrape/demo/herm1/pgr/ISE_PROJECT.np1.dbg/pgpg_mem/pg_pipe.vhd sub01/vhpl102 1163936834
EN pg_float_sub_26_16_4_6 NULL /usr/local/src/progrape/demo/herm1/pgr/ISE_PROJECT.np1.dbg/pgpg_mem/pg_module.vhd sub00/vhpl02 1163936734
EN pg_float_sqrt_table_2itp_16_14_2 NULL /usr/local/src/progrape/demo/herm1/pgr/ISE_PROJECT.np1.dbg/pgpg_mem/pg_module.vhd sub00/vhpl40 1163936772
AR dpram rtl /usr/local/src/progrape/demo/herm1/pgr/ISE_PROJECT.np1.dbg/pgpg_mem/dpram.vhd sub00/vhpl01 1163936733
AR lcell_rom_float_recipro_c0_16_12_4_18_0 rtl /usr/local/src/progrape/demo/herm1/pgr/ISE_PROJECT.np1.dbg/pgpg_mem/pg_module.vhd sub00/vhpl61 1163936793
EN pg_umult_8_18_1 NULL /usr/local/src/progrape/demo/herm1/pgr/ISE_PROJECT.np1.dbg/pgpg_mem/pg_module.vhd sub00/vhpl58 1163936790
AR lcell_rom_float_sqrt_c2_16_14_4_15_0 rtl /usr/local/src/progrape/demo/herm1/pgr/ISE_PROJECT.np1.dbg/pgpg_mem/pg_module.vhd sub00/vhpl51 1163936783
EN lcell_rom_float_sqrt_c0_16_14_4_19_0 NULL /usr/local/src/progrape/demo/herm1/pgr/ISE_PROJECT.np1.dbg/pgpg_mem/pg_module.vhd sub00/vhpl46 1163936778
EN pgpg_mem NULL /usr/local/src/progrape/demo/herm1/pgr/ISE_PROJECT.np1.dbg/pgpg_mem/pgpg_mem.vhd sub01/vhpl122 1163936854
EN pg_umult_14_17_0 NULL /usr/local/src/progrape/demo/herm1/pgr/ISE_PROJECT.np1.dbg/pgpg_mem/pg_module.vhd sub00/vhpl42 1163936774
AR pipe std /usr/local/src/progrape/demo/herm1/pgr/ISE_PROJECT.np1.dbg/pgpg_mem/pg_pipe.vhd sub01/vhpl105 1163936837
EN lcell_rom_float_recipro_c0_16_12_4_18_0 NULL /usr/local/src/progrape/demo/herm1/pgr/ISE_PROJECT.np1.dbg/pgpg_mem/pg_module.vhd sub00/vhpl60 1163936792
AR pg_umult_12_15_0 rtl /usr/local/src/progrape/demo/herm1/pgr/ISE_PROJECT.np1.dbg/pgpg_mem/pg_module.vhd sub00/vhpl45 1163936777
EN dmar_dbus_hiz NULL /usr/local/src/progrape/demo/herm1/pgr/ISE_PROJECT.np1.dbg/dmar_dbus_hiz.vhd sub01/vhpl132 1163936864
AR pg_umult_17_17_0 rtl /usr/local/src/progrape/demo/herm1/pgr/ISE_PROJECT.np1.dbg/pgpg_mem/pg_module.vhd sub00/vhpl35 1163936767
EN penc_20_5 NULL /usr/local/src/progrape/demo/herm1/pgr/ISE_PROJECT.np1.dbg/pgpg_mem/pg_module.vhd sub00/vhpl24 1163936756
AR pg_fix_smaccum_57_64_1 rtl /usr/local/src/progrape/demo/herm1/pgr/ISE_PROJECT.np1.dbg/pgpg_mem/pg_module.vhd sub00/vhpl75 1163936807
EN pg_float_expadd_1_26_16_1 NULL /usr/local/src/progrape/demo/herm1/pgr/ISE_PROJECT.np1.dbg/pgpg_mem/pg_module.vhd sub00/vhpl78 1163936810
AR pg_float_expadd_31_26_16_1 rtl /usr/local/src/progrape/demo/herm1/pgr/ISE_PROJECT.np1.dbg/pgpg_mem/pg_module.vhd sub00/vhpl67 1163936799
EN dmaw_start_adr NULL /usr/local/src/progrape/demo/herm1/pgr/ISE_PROJECT.np1.dbg/dmaw_start_adr.vhd sub01/vhpl118 1163936850
AR pg_pdelay_26_6 rtl /usr/local/src/progrape/demo/herm1/pgr/ISE_PROJECT.np1.dbg/pgpg_mem/pg_module.vhd sub00/vhpl97 1163936829
EN pg_fuadd_26_16_swap_1 NULL /usr/local/src/progrape/demo/herm1/pgr/ISE_PROJECT.np1.dbg/pgpg_mem/pg_module.vhd sub00/vhpl06 1163936738
EN top NULL /usr/local/src/progrape/demo/herm1/pgr/ISE_PROJECT.np1.dbg/top.vhd sub01/vhpl142 1163936874
EN pg_fix_smaccum_57_64_1 NULL /usr/local/src/progrape/demo/herm1/pgr/ISE_PROJECT.np1.dbg/pgpg_mem/pg_module.vhd sub00/vhpl74 1163936806
AR top rtl /usr/local/src/progrape/demo/herm1/pgr/ISE_PROJECT.np1.dbg/top.vhd sub01/vhpl143 1163936875
EN lcell_rom_float_recipro_c1_16_12_4_18_0 NULL /usr/local/src/progrape/demo/herm1/pgr/ISE_PROJECT.np1.dbg/pgpg_mem/pg_module.vhd sub00/vhpl62 1163936794
AR dmar_mem_re rtl /usr/local/src/progrape/demo/herm1/pgr/ISE_PROJECT.np1.dbg/dmar_mem_re.vhd sub01/vhpl131 1163936863
EN pg_float_recipro_table_2itp_16_12_1 NULL /usr/local/src/progrape/demo/herm1/pgr/ISE_PROJECT.np1.dbg/pgpg_mem/pg_module.vhd sub00/vhpl54 1163936786
EN pg_pdelay_26_1 NULL /usr/local/src/progrape/demo/herm1/pgr/ISE_PROJECT.np1.dbg/pgpg_mem/pg_module.vhd sub00/vhpl94 1163936826
AR pg_umult_12_18_1 rtl /usr/local/src/progrape/demo/herm1/pgr/ISE_PROJECT.np1.dbg/pgpg_mem/pg_module.vhd sub00/vhpl57 1163936789
EN pg_pdelay_26_3 NULL /usr/local/src/progrape/demo/herm1/pgr/ISE_PROJECT.np1.dbg/pgpg_mem/pg_module.vhd sub00/vhpl82 1163936814
EN pg_float_unsigned_add_26_16_4_6 NULL /usr/local/src/progrape/demo/herm1/pgr/ISE_PROJECT.np1.dbg/pgpg_mem/pg_module.vhd sub00/vhpl36 1163936768
EN pg_pdelay_26_4 NULL /usr/local/src/progrape/demo/herm1/pgr/ISE_PROJECT.np1.dbg/pgpg_mem/pg_module.vhd sub00/vhpl80 1163936812
EN pg_pdelay_26_5 NULL /usr/local/src/progrape/demo/herm1/pgr/ISE_PROJECT.np1.dbg/pgpg_mem/pg_module.vhd sub00/vhpl84 1163936816
EN pg_pdelay_26_6 NULL /usr/local/src/progrape/demo/herm1/pgr/ISE_PROJECT.np1.dbg/pgpg_mem/pg_module.vhd sub00/vhpl96 1163936828
EN pg_fusub_26_16_shift_manb_0 NULL /usr/local/src/progrape/demo/herm1/pgr/ISE_PROJECT.np1.dbg/pgpg_mem/pg_module.vhd sub00/vhpl22 1163936754
AR pg_float_fixaccum_26_16_57_64_2_0 rtl /usr/local/src/progrape/demo/herm1/pgr/ISE_PROJECT.np1.dbg/pgpg_mem/pg_module.vhd sub00/vhpl69 1163936801
EN pg_float_fixaccum_26_16_57_64_2_0 NULL /usr/local/src/progrape/demo/herm1/pgr/ISE_PROJECT.np1.dbg/pgpg_mem/pg_module.vhd sub00/vhpl68 1163936800
AR pg_float_sub_26_16_4_6 rtl /usr/local/src/progrape/demo/herm1/pgr/ISE_PROJECT.np1.dbg/pgpg_mem/pg_module.vhd sub00/vhpl03 1163936735
EN pipe NULL /usr/local/src/progrape/demo/herm1/pgr/ISE_PROJECT.np1.dbg/pgpg_mem/pg_pipe.vhd sub01/vhpl104 1163936836
AR lcell_rom_float_recipro_c1_16_12_4_18_0 rtl /usr/local/src/progrape/demo/herm1/pgr/ISE_PROJECT.np1.dbg/pgpg_mem/pg_module.vhd sub00/vhpl63 1163936795
EN pg_fusub_26_16_guard_0 NULL /usr/local/src/progrape/demo/herm1/pgr/ISE_PROJECT.np1.dbg/pgpg_mem/pg_module.vhd sub00/vhpl26 1163936758
EN lcell_rom_float_sqrt_c2_16_14_4_15_0 NULL /usr/local/src/progrape/demo/herm1/pgr/ISE_PROJECT.np1.dbg/pgpg_mem/pg_module.vhd sub00/vhpl50 1163936782
AR lcell_rom_float_sqrt_c1_16_14_4_17_0 rtl /usr/local/src/progrape/demo/herm1/pgr/ISE_PROJECT.np1.dbg/pgpg_mem/pg_module.vhd sub00/vhpl49 1163936781
AR pg_pdelay_26_13 rtl /usr/local/src/progrape/demo/herm1/pgr/ISE_PROJECT.np1.dbg/pgpg_mem/pg_module.vhd sub00/vhpl93 1163936825
AR pg_float_recipro_26_16_2 rtl /usr/local/src/progrape/demo/herm1/pgr/ISE_PROJECT.np1.dbg/pgpg_mem/pg_module.vhd sub00/vhpl53 1163936785
EN pg_float_expadd_31_26_16_1 NULL /usr/local/src/progrape/demo/herm1/pgr/ISE_PROJECT.np1.dbg/pgpg_mem/pg_module.vhd sub00/vhpl66 1163936798
AR pg_fusub_26_16_guard_0 rtl /usr/local/src/progrape/demo/herm1/pgr/ISE_PROJECT.np1.dbg/pgpg_mem/pg_module.vhd sub00/vhpl27 1163936759
AR fix_accum_reg_last_1 rtl /usr/local/src/progrape/demo/herm1/pgr/ISE_PROJECT.np1.dbg/pgpg_mem/pg_module.vhd sub00/vhpl77 1163936809
AR pg_fuadd_26_16_swap_1 rtl /usr/local/src/progrape/demo/herm1/pgr/ISE_PROJECT.np1.dbg/pgpg_mem/pg_module.vhd sub00/vhpl07 1163936739
AR pgpg_mem rtl /usr/local/src/progrape/demo/herm1/pgr/ISE_PROJECT.np1.dbg/pgpg_mem/pgpg_mem.vhd sub01/vhpl123 1163936855
AR pg_pipe std /usr/local/src/progrape/demo/herm1/pgr/ISE_PROJECT.np1.dbg/pgpg_mem/pg_pipe.vhd sub01/vhpl103 1163936835
AR pg_fusub_26_16_shift_manb_0 rtl /usr/local/src/progrape/demo/herm1/pgr/ISE_PROJECT.np1.dbg/pgpg_mem/pg_module.vhd sub00/vhpl23 1163936755
EN dmaw_state NULL /usr/local/src/progrape/demo/herm1/pgr/ISE_PROJECT.np1.dbg/dmaw_state.vhd sub01/vhpl120 1163936852
AR pg_fusub_26_16_swap_1 rtl /usr/local/src/progrape/demo/herm1/pgr/ISE_PROJECT.np1.dbg/pgpg_mem/pg_module.vhd sub00/vhpl21 1163936753
AR dmar_dbus_hiz rtl /usr/local/src/progrape/demo/herm1/pgr/ISE_PROJECT.np1.dbg/dmar_dbus_hiz.vhd sub01/vhpl133 1163936865
EN pg_umult_12_15_0 NULL /usr/local/src/progrape/demo/herm1/pgr/ISE_PROJECT.np1.dbg/pgpg_mem/pg_module.vhd sub00/vhpl44 1163936776
EN dmaw_mem_adr NULL /usr/local/src/progrape/demo/herm1/pgr/ISE_PROJECT.np1.dbg/dmaw_mem_adr.vhd sub01/vhpl116 1163936848
AR pg_pdelay_26_3 rtl /usr/local/src/progrape/demo/herm1/pgr/ISE_PROJECT.np1.dbg/pgpg_mem/pg_module.vhd sub00/vhpl83 1163936815
AR pg_fusub_26_16_expsub_0 rtl /usr/local/src/progrape/demo/herm1/pgr/ISE_PROJECT.np1.dbg/pgpg_mem/pg_module.vhd sub00/vhpl31 1163936763
EN fix_accum_reg_last_1 NULL /usr/local/src/progrape/demo/herm1/pgr/ISE_PROJECT.np1.dbg/pgpg_mem/pg_module.vhd sub00/vhpl76 1163936808
EN pg_fuadd_26_16_shift_0 NULL /usr/local/src/progrape/demo/herm1/pgr/ISE_PROJECT.np1.dbg/pgpg_mem/pg_module.vhd sub00/vhpl08 1163936740
AR setn rtl /usr/local/src/progrape/demo/herm1/pgr/ISE_PROJECT.np1.dbg/pgpg_mem/setn.vhd sub01/vhpl111 1163936843
AR dmaw_mem_we rtl /usr/local/src/progrape/demo/herm1/pgr/ISE_PROJECT.np1.dbg/dmaw_mem_we.vhd sub01/vhpl115 1163936847
EN pg_pdelay_26_11 NULL /usr/local/src/progrape/demo/herm1/pgr/ISE_PROJECT.np1.dbg/pgpg_mem/pg_module.vhd sub00/vhpl88 1163936820
AR pg_float_sqrt_26_16_3 rtl /usr/local/src/progrape/demo/herm1/pgr/ISE_PROJECT.np1.dbg/pgpg_mem/pg_module.vhd sub00/vhpl39 1163936771
EN pg_pdelay_26_13 NULL /usr/local/src/progrape/demo/herm1/pgr/ISE_PROJECT.np1.dbg/pgpg_mem/pg_module.vhd sub00/vhpl92 1163936824
AR pg_pdelay_26_23 rtl /usr/local/src/progrape/demo/herm1/pgr/ISE_PROJECT.np1.dbg/pgpg_mem/pg_module.vhd sub00/vhpl87 1163936819
EN dmar_mem_re NULL /usr/local/src/progrape/demo/herm1/pgr/ISE_PROJECT.np1.dbg/dmar_mem_re.vhd sub01/vhpl130 1163936862
EN pg_pdelay_26_23 NULL /usr/local/src/progrape/demo/herm1/pgr/ISE_PROJECT.np1.dbg/pgpg_mem/pg_module.vhd sub00/vhpl86 1163936818
AR dmaw_start_adr rtl /usr/local/src/progrape/demo/herm1/pgr/ISE_PROJECT.np1.dbg/dmaw_start_adr.vhd sub01/vhpl119 1163936851
EN pg_pdelay_26_24 NULL /usr/local/src/progrape/demo/herm1/pgr/ISE_PROJECT.np1.dbg/pgpg_mem/pg_module.vhd sub00/vhpl90 1163936822
AR pg_fuadd_26_16_shift_0 rtl /usr/local/src/progrape/demo/herm1/pgr/ISE_PROJECT.np1.dbg/pgpg_mem/pg_module.vhd sub00/vhpl09 1163936741
AR user rtl /usr/local/src/progrape/demo/herm1/pgr/ISE_PROJECT.np1.dbg/user.vhd sub01/vhpl141 1163936873
AR dmar_state rtl /usr/local/src/progrape/demo/herm1/pgr/ISE_PROJECT.np1.dbg/dmar_state.vhd sub01/vhpl125 1163936857
AR dmar rtl /usr/local/src/progrape/demo/herm1/pgr/ISE_PROJECT.np1.dbg/dmar.vhd sub01/vhpl139 1163936871
AR dmar_mem_adr rtl /usr/local/src/progrape/demo/herm1/pgr/ISE_PROJECT.np1.dbg/dmar_mem_adr.vhd sub01/vhpl129 1163936861
AR pg_conv_floattofix_shift_16_7_56_0 rtl /usr/local/src/progrape/demo/herm1/pgr/ISE_PROJECT.np1.dbg/pgpg_mem/pg_module.vhd sub00/vhpl73 1163936805
AR pg_float_sqrt_table_2itp_16_14_2 rtl /usr/local/src/progrape/demo/herm1/pgr/ISE_PROJECT.np1.dbg/pgpg_mem/pg_module.vhd sub00/vhpl41 1163936773
EN user NULL /usr/local/src/progrape/demo/herm1/pgr/ISE_PROJECT.np1.dbg/user.vhd sub01/vhpl140 1163936872
EN dmaw_mem_we NULL /usr/local/src/progrape/demo/herm1/pgr/ISE_PROJECT.np1.dbg/dmaw_mem_we.vhd sub01/vhpl114 1163936846
EN dmar_mem_adr NULL /usr/local/src/progrape/demo/herm1/pgr/ISE_PROJECT.np1.dbg/dmar_mem_adr.vhd sub01/vhpl128 1163936860
EN dmar_state NULL /usr/local/src/progrape/demo/herm1/pgr/ISE_PROJECT.np1.dbg/dmar_state.vhd sub01/vhpl124 1163936856
EN adr_dec NULL /usr/local/src/progrape/demo/herm1/pgr/ISE_PROJECT.np1.dbg/pgpg_mem/adr_dec.vhd sub01/vhpl100 1163936832
AR pg_fuadd_26_16_guard rtl /usr/local/src/progrape/demo/herm1/pgr/ISE_PROJECT.np1.dbg/pgpg_mem/pg_module.vhd sub00/vhpl11 1163936743
AR pg_umult_14_17_0 rtl /usr/local/src/progrape/demo/herm1/pgr/ISE_PROJECT.np1.dbg/pgpg_mem/pg_module.vhd sub00/vhpl43 1163936775
EN jmem NULL /usr/local/src/progrape/demo/herm1/pgr/ISE_PROJECT.np1.dbg/pgpg_mem/jmem.vhd sub01/vhpl112 1163936844
EN pg_umult_17_17_0 NULL /usr/local/src/progrape/demo/herm1/pgr/ISE_PROJECT.np1.dbg/pgpg_mem/pg_module.vhd sub00/vhpl34 1163936766
AR pg_float_rbit_mode6 rtl /usr/local/src/progrape/demo/herm1/pgr/ISE_PROJECT.np1.dbg/pgpg_mem/pg_module.vhd sub00/vhpl17 1163936749
AR dmaw_mem_adr rtl /usr/local/src/progrape/demo/herm1/pgr/ISE_PROJECT.np1.dbg/dmaw_mem_adr.vhd sub01/vhpl117 1163936849
AR pg_pdelay_26_4 rtl /usr/local/src/progrape/demo/herm1/pgr/ISE_PROJECT.np1.dbg/pgpg_mem/pg_module.vhd sub00/vhpl81 1163936813
EN pg_float_mult_26_16_2_6 NULL /usr/local/src/progrape/demo/herm1/pgr/ISE_PROJECT.np1.dbg/pgpg_mem/pg_module.vhd sub00/vhpl32 1163936764
EN dmar_start_adr NULL /usr/local/src/progrape/demo/herm1/pgr/ISE_PROJECT.np1.dbg/dmar_start_adr.vhd sub01/vhpl126 1163936858
EN pg_fuadd_26_16_adjust_0 NULL /usr/local/src/progrape/demo/herm1/pgr/ISE_PROJECT.np1.dbg/pgpg_mem/pg_module.vhd sub00/vhpl12 1163936744
EN dmar NULL /usr/local/src/progrape/demo/herm1/pgr/ISE_PROJECT.np1.dbg/dmar.vhd sub01/vhpl138 1163936870
EN pg_float_sqrt_26_16_3 NULL /usr/local/src/progrape/demo/herm1/pgr/ISE_PROJECT.np1.dbg/pgpg_mem/pg_module.vhd sub00/vhpl38 1163936770
EN calc NULL /usr/local/src/progrape/demo/herm1/pgr/ISE_PROJECT.np1.dbg/pgpg_mem/calc.vhd sub01/vhpl106 1163936838
