V3 244
FL /usr/local/src/progrape/demo/herm1/pgr/ISE_PROJECT.np1.dbg/pgpg_mem/jmem.vhd 2005/04/04.22:49:40 I.27
EN work/jmem 1163936844 \
      FL /usr/local/src/progrape/demo/herm1/pgr/ISE_PROJECT.np1.dbg/pgpg_mem/jmem.vhd \
      PB ieee/std_logic_1164 1140839709 PB ieee/std_logic_arith 1140839711 \
      PB ieee/STD_LOGIC_UNSIGNED 1140839715
AR work/jmem/rtl 1163936845 \
      FL /usr/local/src/progrape/demo/herm1/pgr/ISE_PROJECT.np1.dbg/pgpg_mem/jmem.vhd \
      EN work/jmem 1163936844 CP dpram
FL /usr/local/src/progrape/demo/herm1/pgr/ISE_PROJECT.np1.dbg/dmaw_start_adr.vhd 2006/11/19.12:49:16 I.27
EN work/dmaw_start_adr 1163936850 \
      FL /usr/local/src/progrape/demo/herm1/pgr/ISE_PROJECT.np1.dbg/dmaw_start_adr.vhd \
      PB ieee/std_logic_1164 1140839709 PB ieee/STD_LOGIC_UNSIGNED 1140839715
AR work/dmaw_start_adr/rtl 1163936851 \
      FL /usr/local/src/progrape/demo/herm1/pgr/ISE_PROJECT.np1.dbg/dmaw_start_adr.vhd \
      EN work/dmaw_start_adr 1163936850
FL /usr/local/src/progrape/demo/herm1/pgr/ISE_PROJECT.np1.dbg/pgpg_mem/pipe_sts.vhd 2005/04/04.22:49:41 I.27
EN work/pipe_sts 1163936840 \
      FL /usr/local/src/progrape/demo/herm1/pgr/ISE_PROJECT.np1.dbg/pgpg_mem/pipe_sts.vhd \
      PB ieee/std_logic_1164 1140839709 PB ieee/std_logic_arith 1140839711 \
      PB ieee/STD_LOGIC_UNSIGNED 1140839715
AR work/pipe_sts/rtl 1163936841 \
      FL /usr/local/src/progrape/demo/herm1/pgr/ISE_PROJECT.np1.dbg/pgpg_mem/pipe_sts.vhd \
      EN work/pipe_sts 1163936840
FL /usr/local/src/progrape/demo/herm1/pgr/ISE_PROJECT.np1.dbg/dmaw_mem_adr.vhd 2006/11/19.12:49:16 I.27
EN work/dmaw_mem_adr 1163936848 \
      FL /usr/local/src/progrape/demo/herm1/pgr/ISE_PROJECT.np1.dbg/dmaw_mem_adr.vhd \
      PB ieee/std_logic_1164 1140839709 PB ieee/STD_LOGIC_UNSIGNED 1140839715
AR work/dmaw_mem_adr/rtl 1163936849 \
      FL /usr/local/src/progrape/demo/herm1/pgr/ISE_PROJECT.np1.dbg/dmaw_mem_adr.vhd \
      EN work/dmaw_mem_adr 1163936848
FL /usr/local/src/progrape/demo/herm1/pgr/ISE_PROJECT.np1.dbg/top.vhd 2006/11/19.12:49:16 I.27
EN work/top 1163936874             FL /usr/local/src/progrape/demo/herm1/pgr/ISE_PROJECT.np1.dbg/top.vhd \
      PB ieee/std_logic_1164 1140839709 PB ieee/STD_LOGIC_UNSIGNED 1140839715
AR work/top/rtl 1163936875 \
      FL /usr/local/src/progrape/demo/herm1/pgr/ISE_PROJECT.np1.dbg/top.vhd \
      EN work/top 1163936874 CP CLK_MULDIV CP dmaw           CP dmar           CP user
FL /usr/local/src/progrape/demo/herm1/pgr/ISE_PROJECT.np1.dbg/dmaw_state.vhd 2006/11/19.12:49:16 I.27
EN work/dmaw_state 1163936852 \
      FL /usr/local/src/progrape/demo/herm1/pgr/ISE_PROJECT.np1.dbg/dmaw_state.vhd \
      PB ieee/std_logic_1164 1140839709 PB ieee/STD_LOGIC_UNSIGNED 1140839715
AR work/dmaw_state/rtl 1163936853 \
      FL /usr/local/src/progrape/demo/herm1/pgr/ISE_PROJECT.np1.dbg/dmaw_state.vhd \
      EN work/dmaw_state 1163936852
FL /usr/local/src/progrape/demo/herm1/pgr/ISE_PROJECT.np1.dbg/dmar_dbus_hiz.vhd 2006/11/19.12:49:16 I.27
EN work/dmar_dbus_hiz 1163936864 \
      FL /usr/local/src/progrape/demo/herm1/pgr/ISE_PROJECT.np1.dbg/dmar_dbus_hiz.vhd \
      PB ieee/std_logic_1164 1140839709
AR work/dmar_dbus_hiz/rtl 1163936865 \
      FL /usr/local/src/progrape/demo/herm1/pgr/ISE_PROJECT.np1.dbg/dmar_dbus_hiz.vhd \
      EN work/dmar_dbus_hiz 1163936864
FL /usr/local/src/progrape/demo/herm1/pgr/ISE_PROJECT.np1.dbg/pgpg_mem/adr_dec.vhd 2005/04/04.22:49:40 I.27
EN work/adr_dec 1163936832 \
      FL /usr/local/src/progrape/demo/herm1/pgr/ISE_PROJECT.np1.dbg/pgpg_mem/adr_dec.vhd \
      PB ieee/std_logic_1164 1140839709 PB ieee/std_logic_arith 1140839711 \
      PB ieee/STD_LOGIC_UNSIGNED 1140839715
AR work/adr_dec/rtl 1163936833 \
      FL /usr/local/src/progrape/demo/herm1/pgr/ISE_PROJECT.np1.dbg/pgpg_mem/adr_dec.vhd \
      EN work/adr_dec 1163936832
FL /usr/local/src/progrape/demo/herm1/pgr/ISE_PROJECT.np1.dbg/pgpg_mem/setn.vhd 2005/04/04.22:49:41 I.27
EN work/setn 1163936842 \
      FL /usr/local/src/progrape/demo/herm1/pgr/ISE_PROJECT.np1.dbg/pgpg_mem/setn.vhd \
      PB ieee/std_logic_1164 1140839709 PB ieee/std_logic_arith 1140839711 \
      PB ieee/STD_LOGIC_UNSIGNED 1140839715
AR work/setn/rtl 1163936843 \
      FL /usr/local/src/progrape/demo/herm1/pgr/ISE_PROJECT.np1.dbg/pgpg_mem/setn.vhd \
      EN work/setn 1163936842
FL /usr/local/src/progrape/demo/herm1/pgr/ISE_PROJECT.np1.dbg/pgpg_mem/calc.vhd 2005/04/04.22:49:40 I.27
EN work/calc 1163936838 \
      FL /usr/local/src/progrape/demo/herm1/pgr/ISE_PROJECT.np1.dbg/pgpg_mem/calc.vhd \
      PB ieee/std_logic_1164 1140839709 PB ieee/std_logic_arith 1140839711 \
      PB ieee/STD_LOGIC_UNSIGNED 1140839715
AR work/calc/rtl 1163936839 \
      FL /usr/local/src/progrape/demo/herm1/pgr/ISE_PROJECT.np1.dbg/pgpg_mem/calc.vhd \
      EN work/calc 1163936838
FL /usr/local/src/progrape/demo/herm1/pgr/ISE_PROJECT.np1.dbg/dmar.vhd 2006/11/19.12:49:16 I.27
EN work/dmar 1163936870 \
      FL /usr/local/src/progrape/demo/herm1/pgr/ISE_PROJECT.np1.dbg/dmar.vhd \
      PB ieee/std_logic_1164 1140839709 PB ieee/STD_LOGIC_UNSIGNED 1140839715
AR work/dmar/rtl 1163936871 \
      FL /usr/local/src/progrape/demo/herm1/pgr/ISE_PROJECT.np1.dbg/dmar.vhd \
      EN work/dmar 1163936870 CP dmar_state CP dmar_start_adr CP dmar_mem_adr \
      CP dmar_mem_re    CP dmar_dbus_hiz
FL /usr/local/src/progrape/demo/herm1/pgr/ISE_PROJECT.np1.dbg/pgpg_mem/pgpg_mem.vhd 2005/04/04.22:49:41 I.27
EN work/pgpg_mem 1163936854 \
      FL /usr/local/src/progrape/demo/herm1/pgr/ISE_PROJECT.np1.dbg/pgpg_mem/pgpg_mem.vhd \
      LB UNISIM         PB ieee/std_logic_1164 1140839709 PB ieee/std_logic_arith 1140839711 \
      PB ieee/STD_LOGIC_UNSIGNED 1140839715 PH unisim/VCOMPONENTS 1142233852
AR work/pgpg_mem/RTL 1163936855 \
      FL /usr/local/src/progrape/demo/herm1/pgr/ISE_PROJECT.np1.dbg/pgpg_mem/pgpg_mem.vhd \
      EN work/pgpg_mem 1163936854 CP adr_dec CP pg_pipe      CP calc           CP pipe_sts \
      CP setn           CP jmem
FL /usr/local/src/progrape/demo/herm1/pgr/ISE_PROJECT.np1.dbg/pgpg_mem/dpram.vhd 2006/02/06.15:18:03 I.27
EN work/dpram 1163936732 \
      FL /usr/local/src/progrape/demo/herm1/pgr/ISE_PROJECT.np1.dbg/pgpg_mem/dpram.vhd \
      PB ieee/std_logic_1164 1140839709 LB UNISIM PH unisim/VCOMPONENTS 1142233852
AR work/dpram/rtl 1163936733 \
      FL /usr/local/src/progrape/demo/herm1/pgr/ISE_PROJECT.np1.dbg/pgpg_mem/dpram.vhd \
      EN work/dpram 1163936732 CP RAMB16_S4_S4
FL /usr/local/src/progrape/demo/herm1/pgr/ISE_PROJECT.np1.dbg/dmaw.vhd 2006/11/19.12:49:16 I.27
EN work/dmaw 1163936868 \
      FL /usr/local/src/progrape/demo/herm1/pgr/ISE_PROJECT.np1.dbg/dmaw.vhd \
      PB ieee/std_logic_1164 1140839709 PB ieee/STD_LOGIC_UNSIGNED 1140839715
AR work/dmaw/rtl 1163936869 \
      FL /usr/local/src/progrape/demo/herm1/pgr/ISE_PROJECT.np1.dbg/dmaw.vhd \
      EN work/dmaw 1163936868
FL /usr/local/src/progrape/demo/herm1/pgr/ISE_PROJECT.np1.dbg/dmar_start_adr.vhd 2006/11/19.12:49:16 I.27
EN work/dmar_start_adr 1163936858 \
      FL /usr/local/src/progrape/demo/herm1/pgr/ISE_PROJECT.np1.dbg/dmar_start_adr.vhd \
      PB ieee/std_logic_1164 1140839709
AR work/dmar_start_adr/rtl 1163936859 \
      FL /usr/local/src/progrape/demo/herm1/pgr/ISE_PROJECT.np1.dbg/dmar_start_adr.vhd \
      EN work/dmar_start_adr 1163936858 CP dmaw_start_adr
FL /usr/local/src/progrape/demo/herm1/pgr/ISE_PROJECT.np1.dbg/user.vhd 2006/11/19.12:49:16 I.27
EN work/user 1163936872 \
      FL /usr/local/src/progrape/demo/herm1/pgr/ISE_PROJECT.np1.dbg/user.vhd \
      PB ieee/std_logic_1164 1140839709 PB ieee/STD_LOGIC_UNSIGNED 1140839715
AR work/user/rtl 1163936873 \
      FL /usr/local/src/progrape/demo/herm1/pgr/ISE_PROJECT.np1.dbg/user.vhd \
      EN work/user 1163936872 CP pgpg_mem
FL /usr/local/src/progrape/demo/herm1/pgr/ISE_PROJECT.np1.dbg/dmar_mem_adr.vhd 2006/11/19.12:49:16 I.27
EN work/dmar_mem_adr 1163936860 \
      FL /usr/local/src/progrape/demo/herm1/pgr/ISE_PROJECT.np1.dbg/dmar_mem_adr.vhd \
      PB ieee/std_logic_1164 1140839709
AR work/dmar_mem_adr/rtl 1163936861 \
      FL /usr/local/src/progrape/demo/herm1/pgr/ISE_PROJECT.np1.dbg/dmar_mem_adr.vhd \
      EN work/dmar_mem_adr 1163936860 CP dmaw_mem_adr
FL /usr/local/src/progrape/demo/herm1/pgr/ISE_PROJECT.np1.dbg/pgpg_mem/pg_pipe.vhd 2006/11/19.20:45:12 I.27
EN work/pg_pipe 1163936834 \
      FL /usr/local/src/progrape/demo/herm1/pgr/ISE_PROJECT.np1.dbg/pgpg_mem/pg_pipe.vhd \
      PB ieee/std_logic_1164 1140839709
AR work/pg_pipe/std 1163936835 \
      FL /usr/local/src/progrape/demo/herm1/pgr/ISE_PROJECT.np1.dbg/pgpg_mem/pg_pipe.vhd \
      EN work/pg_pipe 1163936834 CP pipe
EN work/pipe 1163936836 \
      FL /usr/local/src/progrape/demo/herm1/pgr/ISE_PROJECT.np1.dbg/pgpg_mem/pg_pipe.vhd \
      PB ieee/std_logic_1164 1140839709
AR work/pipe/std 1163936837 \
      FL /usr/local/src/progrape/demo/herm1/pgr/ISE_PROJECT.np1.dbg/pgpg_mem/pg_pipe.vhd \
      EN work/pipe 1163936836 CP pg_float_sub_26_16_4_6 CP pg_float_mult_26_16_2_6 \
      CP pg_float_unsigned_add_26_16_4_6 CP pg_float_sqrt_26_16_3 \
      CP pg_float_recipro_26_16_2 CP pg_float_expadd_31_26_16_1 \
      CP pg_float_fixaccum_26_16_57_64_2_0 CP pg_float_expadd_1_26_16_1 \
      CP pg_pdelay_26_4 CP pg_pdelay_26_3 CP pg_pdelay_26_5 CP pg_pdelay_26_23 \
      CP pg_pdelay_26_11 CP pg_pdelay_26_24 CP pg_pdelay_26_13 CP pg_pdelay_26_1 \
      CP pg_pdelay_26_6
FL /usr/local/src/progrape/demo/herm1/pgr/ISE_PROJECT.np1.dbg/clk_muldiv.vhd 2006/11/19.12:49:16 I.27
EN work/CLK_MULDIV 1163936866 \
      FL /usr/local/src/progrape/demo/herm1/pgr/ISE_PROJECT.np1.dbg/clk_muldiv.vhd \
      LB UNISIM         PB ieee/std_logic_1164 1140839709 PB ieee/std_logic_arith 1140839711 \
      PB ieee/STD_LOGIC_UNSIGNED 1140839715 PH unisim/VCOMPONENTS 1142233852
AR work/CLK_MULDIV/rtl 1163936867 \
      FL /usr/local/src/progrape/demo/herm1/pgr/ISE_PROJECT.np1.dbg/clk_muldiv.vhd \
      EN work/CLK_MULDIV 1163936866 CP DCM CP IBUFG          CP BUFG
FL /usr/local/src/progrape/demo/herm1/pgr/ISE_PROJECT.np1.dbg/dmar_mem_re.vhd 2006/11/19.12:49:16 I.27
EN work/dmar_mem_re 1163936862 \
      FL /usr/local/src/progrape/demo/herm1/pgr/ISE_PROJECT.np1.dbg/dmar_mem_re.vhd \
      PB ieee/std_logic_1164 1140839709 PB ieee/STD_LOGIC_UNSIGNED 1140839715
AR work/dmar_mem_re/rtl 1163936863 \
      FL /usr/local/src/progrape/demo/herm1/pgr/ISE_PROJECT.np1.dbg/dmar_mem_re.vhd \
      EN work/dmar_mem_re 1163936862 CP dmaw_mem_we
FL /usr/local/src/progrape/demo/herm1/pgr/ISE_PROJECT.np1.dbg/dmar_state.vhd 2006/11/19.12:49:16 I.27
EN work/dmar_state 1163936856 \
      FL /usr/local/src/progrape/demo/herm1/pgr/ISE_PROJECT.np1.dbg/dmar_state.vhd \
      PB ieee/std_logic_1164 1140839709 PB ieee/STD_LOGIC_UNSIGNED 1140839715
AR work/dmar_state/rtl 1163936857 \
      FL /usr/local/src/progrape/demo/herm1/pgr/ISE_PROJECT.np1.dbg/dmar_state.vhd \
      EN work/dmar_state 1163936856 CP dmaw_state
FL /usr/local/src/progrape/demo/herm1/pgr/ISE_PROJECT.np1.dbg/dmaw_mem_we.vhd 2006/11/19.12:49:16 I.27
EN work/dmaw_mem_we 1163936846 \
      FL /usr/local/src/progrape/demo/herm1/pgr/ISE_PROJECT.np1.dbg/dmaw_mem_we.vhd \
      PB ieee/std_logic_1164 1140839709 PB ieee/STD_LOGIC_UNSIGNED 1140839715
AR work/dmaw_mem_we/rtl 1163936847 \
      FL /usr/local/src/progrape/demo/herm1/pgr/ISE_PROJECT.np1.dbg/dmaw_mem_we.vhd \
      EN work/dmaw_mem_we 1163936846
FL /usr/local/src/progrape/demo/herm1/pgr/ISE_PROJECT.np1.dbg/pgpg_mem/pg_module.vhd 2006/11/19.12:49:16 I.27
EN work/pg_float_sub_26_16_4_6 1163936734 \
      FL /usr/local/src/progrape/demo/herm1/pgr/ISE_PROJECT.np1.dbg/pgpg_mem/pg_module.vhd \
      PB ieee/std_logic_1164 1140839709 PB ieee/STD_LOGIC_UNSIGNED 1140839715
AR work/pg_float_sub_26_16_4_6/rtl 1163936735 \
      FL /usr/local/src/progrape/demo/herm1/pgr/ISE_PROJECT.np1.dbg/pgpg_mem/pg_module.vhd \
      EN work/pg_float_sub_26_16_4_6 1163936734 CP pgsub_float_add_26_16_6_usub_3 \
      CP pgsub_float_add_26_16_6_uadd_3
EN work/pgsub_float_add_26_16_6_uadd_3 1163936736 \
      FL /usr/local/src/progrape/demo/herm1/pgr/ISE_PROJECT.np1.dbg/pgpg_mem/pg_module.vhd \
      PB ieee/std_logic_1164 1140839709 PB ieee/STD_LOGIC_UNSIGNED 1140839715
AR work/pgsub_float_add_26_16_6_uadd_3/rtl 1163936737 \
      FL /usr/local/src/progrape/demo/herm1/pgr/ISE_PROJECT.np1.dbg/pgpg_mem/pg_module.vhd \
      EN work/pgsub_float_add_26_16_6_uadd_3 1163936736 CP pg_fuadd_26_16_swap_1 \
      CP pg_fuadd_26_16_shift_0 CP pg_fuadd_26_16_guard \
      CP pg_fuadd_26_16_adjust_0 CP pg_float_rbit_mode6 CP pg_float_round_26_16
EN work/pg_fuadd_26_16_swap_1 1163936738 \
      FL /usr/local/src/progrape/demo/herm1/pgr/ISE_PROJECT.np1.dbg/pgpg_mem/pg_module.vhd \
      PB ieee/std_logic_1164 1140839709 PB ieee/STD_LOGIC_UNSIGNED 1140839715
AR work/pg_fuadd_26_16_swap_1/rtl 1163936739 \
      FL /usr/local/src/progrape/demo/herm1/pgr/ISE_PROJECT.np1.dbg/pgpg_mem/pg_module.vhd \
      EN work/pg_fuadd_26_16_swap_1 1163936738
EN work/pg_fuadd_26_16_shift_0 1163936740 \
      FL /usr/local/src/progrape/demo/herm1/pgr/ISE_PROJECT.np1.dbg/pgpg_mem/pg_module.vhd \
      PB ieee/std_logic_1164 1140839709 PB ieee/STD_LOGIC_UNSIGNED 1140839715
AR work/pg_fuadd_26_16_shift_0/rtl 1163936741 \
      FL /usr/local/src/progrape/demo/herm1/pgr/ISE_PROJECT.np1.dbg/pgpg_mem/pg_module.vhd \
      EN work/pg_fuadd_26_16_shift_0 1163936740
EN work/pg_fuadd_26_16_guard 1163936742 \
      FL /usr/local/src/progrape/demo/herm1/pgr/ISE_PROJECT.np1.dbg/pgpg_mem/pg_module.vhd \
      PB ieee/std_logic_1164 1140839709 PB ieee/STD_LOGIC_UNSIGNED 1140839715
AR work/pg_fuadd_26_16_guard/rtl 1163936743 \
      FL /usr/local/src/progrape/demo/herm1/pgr/ISE_PROJECT.np1.dbg/pgpg_mem/pg_module.vhd \
      EN work/pg_fuadd_26_16_guard 1163936742
EN work/pg_fuadd_26_16_adjust_0 1163936744 \
      FL /usr/local/src/progrape/demo/herm1/pgr/ISE_PROJECT.np1.dbg/pgpg_mem/pg_module.vhd \
      PB ieee/std_logic_1164 1140839709 PB ieee/STD_LOGIC_UNSIGNED 1140839715
AR work/pg_fuadd_26_16_adjust_0/rtl 1163936745 \
      FL /usr/local/src/progrape/demo/herm1/pgr/ISE_PROJECT.np1.dbg/pgpg_mem/pg_module.vhd \
      EN work/pg_fuadd_26_16_adjust_0 1163936744
EN work/pg_float_round_26_16 1163936746 \
      FL /usr/local/src/progrape/demo/herm1/pgr/ISE_PROJECT.np1.dbg/pgpg_mem/pg_module.vhd \
      PB ieee/std_logic_1164 1140839709 PB ieee/STD_LOGIC_UNSIGNED 1140839715
AR work/pg_float_round_26_16/rtl 1163936747 \
      FL /usr/local/src/progrape/demo/herm1/pgr/ISE_PROJECT.np1.dbg/pgpg_mem/pg_module.vhd \
      EN work/pg_float_round_26_16 1163936746
EN work/pg_float_rbit_mode6 1163936748 \
      FL /usr/local/src/progrape/demo/herm1/pgr/ISE_PROJECT.np1.dbg/pgpg_mem/pg_module.vhd \
      PB ieee/std_logic_1164 1140839709 PB ieee/STD_LOGIC_UNSIGNED 1140839715
AR work/pg_float_rbit_mode6/rtl 1163936749 \
      FL /usr/local/src/progrape/demo/herm1/pgr/ISE_PROJECT.np1.dbg/pgpg_mem/pg_module.vhd \
      EN work/pg_float_rbit_mode6 1163936748
EN work/pgsub_float_add_26_16_6_usub_3 1163936750 \
      FL /usr/local/src/progrape/demo/herm1/pgr/ISE_PROJECT.np1.dbg/pgpg_mem/pg_module.vhd \
      PB ieee/std_logic_1164 1140839709 PB ieee/STD_LOGIC_UNSIGNED 1140839715
AR work/pgsub_float_add_26_16_6_usub_3/rtl 1163936751 \
      FL /usr/local/src/progrape/demo/herm1/pgr/ISE_PROJECT.np1.dbg/pgpg_mem/pg_module.vhd \
      EN work/pgsub_float_add_26_16_6_usub_3 1163936750 CP pg_fusub_26_16_swap_1 \
      CP pg_fusub_26_16_shift_manb_0 CP penc_20_5 CP pg_fusub_26_16_guard_0 \
      CP pg_fusub_26_16_adjust_0 CP pg_fusub_26_16_expsub_0 \
      CP pg_float_rbit_mode6 CP pg_float_round_26_16
EN work/pg_fusub_26_16_swap_1 1163936752 \
      FL /usr/local/src/progrape/demo/herm1/pgr/ISE_PROJECT.np1.dbg/pgpg_mem/pg_module.vhd \
      PB ieee/std_logic_1164 1140839709 PB ieee/STD_LOGIC_UNSIGNED 1140839715
AR work/pg_fusub_26_16_swap_1/rtl 1163936753 \
      FL /usr/local/src/progrape/demo/herm1/pgr/ISE_PROJECT.np1.dbg/pgpg_mem/pg_module.vhd \
      EN work/pg_fusub_26_16_swap_1 1163936752
EN work/pg_fusub_26_16_shift_manb_0 1163936754 \
      FL /usr/local/src/progrape/demo/herm1/pgr/ISE_PROJECT.np1.dbg/pgpg_mem/pg_module.vhd \
      PB ieee/std_logic_1164 1140839709 PB ieee/STD_LOGIC_UNSIGNED 1140839715
AR work/pg_fusub_26_16_shift_manb_0/rtl 1163936755 \
      FL /usr/local/src/progrape/demo/herm1/pgr/ISE_PROJECT.np1.dbg/pgpg_mem/pg_module.vhd \
      EN work/pg_fusub_26_16_shift_manb_0 1163936754
EN work/penc_20_5 1163936756 \
      FL /usr/local/src/progrape/demo/herm1/pgr/ISE_PROJECT.np1.dbg/pgpg_mem/pg_module.vhd \
      PB ieee/std_logic_1164 1140839709
AR work/penc_20_5/rtl 1163936757 \
      FL /usr/local/src/progrape/demo/herm1/pgr/ISE_PROJECT.np1.dbg/pgpg_mem/pg_module.vhd \
      EN work/penc_20_5 1163936756
EN work/pg_fusub_26_16_guard_0 1163936758 \
      FL /usr/local/src/progrape/demo/herm1/pgr/ISE_PROJECT.np1.dbg/pgpg_mem/pg_module.vhd \
      PB ieee/std_logic_1164 1140839709 PB ieee/STD_LOGIC_UNSIGNED 1140839715
AR work/pg_fusub_26_16_guard_0/rtl 1163936759 \
      FL /usr/local/src/progrape/demo/herm1/pgr/ISE_PROJECT.np1.dbg/pgpg_mem/pg_module.vhd \
      EN work/pg_fusub_26_16_guard_0 1163936758
EN work/pg_fusub_26_16_adjust_0 1163936760 \
      FL /usr/local/src/progrape/demo/herm1/pgr/ISE_PROJECT.np1.dbg/pgpg_mem/pg_module.vhd \
      PB ieee/std_logic_1164 1140839709 PB ieee/STD_LOGIC_UNSIGNED 1140839715
AR work/pg_fusub_26_16_adjust_0/rtl 1163936761 \
      FL /usr/local/src/progrape/demo/herm1/pgr/ISE_PROJECT.np1.dbg/pgpg_mem/pg_module.vhd \
      EN work/pg_fusub_26_16_adjust_0 1163936760
EN work/pg_fusub_26_16_expsub_0 1163936762 \
      FL /usr/local/src/progrape/demo/herm1/pgr/ISE_PROJECT.np1.dbg/pgpg_mem/pg_module.vhd \
      PB ieee/std_logic_1164 1140839709 PB ieee/STD_LOGIC_UNSIGNED 1140839715
AR work/pg_fusub_26_16_expsub_0/rtl 1163936763 \
      FL /usr/local/src/progrape/demo/herm1/pgr/ISE_PROJECT.np1.dbg/pgpg_mem/pg_module.vhd \
      EN work/pg_fusub_26_16_expsub_0 1163936762
EN work/pg_float_mult_26_16_2_6 1163936764 \
      FL /usr/local/src/progrape/demo/herm1/pgr/ISE_PROJECT.np1.dbg/pgpg_mem/pg_module.vhd \
      PB ieee/std_logic_1164 1140839709 PB ieee/STD_LOGIC_UNSIGNED 1140839715
AR work/pg_float_mult_26_16_2_6/rtl 1163936765 \
      FL /usr/local/src/progrape/demo/herm1/pgr/ISE_PROJECT.np1.dbg/pgpg_mem/pg_module.vhd \
      EN work/pg_float_mult_26_16_2_6 1163936764 CP pg_umult_17_17_0
EN work/pg_umult_17_17_0 1163936766 \
      FL /usr/local/src/progrape/demo/herm1/pgr/ISE_PROJECT.np1.dbg/pgpg_mem/pg_module.vhd \
      PB ieee/std_logic_1164 1140839709 PB ieee/std_logic_arith 1140839711 \
      PB ieee/STD_LOGIC_UNSIGNED 1140839715
AR work/pg_umult_17_17_0/rtl 1163936767 \
      FL /usr/local/src/progrape/demo/herm1/pgr/ISE_PROJECT.np1.dbg/pgpg_mem/pg_module.vhd \
      EN work/pg_umult_17_17_0 1163936766
EN work/pg_float_unsigned_add_26_16_4_6 1163936768 \
      FL /usr/local/src/progrape/demo/herm1/pgr/ISE_PROJECT.np1.dbg/pgpg_mem/pg_module.vhd \
      PB ieee/std_logic_1164 1140839709 PB ieee/STD_LOGIC_UNSIGNED 1140839715
AR work/pg_float_unsigned_add_26_16_4_6/rtl 1163936769 \
      FL /usr/local/src/progrape/demo/herm1/pgr/ISE_PROJECT.np1.dbg/pgpg_mem/pg_module.vhd \
      EN work/pg_float_unsigned_add_26_16_4_6 1163936768 CP pg_fuadd_26_16_swap_1 \
      CP pg_fuadd_26_16_shift_0 CP pg_fuadd_26_16_guard \
      CP pg_fuadd_26_16_adjust_0 CP pg_float_rbit_mode6 CP pg_float_round_26_16
EN work/pg_float_sqrt_26_16_3 1163936770 \
      FL /usr/local/src/progrape/demo/herm1/pgr/ISE_PROJECT.np1.dbg/pgpg_mem/pg_module.vhd \
      PB ieee/std_logic_1164 1140839709 PB ieee/STD_LOGIC_UNSIGNED 1140839715
AR work/pg_float_sqrt_26_16_3/rtl 1163936771 \
      FL /usr/local/src/progrape/demo/herm1/pgr/ISE_PROJECT.np1.dbg/pgpg_mem/pg_module.vhd \
      EN work/pg_float_sqrt_26_16_3 1163936770 CP pg_float_sqrt_table_2itp_16_14_2
EN work/pg_float_sqrt_table_2itp_16_14_2 1163936772 \
      FL /usr/local/src/progrape/demo/herm1/pgr/ISE_PROJECT.np1.dbg/pgpg_mem/pg_module.vhd \
      PB ieee/std_logic_1164 1140839709 PB ieee/STD_LOGIC_UNSIGNED 1140839715
AR work/pg_float_sqrt_table_2itp_16_14_2/rtl 1163936773 \
      FL /usr/local/src/progrape/demo/herm1/pgr/ISE_PROJECT.np1.dbg/pgpg_mem/pg_module.vhd \
      EN work/pg_float_sqrt_table_2itp_16_14_2 1163936772 \
      CP lcell_rom_float_sqrt_c0_16_14_4_19_0 \
      CP lcell_rom_float_sqrt_c1_16_14_4_17_0 \
      CP lcell_rom_float_sqrt_c2_16_14_4_15_0 CP pg_umult_14_17_0 \
      CP pg_umult_12_15_0
EN work/pg_umult_14_17_0 1163936774 \
      FL /usr/local/src/progrape/demo/herm1/pgr/ISE_PROJECT.np1.dbg/pgpg_mem/pg_module.vhd \
      PB ieee/std_logic_1164 1140839709 PB ieee/std_logic_arith 1140839711 \
      PB ieee/STD_LOGIC_UNSIGNED 1140839715
AR work/pg_umult_14_17_0/rtl 1163936775 \
      FL /usr/local/src/progrape/demo/herm1/pgr/ISE_PROJECT.np1.dbg/pgpg_mem/pg_module.vhd \
      EN work/pg_umult_14_17_0 1163936774
EN work/pg_umult_12_15_0 1163936776 \
      FL /usr/local/src/progrape/demo/herm1/pgr/ISE_PROJECT.np1.dbg/pgpg_mem/pg_module.vhd \
      PB ieee/std_logic_1164 1140839709 PB ieee/std_logic_arith 1140839711 \
      PB ieee/STD_LOGIC_UNSIGNED 1140839715
AR work/pg_umult_12_15_0/rtl 1163936777 \
      FL /usr/local/src/progrape/demo/herm1/pgr/ISE_PROJECT.np1.dbg/pgpg_mem/pg_module.vhd \
      EN work/pg_umult_12_15_0 1163936776
EN work/lcell_rom_float_sqrt_c0_16_14_4_19_0 1163936778 \
      FL /usr/local/src/progrape/demo/herm1/pgr/ISE_PROJECT.np1.dbg/pgpg_mem/pg_module.vhd \
      PB ieee/std_logic_1164 1140839709
AR work/lcell_rom_float_sqrt_c0_16_14_4_19_0/rtl 1163936779 \
      FL /usr/local/src/progrape/demo/herm1/pgr/ISE_PROJECT.np1.dbg/pgpg_mem/pg_module.vhd \
      EN work/lcell_rom_float_sqrt_c0_16_14_4_19_0 1163936778 CP pg_lcell
EN work/lcell_rom_float_sqrt_c1_16_14_4_17_0 1163936780 \
      FL /usr/local/src/progrape/demo/herm1/pgr/ISE_PROJECT.np1.dbg/pgpg_mem/pg_module.vhd \
      PB ieee/std_logic_1164 1140839709
AR work/lcell_rom_float_sqrt_c1_16_14_4_17_0/rtl 1163936781 \
      FL /usr/local/src/progrape/demo/herm1/pgr/ISE_PROJECT.np1.dbg/pgpg_mem/pg_module.vhd \
      EN work/lcell_rom_float_sqrt_c1_16_14_4_17_0 1163936780 CP pg_lcell
EN work/lcell_rom_float_sqrt_c2_16_14_4_15_0 1163936782 \
      FL /usr/local/src/progrape/demo/herm1/pgr/ISE_PROJECT.np1.dbg/pgpg_mem/pg_module.vhd \
      PB ieee/std_logic_1164 1140839709
AR work/lcell_rom_float_sqrt_c2_16_14_4_15_0/rtl 1163936783 \
      FL /usr/local/src/progrape/demo/herm1/pgr/ISE_PROJECT.np1.dbg/pgpg_mem/pg_module.vhd \
      EN work/lcell_rom_float_sqrt_c2_16_14_4_15_0 1163936782 CP pg_lcell
EN work/pg_float_recipro_26_16_2 1163936784 \
      FL /usr/local/src/progrape/demo/herm1/pgr/ISE_PROJECT.np1.dbg/pgpg_mem/pg_module.vhd \
      PB ieee/std_logic_1164 1140839709 PB ieee/STD_LOGIC_UNSIGNED 1140839715
AR work/pg_float_recipro_26_16_2/rtl 1163936785 \
      FL /usr/local/src/progrape/demo/herm1/pgr/ISE_PROJECT.np1.dbg/pgpg_mem/pg_module.vhd \
      EN work/pg_float_recipro_26_16_2 1163936784 \
      CP pg_float_recipro_table_2itp_16_12_1
EN work/pg_float_recipro_table_2itp_16_12_1 1163936786 \
      FL /usr/local/src/progrape/demo/herm1/pgr/ISE_PROJECT.np1.dbg/pgpg_mem/pg_module.vhd \
      PB ieee/std_logic_1164 1140839709 PB ieee/STD_LOGIC_UNSIGNED 1140839715
AR work/pg_float_recipro_table_2itp_16_12_1/rtl 1163936787 \
      FL /usr/local/src/progrape/demo/herm1/pgr/ISE_PROJECT.np1.dbg/pgpg_mem/pg_module.vhd \
      EN work/pg_float_recipro_table_2itp_16_12_1 1163936786 \
      CP lcell_rom_float_recipro_c0_16_12_4_18_0 \
      CP lcell_rom_float_recipro_c1_16_12_4_18_0 \
      CP lcell_rom_float_recipro_c2_16_12_4_18_0 CP pg_umult_12_18_1 \
      CP pg_umult_8_18_1
EN work/pg_umult_12_18_1 1163936788 \
      FL /usr/local/src/progrape/demo/herm1/pgr/ISE_PROJECT.np1.dbg/pgpg_mem/pg_module.vhd \
      PB ieee/std_logic_1164 1140839709 PB ieee/std_logic_arith 1140839711 \
      PB ieee/STD_LOGIC_UNSIGNED 1140839715
AR work/pg_umult_12_18_1/rtl 1163936789 \
      FL /usr/local/src/progrape/demo/herm1/pgr/ISE_PROJECT.np1.dbg/pgpg_mem/pg_module.vhd \
      EN work/pg_umult_12_18_1 1163936788
EN work/pg_umult_8_18_1 1163936790 \
      FL /usr/local/src/progrape/demo/herm1/pgr/ISE_PROJECT.np1.dbg/pgpg_mem/pg_module.vhd \
      PB ieee/std_logic_1164 1140839709 PB ieee/std_logic_arith 1140839711 \
      PB ieee/STD_LOGIC_UNSIGNED 1140839715
AR work/pg_umult_8_18_1/rtl 1163936791 \
      FL /usr/local/src/progrape/demo/herm1/pgr/ISE_PROJECT.np1.dbg/pgpg_mem/pg_module.vhd \
      EN work/pg_umult_8_18_1 1163936790
EN work/lcell_rom_float_recipro_c0_16_12_4_18_0 1163936792 \
      FL /usr/local/src/progrape/demo/herm1/pgr/ISE_PROJECT.np1.dbg/pgpg_mem/pg_module.vhd \
      PB ieee/std_logic_1164 1140839709
AR work/lcell_rom_float_recipro_c0_16_12_4_18_0/rtl 1163936793 \
      FL /usr/local/src/progrape/demo/herm1/pgr/ISE_PROJECT.np1.dbg/pgpg_mem/pg_module.vhd \
      EN work/lcell_rom_float_recipro_c0_16_12_4_18_0 1163936792 CP pg_lcell
EN work/lcell_rom_float_recipro_c1_16_12_4_18_0 1163936794 \
      FL /usr/local/src/progrape/demo/herm1/pgr/ISE_PROJECT.np1.dbg/pgpg_mem/pg_module.vhd \
      PB ieee/std_logic_1164 1140839709
AR work/lcell_rom_float_recipro_c1_16_12_4_18_0/rtl 1163936795 \
      FL /usr/local/src/progrape/demo/herm1/pgr/ISE_PROJECT.np1.dbg/pgpg_mem/pg_module.vhd \
      EN work/lcell_rom_float_recipro_c1_16_12_4_18_0 1163936794 CP pg_lcell
EN work/lcell_rom_float_recipro_c2_16_12_4_18_0 1163936796 \
      FL /usr/local/src/progrape/demo/herm1/pgr/ISE_PROJECT.np1.dbg/pgpg_mem/pg_module.vhd \
      PB ieee/std_logic_1164 1140839709
AR work/lcell_rom_float_recipro_c2_16_12_4_18_0/rtl 1163936797 \
      FL /usr/local/src/progrape/demo/herm1/pgr/ISE_PROJECT.np1.dbg/pgpg_mem/pg_module.vhd \
      EN work/lcell_rom_float_recipro_c2_16_12_4_18_0 1163936796 CP pg_lcell
EN work/pg_float_expadd_31_26_16_1 1163936798 \
      FL /usr/local/src/progrape/demo/herm1/pgr/ISE_PROJECT.np1.dbg/pgpg_mem/pg_module.vhd \
      PB ieee/std_logic_1164 1140839709 PB ieee/STD_LOGIC_UNSIGNED 1140839715
AR work/pg_float_expadd_31_26_16_1/rtl 1163936799 \
      FL /usr/local/src/progrape/demo/herm1/pgr/ISE_PROJECT.np1.dbg/pgpg_mem/pg_module.vhd \
      EN work/pg_float_expadd_31_26_16_1 1163936798
EN work/pg_float_fixaccum_26_16_57_64_2_0 1163936800 \
      FL /usr/local/src/progrape/demo/herm1/pgr/ISE_PROJECT.np1.dbg/pgpg_mem/pg_module.vhd \
      PB ieee/std_logic_1164 1140839709 PB ieee/STD_LOGIC_UNSIGNED 1140839715
AR work/pg_float_fixaccum_26_16_57_64_2_0/rtl 1163936801 \
      FL /usr/local/src/progrape/demo/herm1/pgr/ISE_PROJECT.np1.dbg/pgpg_mem/pg_module.vhd \
      EN work/pg_float_fixaccum_26_16_57_64_2_0 1163936800 \
      CP pg_conv_floattofix_26_16_57_1_0 CP pg_fix_smaccum_57_64_1
EN work/pg_conv_floattofix_26_16_57_1_0 1163936802 \
      FL /usr/local/src/progrape/demo/herm1/pgr/ISE_PROJECT.np1.dbg/pgpg_mem/pg_module.vhd \
      PB ieee/std_logic_1164 1140839709 PB ieee/STD_LOGIC_UNSIGNED 1140839715
AR work/pg_conv_floattofix_26_16_57_1_0/rtl 1163936803 \
      FL /usr/local/src/progrape/demo/herm1/pgr/ISE_PROJECT.np1.dbg/pgpg_mem/pg_module.vhd \
      EN work/pg_conv_floattofix_26_16_57_1_0 1163936802 \
      CP pg_conv_floattofix_shift_16_7_56_0
EN work/pg_conv_floattofix_shift_16_7_56_0 1163936804 \
      FL /usr/local/src/progrape/demo/herm1/pgr/ISE_PROJECT.np1.dbg/pgpg_mem/pg_module.vhd \
      PB ieee/std_logic_1164 1140839709 PB ieee/STD_LOGIC_UNSIGNED 1140839715
AR work/pg_conv_floattofix_shift_16_7_56_0/rtl 1163936805 \
      FL /usr/local/src/progrape/demo/herm1/pgr/ISE_PROJECT.np1.dbg/pgpg_mem/pg_module.vhd \
      EN work/pg_conv_floattofix_shift_16_7_56_0 1163936804
EN work/pg_fix_smaccum_57_64_1 1163936806 \
      FL /usr/local/src/progrape/demo/herm1/pgr/ISE_PROJECT.np1.dbg/pgpg_mem/pg_module.vhd \
      PB ieee/std_logic_1164 1140839709 PB ieee/STD_LOGIC_UNSIGNED 1140839715
AR work/pg_fix_smaccum_57_64_1/rtl 1163936807 \
      FL /usr/local/src/progrape/demo/herm1/pgr/ISE_PROJECT.np1.dbg/pgpg_mem/pg_module.vhd \
      EN work/pg_fix_smaccum_57_64_1 1163936806 CP fix_accum_reg_last_1
EN work/fix_accum_reg_last_1 1163936808 \
      FL /usr/local/src/progrape/demo/herm1/pgr/ISE_PROJECT.np1.dbg/pgpg_mem/pg_module.vhd \
      PB ieee/std_logic_1164 1140839709 PB ieee/std_logic_arith 1140839711 \
      PB ieee/STD_LOGIC_UNSIGNED 1140839715
AR work/fix_accum_reg_last_1/rtl 1163936809 \
      FL /usr/local/src/progrape/demo/herm1/pgr/ISE_PROJECT.np1.dbg/pgpg_mem/pg_module.vhd \
      EN work/fix_accum_reg_last_1 1163936808
EN work/pg_float_expadd_1_26_16_1 1163936810 \
      FL /usr/local/src/progrape/demo/herm1/pgr/ISE_PROJECT.np1.dbg/pgpg_mem/pg_module.vhd \
      PB ieee/std_logic_1164 1140839709 PB ieee/STD_LOGIC_UNSIGNED 1140839715
AR work/pg_float_expadd_1_26_16_1/rtl 1163936811 \
      FL /usr/local/src/progrape/demo/herm1/pgr/ISE_PROJECT.np1.dbg/pgpg_mem/pg_module.vhd \
      EN work/pg_float_expadd_1_26_16_1 1163936810
EN work/pg_pdelay_26_4 1163936812 \
      FL /usr/local/src/progrape/demo/herm1/pgr/ISE_PROJECT.np1.dbg/pgpg_mem/pg_module.vhd \
      PB ieee/std_logic_1164 1140839709
AR work/pg_pdelay_26_4/rtl 1163936813 \
      FL /usr/local/src/progrape/demo/herm1/pgr/ISE_PROJECT.np1.dbg/pgpg_mem/pg_module.vhd \
      EN work/pg_pdelay_26_4 1163936812
EN work/pg_pdelay_26_3 1163936814 \
      FL /usr/local/src/progrape/demo/herm1/pgr/ISE_PROJECT.np1.dbg/pgpg_mem/pg_module.vhd \
      PB ieee/std_logic_1164 1140839709
AR work/pg_pdelay_26_3/rtl 1163936815 \
      FL /usr/local/src/progrape/demo/herm1/pgr/ISE_PROJECT.np1.dbg/pgpg_mem/pg_module.vhd \
      EN work/pg_pdelay_26_3 1163936814
EN work/pg_pdelay_26_5 1163936816 \
      FL /usr/local/src/progrape/demo/herm1/pgr/ISE_PROJECT.np1.dbg/pgpg_mem/pg_module.vhd \
      PB ieee/std_logic_1164 1140839709
AR work/pg_pdelay_26_5/rtl 1163936817 \
      FL /usr/local/src/progrape/demo/herm1/pgr/ISE_PROJECT.np1.dbg/pgpg_mem/pg_module.vhd \
      EN work/pg_pdelay_26_5 1163936816
EN work/pg_pdelay_26_23 1163936818 \
      FL /usr/local/src/progrape/demo/herm1/pgr/ISE_PROJECT.np1.dbg/pgpg_mem/pg_module.vhd \
      PB ieee/std_logic_1164 1140839709
AR work/pg_pdelay_26_23/rtl 1163936819 \
      FL /usr/local/src/progrape/demo/herm1/pgr/ISE_PROJECT.np1.dbg/pgpg_mem/pg_module.vhd \
      EN work/pg_pdelay_26_23 1163936818
EN work/pg_pdelay_26_11 1163936820 \
      FL /usr/local/src/progrape/demo/herm1/pgr/ISE_PROJECT.np1.dbg/pgpg_mem/pg_module.vhd \
      PB ieee/std_logic_1164 1140839709
AR work/pg_pdelay_26_11/rtl 1163936821 \
      FL /usr/local/src/progrape/demo/herm1/pgr/ISE_PROJECT.np1.dbg/pgpg_mem/pg_module.vhd \
      EN work/pg_pdelay_26_11 1163936820
EN work/pg_pdelay_26_24 1163936822 \
      FL /usr/local/src/progrape/demo/herm1/pgr/ISE_PROJECT.np1.dbg/pgpg_mem/pg_module.vhd \
      PB ieee/std_logic_1164 1140839709
AR work/pg_pdelay_26_24/rtl 1163936823 \
      FL /usr/local/src/progrape/demo/herm1/pgr/ISE_PROJECT.np1.dbg/pgpg_mem/pg_module.vhd \
      EN work/pg_pdelay_26_24 1163936822
EN work/pg_pdelay_26_13 1163936824 \
      FL /usr/local/src/progrape/demo/herm1/pgr/ISE_PROJECT.np1.dbg/pgpg_mem/pg_module.vhd \
      PB ieee/std_logic_1164 1140839709
AR work/pg_pdelay_26_13/rtl 1163936825 \
      FL /usr/local/src/progrape/demo/herm1/pgr/ISE_PROJECT.np1.dbg/pgpg_mem/pg_module.vhd \
      EN work/pg_pdelay_26_13 1163936824
EN work/pg_pdelay_26_1 1163936826 \
      FL /usr/local/src/progrape/demo/herm1/pgr/ISE_PROJECT.np1.dbg/pgpg_mem/pg_module.vhd \
      PB ieee/std_logic_1164 1140839709
AR work/pg_pdelay_26_1/rtl 1163936827 \
      FL /usr/local/src/progrape/demo/herm1/pgr/ISE_PROJECT.np1.dbg/pgpg_mem/pg_module.vhd \
      EN work/pg_pdelay_26_1 1163936826
EN work/pg_pdelay_26_6 1163936828 \
      FL /usr/local/src/progrape/demo/herm1/pgr/ISE_PROJECT.np1.dbg/pgpg_mem/pg_module.vhd \
      PB ieee/std_logic_1164 1140839709
AR work/pg_pdelay_26_6/rtl 1163936829 \
      FL /usr/local/src/progrape/demo/herm1/pgr/ISE_PROJECT.np1.dbg/pgpg_mem/pg_module.vhd \
      EN work/pg_pdelay_26_6 1163936828
EN work/pg_lcell 1163936830 \
      FL /usr/local/src/progrape/demo/herm1/pgr/ISE_PROJECT.np1.dbg/pgpg_mem/pg_module.vhd \
      PB ieee/std_logic_1164 1140839709 PH ieee/NUMERIC_STD 1140839720 LB UNISIM \
      PH unisim/VCOMPONENTS 1142233852
AR work/pg_lcell/schematic 1163936831 \
      FL /usr/local/src/progrape/demo/herm1/pgr/ISE_PROJECT.np1.dbg/pgpg_mem/pg_module.vhd \
      EN work/pg_lcell 1163936830 CP LUT4
