--------------------------------------------------------------------------------
Release 8.1.03i Trace I.27
Copyright (c) 1995-2005 Xilinx, Inc.  All rights reserved.

trce -intstyle xflow -e 30 -l 3 -s 5 top.ncd -o top.twr top.pcf


Design file:              top.ncd
Physical constraint file: top.pcf
Device,speed:             xc3s5000,-5 (ADVANCED 1.37 2005-11-04)
Report level:             error report

Environment Variable      Effect 
--------------------      ------ 
NONE                      No environment variables were set
--------------------------------------------------------------------------------

INFO:Timing:2752 - To get complete path coverage, use the unconstrained paths
   option. All paths that are not constrained will be reported in the
   unconstrained paths section(s) of the report.

================================================================================
Timing constraint: TS_CK66 = PERIOD TIMEGRP "CK66" 15 ns HIGH 50%;

 0 items analyzed, 0 timing errors detected.
--------------------------------------------------------------------------------

================================================================================
Timing constraint: TS_dcm0_dcm_out = PERIOD TIMEGRP "dcm0_dcm_out" TS_CK66 HIGH 50%;

 13102 items analyzed, 0 timing errors detected. (0 setup errors, 0 hold errors)
 Minimum period is  14.970ns.
--------------------------------------------------------------------------------

================================================================================
Timing constraint: TS_dcm0_dcm_fx = PERIOD TIMEGRP "dcm0_dcm_fx" TS_CK66 HIGH 50%;

 2556153 items analyzed, 0 timing errors detected. (0 setup errors, 0 hold errors)
 Minimum period is  14.876ns.
--------------------------------------------------------------------------------


All constraints were met.


Data Sheet report:
-----------------
All values displayed in nanoseconds (ns)

Clock to Setup on destination clock CK66
---------------+---------+---------+---------+---------+
               | Src:Rise| Src:Fall| Src:Rise| Src:Fall|
Source Clock   |Dest:Rise|Dest:Rise|Dest:Fall|Dest:Fall|
---------------+---------+---------+---------+---------+
CK66           |   14.970|         |         |         |
---------------+---------+---------+---------+---------+


Timing summary:
---------------

Timing errors: 0  Score: 0

Constraints cover 2569255 paths, 0 nets, and 60233 connections

Design statistics:
   Minimum period:  14.970ns (Maximum frequency:  66.800MHz)


Analysis completed Mon Nov 20 19:14:02 2006
--------------------------------------------------------------------------------



Peak Memory Usage: 302 MB
