EN pg_pdelay_17_3 NULL /home/hamada/pgr/Demos/PairWiseErr/pgr/ISE_PROJECT.0/proj/../pgpg_mem/pg_module.vhd sub00/vhpl56
AR pipe_sts rtl /home/hamada/pgr/Demos/PairWiseErr/pgr/ISE_PROJECT.0/proj/../pgpg_mem/pipe_sts.vhd sub00/vhpl73
EN pipe_sts NULL /home/hamada/pgr/Demos/PairWiseErr/pgr/ISE_PROJECT.0/proj/../pgpg_mem/pipe_sts.vhd sub00/vhpl72
EN dmaw NULL /home/hamada/pgr/Demos/PairWiseErr/pgr/ISE_PROJECT.0/proj/../dmaw.vhd sub01/vhpl100
EN clk_muldiv NULL /home/hamada/pgr/Demos/PairWiseErr/pgr/ISE_PROJECT.0/proj/../clk_muldiv.vhd sub00/vhpl98
EN pg_lcell NULL /home/hamada/pgr/Demos/PairWiseErr/pgr/ISE_PROJECT.0/proj/../pgpg_mem/pg_module.vhd sub00/vhpl62
AR dmaw rtl /home/hamada/pgr/Demos/PairWiseErr/pgr/ISE_PROJECT.0/proj/../dmaw.vhd sub01/vhpl101
EN pg_log_shift_m1 NULL /home/hamada/pgr/Demos/PairWiseErr/pgr/ISE_PROJECT.0/proj/../pgpg_mem/pg_module.vhd sub00/vhpl34
AR unreg_shift_ftol_30_10 rtl /home/hamada/pgr/Demos/PairWiseErr/pgr/ISE_PROJECT.0/proj/../pgpg_mem/pg_module.vhd sub00/vhpl13
AR pg_lcell schematic /home/hamada/pgr/Demos/PairWiseErr/pgr/ISE_PROJECT.0/proj/../pgpg_mem/pg_module.vhd sub00/vhpl63
AR calc rtl /home/hamada/pgr/Demos/PairWiseErr/pgr/ISE_PROJECT.0/proj/../pgpg_mem/calc.vhd sub00/vhpl71
EN unreg_shift_ltof_9_7_56 NULL /home/hamada/pgr/Demos/PairWiseErr/pgr/ISE_PROJECT.0/proj/../pgpg_mem/pg_module.vhd sub00/vhpl48
EN pg_adder_rca_sub_11_0 NULL /home/hamada/pgr/Demos/PairWiseErr/pgr/ISE_PROJECT.0/proj/../pgpg_mem/pg_module.vhd sub00/vhpl30
EN setn NULL /home/hamada/pgr/Demos/PairWiseErr/pgr/ISE_PROJECT.0/proj/../pgpg_mem/setn.vhd sub00/vhpl74
AR lcell_rom_a106_6_10_1 rtl /home/hamada/pgr/Demos/PairWiseErr/pgr/ISE_PROJECT.0/proj/../pgpg_mem/pg_module.vhd sub00/vhpl21
AR pg_log_unsigned_add_umult_6_9_0 rtl /home/hamada/pgr/Demos/PairWiseErr/pgr/ISE_PROJECT.0/proj/../pgpg_mem/pg_module.vhd sub00/vhpl25
AR lcell_rom_a906_6_9_1 rtl /home/hamada/pgr/Demos/PairWiseErr/pgr/ISE_PROJECT.0/proj/../pgpg_mem/pg_module.vhd sub00/vhpl23
AR clk_muldiv rtl /home/hamada/pgr/Demos/PairWiseErr/pgr/ISE_PROJECT.0/proj/../clk_muldiv.vhd sub00/vhpl99
AR jmem rtl /home/hamada/pgr/Demos/PairWiseErr/pgr/ISE_PROJECT.0/proj/../pgpg_mem/jmem.vhd sub00/vhpl77
EN penc_31_5 NULL /home/hamada/pgr/Demos/PairWiseErr/pgr/ISE_PROJECT.0/proj/../pgpg_mem/pg_module.vhd sub00/vhpl10
EN pg_pdelay_17_10 NULL /home/hamada/pgr/Demos/PairWiseErr/pgr/ISE_PROJECT.0/proj/../pgpg_mem/pg_module.vhd sub00/vhpl60
AR unreg_add_sub rtl /home/hamada/pgr/Demos/PairWiseErr/pgr/ISE_PROJECT.0/proj/../pgpg_mem/pg_module.vhd sub00/vhpl09
AR pg_pdelay_17_12 rtl /home/hamada/pgr/Demos/PairWiseErr/pgr/ISE_PROJECT.0/proj/../pgpg_mem/pg_module.vhd sub00/vhpl59
EN pg_pdelay_17_12 NULL /home/hamada/pgr/Demos/PairWiseErr/pgr/ISE_PROJECT.0/proj/../pgpg_mem/pg_module.vhd sub00/vhpl58
EN pg_log_unsigned_add_itp_17_8_6_4 NULL /home/hamada/pgr/Demos/PairWiseErr/pgr/ISE_PROJECT.0/proj/../pgpg_mem/pg_module.vhd sub00/vhpl18
EN dpram NULL /home/hamada/pgr/Demos/PairWiseErr/pgr/ISE_PROJECT.0/proj/../pgpg_mem/dpram.vhd sub00/vhpl00
AR adr_dec rtl /home/hamada/pgr/Demos/PairWiseErr/pgr/ISE_PROJECT.0/proj/../pgpg_mem/adr_dec.vhd sub00/vhpl65
EN pg_fix_accum_57_64_1 NULL /home/hamada/pgr/Demos/PairWiseErr/pgr/ISE_PROJECT.0/proj/../pgpg_mem/pg_module.vhd sub00/vhpl52
EN pg_float_expadd_m31_17_8_1 NULL /home/hamada/pgr/Demos/PairWiseErr/pgr/ISE_PROJECT.0/proj/../pgpg_mem/pg_module.vhd sub00/vhpl44
EN pg_log_sdiv_17_1 NULL /home/hamada/pgr/Demos/PairWiseErr/pgr/ISE_PROJECT.0/proj/../pgpg_mem/pg_module.vhd sub00/vhpl40
AR pg_adder_rca_add_16_0 rtl /home/hamada/pgr/Demos/PairWiseErr/pgr/ISE_PROJECT.0/proj/../pgpg_mem/pg_module.vhd sub00/vhpl33
AR dmar_start_adr rtl /home/hamada/pgr/Demos/PairWiseErr/pgr/ISE_PROJECT.0/proj/../dmar_start_adr.vhd sub00/vhpl91
AR unreg_shift_ltof_9_7_56 rtl /home/hamada/pgr/Demos/PairWiseErr/pgr/ISE_PROJECT.0/proj/../pgpg_mem/pg_module.vhd sub00/vhpl49
AR dmaw_state rtl /home/hamada/pgr/Demos/PairWiseErr/pgr/ISE_PROJECT.0/proj/../dmaw_state.vhd sub00/vhpl85
EN pg_pipe NULL /home/hamada/pgr/Demos/PairWiseErr/pgr/ISE_PROJECT.0/proj/../pgpg_mem/pg_pipe.vhd sub00/vhpl66
AR pg_log_unsigned_add_itp_17_8_6_4 rtl /home/hamada/pgr/Demos/PairWiseErr/pgr/ISE_PROJECT.0/proj/../pgpg_mem/pg_module.vhd sub00/vhpl19
AR dpram rtl /home/hamada/pgr/Demos/PairWiseErr/pgr/ISE_PROJECT.0/proj/../pgpg_mem/dpram.vhd sub00/vhpl01
AR pg_conv_ftol_32_17_8_2 rtl /home/hamada/pgr/Demos/PairWiseErr/pgr/ISE_PROJECT.0/proj/../pgpg_mem/pg_module.vhd sub00/vhpl07
EN pgpg_mem NULL /home/hamada/pgr/Demos/PairWiseErr/pgr/ISE_PROJECT.0/proj/../pgpg_mem/pgpg_mem.vhd sub00/vhpl86
AR pipe std /home/hamada/pgr/Demos/PairWiseErr/pgr/ISE_PROJECT.0/proj/../pgpg_mem/pg_pipe.vhd sub00/vhpl69
EN dmar_dbus_hiz NULL /home/hamada/pgr/Demos/PairWiseErr/pgr/ISE_PROJECT.0/proj/../dmar_dbus_hiz.vhd sub00/vhpl96
AR pg_fix_sub_32_1 rtl /home/hamada/pgr/Demos/PairWiseErr/pgr/ISE_PROJECT.0/proj/../pgpg_mem/pg_module.vhd sub00/vhpl03
EN pg_adder_rca_add_15_1 NULL /home/hamada/pgr/Demos/PairWiseErr/pgr/ISE_PROJECT.0/proj/../pgpg_mem/pg_module.vhd sub00/vhpl38
EN dmaw_start_adr NULL /home/hamada/pgr/Demos/PairWiseErr/pgr/ISE_PROJECT.0/proj/../dmaw_start_adr.vhd sub00/vhpl82
EN unreg_add_sub NULL /home/hamada/pgr/Demos/PairWiseErr/pgr/ISE_PROJECT.0/proj/../pgpg_mem/pg_module.vhd sub00/vhpl08
EN top NULL /home/hamada/pgr/Demos/PairWiseErr/pgr/ISE_PROJECT.0/proj/../top.vhd sub01/vhpl106
AR top rtl /home/hamada/pgr/Demos/PairWiseErr/pgr/ISE_PROJECT.0/proj/../top.vhd sub01/vhpl107
AR dmar_mem_re rtl /home/hamada/pgr/Demos/PairWiseErr/pgr/ISE_PROJECT.0/proj/../dmar_mem_re.vhd sub00/vhpl95
EN pg_adder_rca_sub_32_1 NULL /home/hamada/pgr/Demos/PairWiseErr/pgr/ISE_PROJECT.0/proj/../pgpg_mem/pg_module.vhd sub00/vhpl04
AR pg_fix_accum_57_64_1 rtl /home/hamada/pgr/Demos/PairWiseErr/pgr/ISE_PROJECT.0/proj/../pgpg_mem/pg_module.vhd sub00/vhpl53
AR pg_log_sdiv_17_1 rtl /home/hamada/pgr/Demos/PairWiseErr/pgr/ISE_PROJECT.0/proj/../pgpg_mem/pg_module.vhd sub00/vhpl41
AR pg_log_mul_17_1 rtl /home/hamada/pgr/Demos/PairWiseErr/pgr/ISE_PROJECT.0/proj/../pgpg_mem/pg_module.vhd sub00/vhpl37
EN pipe NULL /home/hamada/pgr/Demos/PairWiseErr/pgr/ISE_PROJECT.0/proj/../pgpg_mem/pg_pipe.vhd sub00/vhpl68
AR pg_adder_rca_add_15_1 rtl /home/hamada/pgr/Demos/PairWiseErr/pgr/ISE_PROJECT.0/proj/../pgpg_mem/pg_module.vhd sub00/vhpl39
AR pg_log_shift_m1 rtl /home/hamada/pgr/Demos/PairWiseErr/pgr/ISE_PROJECT.0/proj/../pgpg_mem/pg_module.vhd sub00/vhpl35
EN pg_adder_rca_add_16_0 NULL /home/hamada/pgr/Demos/PairWiseErr/pgr/ISE_PROJECT.0/proj/../pgpg_mem/pg_module.vhd sub00/vhpl32
EN pg_conv_ltof_17_8_57_2 NULL /home/hamada/pgr/Demos/PairWiseErr/pgr/ISE_PROJECT.0/proj/../pgpg_mem/pg_module.vhd sub00/vhpl46
AR pg_adder_rca_sub_17_0 rtl /home/hamada/pgr/Demos/PairWiseErr/pgr/ISE_PROJECT.0/proj/../pgpg_mem/pg_module.vhd sub00/vhpl27
EN pg_log_unsigned_add_umult_6_9_0 NULL /home/hamada/pgr/Demos/PairWiseErr/pgr/ISE_PROJECT.0/proj/../pgpg_mem/pg_module.vhd sub00/vhpl24
AR pg_adder_rca_sub_32_1 rtl /home/hamada/pgr/Demos/PairWiseErr/pgr/ISE_PROJECT.0/proj/../pgpg_mem/pg_module.vhd sub00/vhpl05
AR pg_adder_rca_sub_16_0 rtl /home/hamada/pgr/Demos/PairWiseErr/pgr/ISE_PROJECT.0/proj/../pgpg_mem/pg_module.vhd sub00/vhpl29
AR fix_accum_reg_last_1 rtl /home/hamada/pgr/Demos/PairWiseErr/pgr/ISE_PROJECT.0/proj/../pgpg_mem/pg_module.vhd sub00/vhpl55
EN bram_rom_8f28_8_8_1 NULL /home/hamada/pgr/Demos/PairWiseErr/pgr/ISE_PROJECT.0/proj/../pgpg_mem/pg_module.vhd sub00/vhpl50
AR pg_log_shift_1 rtl /home/hamada/pgr/Demos/PairWiseErr/pgr/ISE_PROJECT.0/proj/../pgpg_mem/pg_module.vhd sub00/vhpl17
AR pgpg_mem rtl /home/hamada/pgr/Demos/PairWiseErr/pgr/ISE_PROJECT.0/proj/../pgpg_mem/pgpg_mem.vhd sub00/vhpl87
AR pg_pipe std /home/hamada/pgr/Demos/PairWiseErr/pgr/ISE_PROJECT.0/proj/../pgpg_mem/pg_pipe.vhd sub00/vhpl67
EN dmaw_state NULL /home/hamada/pgr/Demos/PairWiseErr/pgr/ISE_PROJECT.0/proj/../dmaw_state.vhd sub00/vhpl84
EN unreg_shift_ftol_30_10 NULL /home/hamada/pgr/Demos/PairWiseErr/pgr/ISE_PROJECT.0/proj/../pgpg_mem/pg_module.vhd sub00/vhpl12
AR pg_pdelay_17_10 rtl /home/hamada/pgr/Demos/PairWiseErr/pgr/ISE_PROJECT.0/proj/../pgpg_mem/pg_module.vhd sub00/vhpl61
AR dmar_dbus_hiz rtl /home/hamada/pgr/Demos/PairWiseErr/pgr/ISE_PROJECT.0/proj/../dmar_dbus_hiz.vhd sub00/vhpl97
EN pg_log_mul_17_1 NULL /home/hamada/pgr/Demos/PairWiseErr/pgr/ISE_PROJECT.0/proj/../pgpg_mem/pg_module.vhd sub00/vhpl36
EN pg_conv_ftol_32_17_8_2 NULL /home/hamada/pgr/Demos/PairWiseErr/pgr/ISE_PROJECT.0/proj/../pgpg_mem/pg_module.vhd sub00/vhpl06
EN dmaw_mem_adr NULL /home/hamada/pgr/Demos/PairWiseErr/pgr/ISE_PROJECT.0/proj/../dmaw_mem_adr.vhd sub00/vhpl80
EN fix_accum_reg_last_1 NULL /home/hamada/pgr/Demos/PairWiseErr/pgr/ISE_PROJECT.0/proj/../pgpg_mem/pg_module.vhd sub00/vhpl54
EN pg_adder_rca_sub_16_0 NULL /home/hamada/pgr/Demos/PairWiseErr/pgr/ISE_PROJECT.0/proj/../pgpg_mem/pg_module.vhd sub00/vhpl28
AR penc_31_5 rtl /home/hamada/pgr/Demos/PairWiseErr/pgr/ISE_PROJECT.0/proj/../pgpg_mem/pg_module.vhd sub00/vhpl11
EN pg_adder_rca_sub_16_1 NULL /home/hamada/pgr/Demos/PairWiseErr/pgr/ISE_PROJECT.0/proj/../pgpg_mem/pg_module.vhd sub00/vhpl42
AR setn rtl /home/hamada/pgr/Demos/PairWiseErr/pgr/ISE_PROJECT.0/proj/../pgpg_mem/setn.vhd sub00/vhpl75
EN pg_fix_sub_32_1 NULL /home/hamada/pgr/Demos/PairWiseErr/pgr/ISE_PROJECT.0/proj/../pgpg_mem/pg_module.vhd sub00/vhpl02
AR dmaw_mem_we rtl /home/hamada/pgr/Demos/PairWiseErr/pgr/ISE_PROJECT.0/proj/../dmaw_mem_we.vhd sub00/vhpl79
EN lcell_rom_a906_6_9_1 NULL /home/hamada/pgr/Demos/PairWiseErr/pgr/ISE_PROJECT.0/proj/../pgpg_mem/pg_module.vhd sub00/vhpl22
AR pg_float_expadd_m31_17_8_1 rtl /home/hamada/pgr/Demos/PairWiseErr/pgr/ISE_PROJECT.0/proj/../pgpg_mem/pg_module.vhd sub00/vhpl45
EN dmar_mem_re NULL /home/hamada/pgr/Demos/PairWiseErr/pgr/ISE_PROJECT.0/proj/../dmar_mem_re.vhd sub00/vhpl94
AR bram_rom_8408_10_8_1 rtl /home/hamada/pgr/Demos/PairWiseErr/pgr/ISE_PROJECT.0/proj/../pgpg_mem/pg_module.vhd sub00/vhpl15
AR dmaw_start_adr rtl /home/hamada/pgr/Demos/PairWiseErr/pgr/ISE_PROJECT.0/proj/../dmaw_start_adr.vhd sub00/vhpl83
AR pg_adder_rca_sub_11_0 rtl /home/hamada/pgr/Demos/PairWiseErr/pgr/ISE_PROJECT.0/proj/../pgpg_mem/pg_module.vhd sub00/vhpl31
AR user rtl /home/hamada/pgr/Demos/PairWiseErr/pgr/ISE_PROJECT.0/proj/../user.vhd sub01/vhpl105
AR dmar_state rtl /home/hamada/pgr/Demos/PairWiseErr/pgr/ISE_PROJECT.0/proj/../dmar_state.vhd sub00/vhpl89
AR dmar rtl /home/hamada/pgr/Demos/PairWiseErr/pgr/ISE_PROJECT.0/proj/../dmar.vhd sub01/vhpl103
EN pg_log_shift_1 NULL /home/hamada/pgr/Demos/PairWiseErr/pgr/ISE_PROJECT.0/proj/../pgpg_mem/pg_module.vhd sub00/vhpl16
AR dmar_mem_adr rtl /home/hamada/pgr/Demos/PairWiseErr/pgr/ISE_PROJECT.0/proj/../dmar_mem_adr.vhd sub00/vhpl93
AR pg_adder_rca_sub_16_1 rtl /home/hamada/pgr/Demos/PairWiseErr/pgr/ISE_PROJECT.0/proj/../pgpg_mem/pg_module.vhd sub00/vhpl43
EN user NULL /home/hamada/pgr/Demos/PairWiseErr/pgr/ISE_PROJECT.0/proj/../user.vhd sub01/vhpl104
AR pg_conv_ltof_17_8_57_2 rtl /home/hamada/pgr/Demos/PairWiseErr/pgr/ISE_PROJECT.0/proj/../pgpg_mem/pg_module.vhd sub00/vhpl47
EN pg_adder_rca_sub_17_0 NULL /home/hamada/pgr/Demos/PairWiseErr/pgr/ISE_PROJECT.0/proj/../pgpg_mem/pg_module.vhd sub00/vhpl26
AR pg_pdelay_17_3 rtl /home/hamada/pgr/Demos/PairWiseErr/pgr/ISE_PROJECT.0/proj/../pgpg_mem/pg_module.vhd sub00/vhpl57
EN bram_rom_8408_10_8_1 NULL /home/hamada/pgr/Demos/PairWiseErr/pgr/ISE_PROJECT.0/proj/../pgpg_mem/pg_module.vhd sub00/vhpl14
EN dmaw_mem_we NULL /home/hamada/pgr/Demos/PairWiseErr/pgr/ISE_PROJECT.0/proj/../dmaw_mem_we.vhd sub00/vhpl78
EN dmar_mem_adr NULL /home/hamada/pgr/Demos/PairWiseErr/pgr/ISE_PROJECT.0/proj/../dmar_mem_adr.vhd sub00/vhpl92
EN dmar_state NULL /home/hamada/pgr/Demos/PairWiseErr/pgr/ISE_PROJECT.0/proj/../dmar_state.vhd sub00/vhpl88
EN adr_dec NULL /home/hamada/pgr/Demos/PairWiseErr/pgr/ISE_PROJECT.0/proj/../pgpg_mem/adr_dec.vhd sub00/vhpl64
EN lcell_rom_a106_6_10_1 NULL /home/hamada/pgr/Demos/PairWiseErr/pgr/ISE_PROJECT.0/proj/../pgpg_mem/pg_module.vhd sub00/vhpl20
EN jmem NULL /home/hamada/pgr/Demos/PairWiseErr/pgr/ISE_PROJECT.0/proj/../pgpg_mem/jmem.vhd sub00/vhpl76
AR dmaw_mem_adr rtl /home/hamada/pgr/Demos/PairWiseErr/pgr/ISE_PROJECT.0/proj/../dmaw_mem_adr.vhd sub00/vhpl81
EN dmar_start_adr NULL /home/hamada/pgr/Demos/PairWiseErr/pgr/ISE_PROJECT.0/proj/../dmar_start_adr.vhd sub00/vhpl90
EN dmar NULL /home/hamada/pgr/Demos/PairWiseErr/pgr/ISE_PROJECT.0/proj/../dmar.vhd sub01/vhpl102
EN calc NULL /home/hamada/pgr/Demos/PairWiseErr/pgr/ISE_PROJECT.0/proj/../pgpg_mem/calc.vhd sub00/vhpl70
AR bram_rom_8f28_8_8_1 rtl /home/hamada/pgr/Demos/PairWiseErr/pgr/ISE_PROJECT.0/proj/../pgpg_mem/pg_module.vhd sub00/vhpl51
