V1 189
FL /home/hamada/pgr/Demos/PairWiseErr/pgr/ISE_PROJECT.0/proj/../pgpg_mem/pg_pipe.vhd 2005/06/13.21:19:25
EN work/PG_PIPE \
      FL /home/hamada/pgr/Demos/PairWiseErr/pgr/ISE_PROJECT.0/proj/../pgpg_mem/pg_pipe.vhd \
      PB ieee/STD_LOGIC_1164
AR work/PG_PIPE/STD \
      FL /home/hamada/pgr/Demos/PairWiseErr/pgr/ISE_PROJECT.0/proj/../pgpg_mem/pg_pipe.vhd \
      EN work/PG_PIPE   CP PIPE
EN work/PIPE \
      FL /home/hamada/pgr/Demos/PairWiseErr/pgr/ISE_PROJECT.0/proj/../pgpg_mem/pg_pipe.vhd \
      PB ieee/STD_LOGIC_1164
AR work/PIPE/STD \
      FL /home/hamada/pgr/Demos/PairWiseErr/pgr/ISE_PROJECT.0/proj/../pgpg_mem/pg_pipe.vhd \
      EN work/PIPE      CP PG_FIX_SUB_32_1 CP PG_CONV_FTOL_32_17_8_2 \
      CP PG_LOG_SHIFT_1 CP PG_LOG_UNSIGNED_ADD_ITP_17_8_6_4 CP PG_LOG_SHIFT_M1 \
      CP PG_LOG_MUL_17_1 CP PG_LOG_SDIV_17_1 CP PG_FLOAT_EXPADD_M31_17_8_1 \
      CP PG_CONV_LTOF_17_8_57_2 CP PG_FIX_ACCUM_57_64_1 CP PG_PDELAY_17_3 \
      CP PG_PDELAY_17_12 CP PG_PDELAY_17_10
FL /home/hamada/pgr/Demos/PairWiseErr/pgr/ISE_PROJECT.0/proj/../dmar_mem_re.vhd 2005/06/13.21:19:25
EN work/DMAR_MEM_RE \
      FL /home/hamada/pgr/Demos/PairWiseErr/pgr/ISE_PROJECT.0/proj/../dmar_mem_re.vhd \
      PB ieee/STD_LOGIC_1164 PB ieee/STD_LOGIC_UNSIGNED
AR work/DMAR_MEM_RE/RTL \
      FL /home/hamada/pgr/Demos/PairWiseErr/pgr/ISE_PROJECT.0/proj/../dmar_mem_re.vhd \
      EN work/DMAR_MEM_RE CP DMAW_MEM_WE
FL /home/hamada/pgr/Demos/PairWiseErr/pgr/ISE_PROJECT.0/proj/../user.vhd 2005/06/13.21:19:25
EN work/USER \
      FL /home/hamada/pgr/Demos/PairWiseErr/pgr/ISE_PROJECT.0/proj/../user.vhd \
      PB ieee/STD_LOGIC_1164 PB ieee/STD_LOGIC_UNSIGNED
AR work/USER/RTL \
      FL /home/hamada/pgr/Demos/PairWiseErr/pgr/ISE_PROJECT.0/proj/../user.vhd \
      EN work/USER      CP PGPG_MEM
FL /home/hamada/pgr/Demos/PairWiseErr/pgr/ISE_PROJECT.0/proj/../dmar.vhd 2005/06/13.21:19:25
EN work/DMAR \
      FL /home/hamada/pgr/Demos/PairWiseErr/pgr/ISE_PROJECT.0/proj/../dmar.vhd \
      PB ieee/STD_LOGIC_1164 PB ieee/STD_LOGIC_UNSIGNED
AR work/DMAR/RTL \
      FL /home/hamada/pgr/Demos/PairWiseErr/pgr/ISE_PROJECT.0/proj/../dmar.vhd \
      EN work/DMAR      CP DMAR_STATE     CP DMAR_START_ADR CP DMAR_MEM_ADR \
      CP DMAR_MEM_RE    CP DMAR_DBUS_HIZ
FL /home/hamada/pgr/Demos/PairWiseErr/pgr/ISE_PROJECT.0/proj/../clk_muldiv.vhd 2005/06/13.21:19:25
EN work/CLK_MULDIV \
      FL /home/hamada/pgr/Demos/PairWiseErr/pgr/ISE_PROJECT.0/proj/../clk_muldiv.vhd \
      PB ieee/STD_LOGIC_1164 PB ieee/STD_LOGIC_ARITH PB ieee/STD_LOGIC_UNSIGNED \
      PH unisim/VCOMPONENTS
AR work/CLK_MULDIV/RTL \
      FL /home/hamada/pgr/Demos/PairWiseErr/pgr/ISE_PROJECT.0/proj/../clk_muldiv.vhd \
      EN work/CLK_MULDIV CP DCM           CP IBUFG          CP BUFG
FL /home/hamada/pgr/Demos/PairWiseErr/pgr/ISE_PROJECT.0/proj/../pgpg_mem/pgpg_mem.vhd 2005/06/13.21:19:25
EN work/PGPG_MEM \
      FL /home/hamada/pgr/Demos/PairWiseErr/pgr/ISE_PROJECT.0/proj/../pgpg_mem/pgpg_mem.vhd \
      PB ieee/STD_LOGIC_1164 PB ieee/STD_LOGIC_ARITH PB ieee/STD_LOGIC_UNSIGNED \
      PH unisim/VCOMPONENTS
AR work/PGPG_MEM/RTL \
      FL /home/hamada/pgr/Demos/PairWiseErr/pgr/ISE_PROJECT.0/proj/../pgpg_mem/pgpg_mem.vhd \
      EN work/PGPG_MEM  CP ADR_DEC        CP PG_PIPE        CP CALC           CP PIPE_STS \
      CP SETN           CP JMEM
FL /home/hamada/pgr/Demos/PairWiseErr/pgr/ISE_PROJECT.0/proj/../dmaw.vhd 2005/06/13.21:19:25
EN work/DMAW \
      FL /home/hamada/pgr/Demos/PairWiseErr/pgr/ISE_PROJECT.0/proj/../dmaw.vhd \
      PB ieee/STD_LOGIC_1164 PB ieee/STD_LOGIC_UNSIGNED
AR work/DMAW/RTL \
      FL /home/hamada/pgr/Demos/PairWiseErr/pgr/ISE_PROJECT.0/proj/../dmaw.vhd \
      EN work/DMAW
FL /home/hamada/pgr/Demos/PairWiseErr/pgr/ISE_PROJECT.0/proj/../dmar_dbus_hiz.vhd 2005/06/13.21:19:25
EN work/DMAR_DBUS_HIZ \
      FL /home/hamada/pgr/Demos/PairWiseErr/pgr/ISE_PROJECT.0/proj/../dmar_dbus_hiz.vhd \
      PB ieee/STD_LOGIC_1164
AR work/DMAR_DBUS_HIZ/RTL \
      FL /home/hamada/pgr/Demos/PairWiseErr/pgr/ISE_PROJECT.0/proj/../dmar_dbus_hiz.vhd \
      EN work/DMAR_DBUS_HIZ
FL /home/hamada/pgr/Demos/PairWiseErr/pgr/ISE_PROJECT.0/proj/../dmaw_mem_we.vhd 2005/06/13.21:19:25
EN work/DMAW_MEM_WE \
      FL /home/hamada/pgr/Demos/PairWiseErr/pgr/ISE_PROJECT.0/proj/../dmaw_mem_we.vhd \
      PB ieee/STD_LOGIC_1164 PB ieee/STD_LOGIC_UNSIGNED
AR work/DMAW_MEM_WE/RTL \
      FL /home/hamada/pgr/Demos/PairWiseErr/pgr/ISE_PROJECT.0/proj/../dmaw_mem_we.vhd \
      EN work/DMAW_MEM_WE
FL /home/hamada/pgr/Demos/PairWiseErr/pgr/ISE_PROJECT.0/proj/../dmar_state.vhd 2005/06/13.21:19:25
EN work/DMAR_STATE \
      FL /home/hamada/pgr/Demos/PairWiseErr/pgr/ISE_PROJECT.0/proj/../dmar_state.vhd \
      PB ieee/STD_LOGIC_1164 PB ieee/STD_LOGIC_UNSIGNED
AR work/DMAR_STATE/RTL \
      FL /home/hamada/pgr/Demos/PairWiseErr/pgr/ISE_PROJECT.0/proj/../dmar_state.vhd \
      EN work/DMAR_STATE CP DMAW_STATE
FL /home/hamada/pgr/Demos/PairWiseErr/pgr/ISE_PROJECT.0/proj/../dmaw_start_adr.vhd 2005/06/13.21:19:25
EN work/DMAW_START_ADR \
      FL /home/hamada/pgr/Demos/PairWiseErr/pgr/ISE_PROJECT.0/proj/../dmaw_start_adr.vhd \
      PB ieee/STD_LOGIC_1164 PB ieee/STD_LOGIC_UNSIGNED
AR work/DMAW_START_ADR/RTL \
      FL /home/hamada/pgr/Demos/PairWiseErr/pgr/ISE_PROJECT.0/proj/../dmaw_start_adr.vhd \
      EN work/DMAW_START_ADR
FL /home/hamada/pgr/Demos/PairWiseErr/pgr/ISE_PROJECT.0/proj/../pgpg_mem/setn.vhd 2005/06/13.21:19:25
EN work/SETN \
      FL /home/hamada/pgr/Demos/PairWiseErr/pgr/ISE_PROJECT.0/proj/../pgpg_mem/setn.vhd \
      PB ieee/STD_LOGIC_1164 PB ieee/STD_LOGIC_ARITH PB ieee/STD_LOGIC_UNSIGNED
AR work/SETN/RTL \
      FL /home/hamada/pgr/Demos/PairWiseErr/pgr/ISE_PROJECT.0/proj/../pgpg_mem/setn.vhd \
      EN work/SETN
FL /home/hamada/pgr/Demos/PairWiseErr/pgr/ISE_PROJECT.0/proj/../pgpg_mem/pg_module.vhd 2005/06/13.22:21:23
EN work/PG_FIX_SUB_32_1 \
      FL /home/hamada/pgr/Demos/PairWiseErr/pgr/ISE_PROJECT.0/proj/../pgpg_mem/pg_module.vhd \
      PB ieee/STD_LOGIC_1164
AR work/PG_FIX_SUB_32_1/RTL \
      FL /home/hamada/pgr/Demos/PairWiseErr/pgr/ISE_PROJECT.0/proj/../pgpg_mem/pg_module.vhd \
      EN work/PG_FIX_SUB_32_1 CP PG_ADDER_RCA_SUB_32_1
EN work/PG_ADDER_RCA_SUB_32_1 \
      FL /home/hamada/pgr/Demos/PairWiseErr/pgr/ISE_PROJECT.0/proj/../pgpg_mem/pg_module.vhd \
      PB ieee/STD_LOGIC_1164 PB ieee/STD_LOGIC_ARITH PB ieee/STD_LOGIC_UNSIGNED
AR work/PG_ADDER_RCA_SUB_32_1/RTL \
      FL /home/hamada/pgr/Demos/PairWiseErr/pgr/ISE_PROJECT.0/proj/../pgpg_mem/pg_module.vhd \
      EN work/PG_ADDER_RCA_SUB_32_1
EN work/PG_CONV_FTOL_32_17_8_2 \
      FL /home/hamada/pgr/Demos/PairWiseErr/pgr/ISE_PROJECT.0/proj/../pgpg_mem/pg_module.vhd \
      PB ieee/STD_LOGIC_1164
AR work/PG_CONV_FTOL_32_17_8_2/RTL \
      FL /home/hamada/pgr/Demos/PairWiseErr/pgr/ISE_PROJECT.0/proj/../pgpg_mem/pg_module.vhd \
      EN work/PG_CONV_FTOL_32_17_8_2 CP UNREG_ADD_SUB CP PENC_31_5 \
      CP UNREG_SHIFT_FTOL_30_10 CP BRAM_ROM_8408_10_8_1
EN work/UNREG_ADD_SUB \
      FL /home/hamada/pgr/Demos/PairWiseErr/pgr/ISE_PROJECT.0/proj/../pgpg_mem/pg_module.vhd \
      PB ieee/STD_LOGIC_1164 PB ieee/STD_LOGIC_ARITH PB ieee/STD_LOGIC_UNSIGNED
AR work/UNREG_ADD_SUB/RTL \
      FL /home/hamada/pgr/Demos/PairWiseErr/pgr/ISE_PROJECT.0/proj/../pgpg_mem/pg_module.vhd \
      EN work/UNREG_ADD_SUB
EN work/PENC_31_5 \
      FL /home/hamada/pgr/Demos/PairWiseErr/pgr/ISE_PROJECT.0/proj/../pgpg_mem/pg_module.vhd \
      PB ieee/STD_LOGIC_1164
AR work/PENC_31_5/RTL \
      FL /home/hamada/pgr/Demos/PairWiseErr/pgr/ISE_PROJECT.0/proj/../pgpg_mem/pg_module.vhd \
      EN work/PENC_31_5
EN work/UNREG_SHIFT_FTOL_30_10 \
      FL /home/hamada/pgr/Demos/PairWiseErr/pgr/ISE_PROJECT.0/proj/../pgpg_mem/pg_module.vhd \
      PB ieee/STD_LOGIC_1164
AR work/UNREG_SHIFT_FTOL_30_10/RTL \
      FL /home/hamada/pgr/Demos/PairWiseErr/pgr/ISE_PROJECT.0/proj/../pgpg_mem/pg_module.vhd \
      EN work/UNREG_SHIFT_FTOL_30_10
EN work/BRAM_ROM_8408_10_8_1 \
      FL /home/hamada/pgr/Demos/PairWiseErr/pgr/ISE_PROJECT.0/proj/../pgpg_mem/pg_module.vhd \
      PB ieee/STD_LOGIC_1164 PB ieee/STD_LOGIC_ARITH PB ieee/STD_LOGIC_UNSIGNED
AR work/BRAM_ROM_8408_10_8_1/RTL \
      FL /home/hamada/pgr/Demos/PairWiseErr/pgr/ISE_PROJECT.0/proj/../pgpg_mem/pg_module.vhd \
      EN work/BRAM_ROM_8408_10_8_1
EN work/PG_LOG_SHIFT_1 \
      FL /home/hamada/pgr/Demos/PairWiseErr/pgr/ISE_PROJECT.0/proj/../pgpg_mem/pg_module.vhd \
      PB ieee/STD_LOGIC_1164
AR work/PG_LOG_SHIFT_1/RTL \
      FL /home/hamada/pgr/Demos/PairWiseErr/pgr/ISE_PROJECT.0/proj/../pgpg_mem/pg_module.vhd \
      EN work/PG_LOG_SHIFT_1
EN work/PG_LOG_UNSIGNED_ADD_ITP_17_8_6_4 \
      FL /home/hamada/pgr/Demos/PairWiseErr/pgr/ISE_PROJECT.0/proj/../pgpg_mem/pg_module.vhd \
      PB ieee/STD_LOGIC_1164
AR work/PG_LOG_UNSIGNED_ADD_ITP_17_8_6_4/RTL \
      FL /home/hamada/pgr/Demos/PairWiseErr/pgr/ISE_PROJECT.0/proj/../pgpg_mem/pg_module.vhd \
      EN work/PG_LOG_UNSIGNED_ADD_ITP_17_8_6_4 CP PG_ADDER_RCA_SUB_17_0 \
      CP PG_ADDER_RCA_SUB_16_0 CP LCELL_ROM_A106_6_10_1 CP LCELL_ROM_A906_6_9_1 \
      CP PG_LOG_UNSIGNED_ADD_UMULT_6_9_0 CP PG_ADDER_RCA_SUB_11_0 \
      CP PG_ADDER_RCA_ADD_16_0
EN work/LCELL_ROM_A106_6_10_1 \
      FL /home/hamada/pgr/Demos/PairWiseErr/pgr/ISE_PROJECT.0/proj/../pgpg_mem/pg_module.vhd \
      PB ieee/STD_LOGIC_1164
AR work/LCELL_ROM_A106_6_10_1/RTL \
      FL /home/hamada/pgr/Demos/PairWiseErr/pgr/ISE_PROJECT.0/proj/../pgpg_mem/pg_module.vhd \
      EN work/LCELL_ROM_A106_6_10_1 CP PG_LCELL
EN work/LCELL_ROM_A906_6_9_1 \
      FL /home/hamada/pgr/Demos/PairWiseErr/pgr/ISE_PROJECT.0/proj/../pgpg_mem/pg_module.vhd \
      PB ieee/STD_LOGIC_1164
AR work/LCELL_ROM_A906_6_9_1/RTL \
      FL /home/hamada/pgr/Demos/PairWiseErr/pgr/ISE_PROJECT.0/proj/../pgpg_mem/pg_module.vhd \
      EN work/LCELL_ROM_A906_6_9_1 CP PG_LCELL
EN work/PG_LOG_UNSIGNED_ADD_UMULT_6_9_0 \
      FL /home/hamada/pgr/Demos/PairWiseErr/pgr/ISE_PROJECT.0/proj/../pgpg_mem/pg_module.vhd \
      PB ieee/STD_LOGIC_1164 PB ieee/STD_LOGIC_ARITH PB ieee/STD_LOGIC_UNSIGNED
AR work/PG_LOG_UNSIGNED_ADD_UMULT_6_9_0/RTL \
      FL /home/hamada/pgr/Demos/PairWiseErr/pgr/ISE_PROJECT.0/proj/../pgpg_mem/pg_module.vhd \
      EN work/PG_LOG_UNSIGNED_ADD_UMULT_6_9_0
EN work/PG_ADDER_RCA_SUB_17_0 \
      FL /home/hamada/pgr/Demos/PairWiseErr/pgr/ISE_PROJECT.0/proj/../pgpg_mem/pg_module.vhd \
      PB ieee/STD_LOGIC_1164 PB ieee/STD_LOGIC_ARITH PB ieee/STD_LOGIC_UNSIGNED
AR work/PG_ADDER_RCA_SUB_17_0/RTL \
      FL /home/hamada/pgr/Demos/PairWiseErr/pgr/ISE_PROJECT.0/proj/../pgpg_mem/pg_module.vhd \
      EN work/PG_ADDER_RCA_SUB_17_0
EN work/PG_ADDER_RCA_SUB_16_0 \
      FL /home/hamada/pgr/Demos/PairWiseErr/pgr/ISE_PROJECT.0/proj/../pgpg_mem/pg_module.vhd \
      PB ieee/STD_LOGIC_1164 PB ieee/STD_LOGIC_ARITH PB ieee/STD_LOGIC_UNSIGNED
AR work/PG_ADDER_RCA_SUB_16_0/RTL \
      FL /home/hamada/pgr/Demos/PairWiseErr/pgr/ISE_PROJECT.0/proj/../pgpg_mem/pg_module.vhd \
      EN work/PG_ADDER_RCA_SUB_16_0
EN work/PG_ADDER_RCA_SUB_11_0 \
      FL /home/hamada/pgr/Demos/PairWiseErr/pgr/ISE_PROJECT.0/proj/../pgpg_mem/pg_module.vhd \
      PB ieee/STD_LOGIC_1164 PB ieee/STD_LOGIC_ARITH PB ieee/STD_LOGIC_UNSIGNED
AR work/PG_ADDER_RCA_SUB_11_0/RTL \
      FL /home/hamada/pgr/Demos/PairWiseErr/pgr/ISE_PROJECT.0/proj/../pgpg_mem/pg_module.vhd \
      EN work/PG_ADDER_RCA_SUB_11_0
EN work/PG_ADDER_RCA_ADD_16_0 \
      FL /home/hamada/pgr/Demos/PairWiseErr/pgr/ISE_PROJECT.0/proj/../pgpg_mem/pg_module.vhd \
      PB ieee/STD_LOGIC_1164 PB ieee/STD_LOGIC_ARITH PB ieee/STD_LOGIC_UNSIGNED
AR work/PG_ADDER_RCA_ADD_16_0/RTL \
      FL /home/hamada/pgr/Demos/PairWiseErr/pgr/ISE_PROJECT.0/proj/../pgpg_mem/pg_module.vhd \
      EN work/PG_ADDER_RCA_ADD_16_0
EN work/PG_LOG_SHIFT_M1 \
      FL /home/hamada/pgr/Demos/PairWiseErr/pgr/ISE_PROJECT.0/proj/../pgpg_mem/pg_module.vhd \
      PB ieee/STD_LOGIC_1164
AR work/PG_LOG_SHIFT_M1/RTL \
      FL /home/hamada/pgr/Demos/PairWiseErr/pgr/ISE_PROJECT.0/proj/../pgpg_mem/pg_module.vhd \
      EN work/PG_LOG_SHIFT_M1
EN work/PG_LOG_MUL_17_1 \
      FL /home/hamada/pgr/Demos/PairWiseErr/pgr/ISE_PROJECT.0/proj/../pgpg_mem/pg_module.vhd \
      PB ieee/STD_LOGIC_1164
AR work/PG_LOG_MUL_17_1/RTL \
      FL /home/hamada/pgr/Demos/PairWiseErr/pgr/ISE_PROJECT.0/proj/../pgpg_mem/pg_module.vhd \
      EN work/PG_LOG_MUL_17_1 CP PG_ADDER_RCA_ADD_15_1
EN work/PG_ADDER_RCA_ADD_15_1 \
      FL /home/hamada/pgr/Demos/PairWiseErr/pgr/ISE_PROJECT.0/proj/../pgpg_mem/pg_module.vhd \
      PB ieee/STD_LOGIC_1164 PB ieee/STD_LOGIC_ARITH PB ieee/STD_LOGIC_UNSIGNED
AR work/PG_ADDER_RCA_ADD_15_1/RTL \
      FL /home/hamada/pgr/Demos/PairWiseErr/pgr/ISE_PROJECT.0/proj/../pgpg_mem/pg_module.vhd \
      EN work/PG_ADDER_RCA_ADD_15_1
EN work/PG_LOG_SDIV_17_1 \
      FL /home/hamada/pgr/Demos/PairWiseErr/pgr/ISE_PROJECT.0/proj/../pgpg_mem/pg_module.vhd \
      PB ieee/STD_LOGIC_1164
AR work/PG_LOG_SDIV_17_1/RTL \
      FL /home/hamada/pgr/Demos/PairWiseErr/pgr/ISE_PROJECT.0/proj/../pgpg_mem/pg_module.vhd \
      EN work/PG_LOG_SDIV_17_1 CP PG_ADDER_RCA_SUB_16_1
EN work/PG_ADDER_RCA_SUB_16_1 \
      FL /home/hamada/pgr/Demos/PairWiseErr/pgr/ISE_PROJECT.0/proj/../pgpg_mem/pg_module.vhd \
      PB ieee/STD_LOGIC_1164 PB ieee/STD_LOGIC_ARITH PB ieee/STD_LOGIC_UNSIGNED
AR work/PG_ADDER_RCA_SUB_16_1/RTL \
      FL /home/hamada/pgr/Demos/PairWiseErr/pgr/ISE_PROJECT.0/proj/../pgpg_mem/pg_module.vhd \
      EN work/PG_ADDER_RCA_SUB_16_1
EN work/PG_FLOAT_EXPADD_M31_17_8_1 \
      FL /home/hamada/pgr/Demos/PairWiseErr/pgr/ISE_PROJECT.0/proj/../pgpg_mem/pg_module.vhd \
      PB ieee/STD_LOGIC_1164 PB ieee/STD_LOGIC_UNSIGNED
AR work/PG_FLOAT_EXPADD_M31_17_8_1/RTL \
      FL /home/hamada/pgr/Demos/PairWiseErr/pgr/ISE_PROJECT.0/proj/../pgpg_mem/pg_module.vhd \
      EN work/PG_FLOAT_EXPADD_M31_17_8_1
EN work/PG_CONV_LTOF_17_8_57_2 \
      FL /home/hamada/pgr/Demos/PairWiseErr/pgr/ISE_PROJECT.0/proj/../pgpg_mem/pg_module.vhd \
      PB ieee/STD_LOGIC_1164
AR work/PG_CONV_LTOF_17_8_57_2/RTL \
      FL /home/hamada/pgr/Demos/PairWiseErr/pgr/ISE_PROJECT.0/proj/../pgpg_mem/pg_module.vhd \
      EN work/PG_CONV_LTOF_17_8_57_2 CP BRAM_ROM_8F28_8_8_1 \
      CP UNREG_SHIFT_LTOF_9_7_56
EN work/UNREG_SHIFT_LTOF_9_7_56 \
      FL /home/hamada/pgr/Demos/PairWiseErr/pgr/ISE_PROJECT.0/proj/../pgpg_mem/pg_module.vhd \
      PB ieee/STD_LOGIC_1164
AR work/UNREG_SHIFT_LTOF_9_7_56/RTL \
      FL /home/hamada/pgr/Demos/PairWiseErr/pgr/ISE_PROJECT.0/proj/../pgpg_mem/pg_module.vhd \
      EN work/UNREG_SHIFT_LTOF_9_7_56
EN work/BRAM_ROM_8F28_8_8_1 \
      FL /home/hamada/pgr/Demos/PairWiseErr/pgr/ISE_PROJECT.0/proj/../pgpg_mem/pg_module.vhd \
      PB ieee/STD_LOGIC_1164 PB ieee/STD_LOGIC_ARITH PB ieee/STD_LOGIC_UNSIGNED
AR work/BRAM_ROM_8F28_8_8_1/RTL \
      FL /home/hamada/pgr/Demos/PairWiseErr/pgr/ISE_PROJECT.0/proj/../pgpg_mem/pg_module.vhd \
      EN work/BRAM_ROM_8F28_8_8_1
EN work/PG_FIX_ACCUM_57_64_1 \
      FL /home/hamada/pgr/Demos/PairWiseErr/pgr/ISE_PROJECT.0/proj/../pgpg_mem/pg_module.vhd \
      PB ieee/STD_LOGIC_1164 PB ieee/STD_LOGIC_UNSIGNED
AR work/PG_FIX_ACCUM_57_64_1/RTL \
      FL /home/hamada/pgr/Demos/PairWiseErr/pgr/ISE_PROJECT.0/proj/../pgpg_mem/pg_module.vhd \
      EN work/PG_FIX_ACCUM_57_64_1 CP FIX_ACCUM_REG_LAST_1
EN work/FIX_ACCUM_REG_LAST_1 \
      FL /home/hamada/pgr/Demos/PairWiseErr/pgr/ISE_PROJECT.0/proj/../pgpg_mem/pg_module.vhd \
      PB ieee/STD_LOGIC_1164 PB ieee/STD_LOGIC_ARITH PB ieee/STD_LOGIC_UNSIGNED
AR work/FIX_ACCUM_REG_LAST_1/RTL \
      FL /home/hamada/pgr/Demos/PairWiseErr/pgr/ISE_PROJECT.0/proj/../pgpg_mem/pg_module.vhd \
      EN work/FIX_ACCUM_REG_LAST_1
EN work/PG_PDELAY_17_3 \
      FL /home/hamada/pgr/Demos/PairWiseErr/pgr/ISE_PROJECT.0/proj/../pgpg_mem/pg_module.vhd \
      PB ieee/STD_LOGIC_1164
AR work/PG_PDELAY_17_3/RTL \
      FL /home/hamada/pgr/Demos/PairWiseErr/pgr/ISE_PROJECT.0/proj/../pgpg_mem/pg_module.vhd \
      EN work/PG_PDELAY_17_3
EN work/PG_PDELAY_17_12 \
      FL /home/hamada/pgr/Demos/PairWiseErr/pgr/ISE_PROJECT.0/proj/../pgpg_mem/pg_module.vhd \
      PB ieee/STD_LOGIC_1164
AR work/PG_PDELAY_17_12/RTL \
      FL /home/hamada/pgr/Demos/PairWiseErr/pgr/ISE_PROJECT.0/proj/../pgpg_mem/pg_module.vhd \
      EN work/PG_PDELAY_17_12
EN work/PG_PDELAY_17_10 \
      FL /home/hamada/pgr/Demos/PairWiseErr/pgr/ISE_PROJECT.0/proj/../pgpg_mem/pg_module.vhd \
      PB ieee/STD_LOGIC_1164
AR work/PG_PDELAY_17_10/RTL \
      FL /home/hamada/pgr/Demos/PairWiseErr/pgr/ISE_PROJECT.0/proj/../pgpg_mem/pg_module.vhd \
      EN work/PG_PDELAY_17_10
EN work/PG_LCELL \
      FL /home/hamada/pgr/Demos/PairWiseErr/pgr/ISE_PROJECT.0/proj/../pgpg_mem/pg_module.vhd \
      PB ieee/STD_LOGIC_1164 PH ieee/NUMERIC_STD PH unisim/VCOMPONENTS
AR work/PG_LCELL/SCHEMATIC \
      FL /home/hamada/pgr/Demos/PairWiseErr/pgr/ISE_PROJECT.0/proj/../pgpg_mem/pg_module.vhd \
      EN work/PG_LCELL  CP LUT4
FL /home/hamada/pgr/Demos/PairWiseErr/pgr/ISE_PROJECT.0/proj/../pgpg_mem/pipe_sts.vhd 2005/06/13.21:19:25
EN work/PIPE_STS \
      FL /home/hamada/pgr/Demos/PairWiseErr/pgr/ISE_PROJECT.0/proj/../pgpg_mem/pipe_sts.vhd \
      PB ieee/STD_LOGIC_1164 PB ieee/STD_LOGIC_ARITH PB ieee/STD_LOGIC_UNSIGNED
AR work/PIPE_STS/RTL \
      FL /home/hamada/pgr/Demos/PairWiseErr/pgr/ISE_PROJECT.0/proj/../pgpg_mem/pipe_sts.vhd \
      EN work/PIPE_STS
FL /home/hamada/pgr/Demos/PairWiseErr/pgr/ISE_PROJECT.0/proj/../top.vhd 2005/06/13.21:19:25
EN work/TOP \
      FL /home/hamada/pgr/Demos/PairWiseErr/pgr/ISE_PROJECT.0/proj/../top.vhd \
      PB ieee/STD_LOGIC_1164 PB ieee/STD_LOGIC_UNSIGNED
AR work/TOP/RTL \
      FL /home/hamada/pgr/Demos/PairWiseErr/pgr/ISE_PROJECT.0/proj/../top.vhd \
      EN work/TOP       CP CLK_MULDIV     CP DMAW           CP DMAR           CP USER
FL /home/hamada/pgr/Demos/PairWiseErr/pgr/ISE_PROJECT.0/proj/../pgpg_mem/adr_dec.vhd 2005/06/13.21:19:25
EN work/ADR_DEC \
      FL /home/hamada/pgr/Demos/PairWiseErr/pgr/ISE_PROJECT.0/proj/../pgpg_mem/adr_dec.vhd \
      PB ieee/STD_LOGIC_1164 PB ieee/STD_LOGIC_ARITH PB ieee/STD_LOGIC_UNSIGNED
AR work/ADR_DEC/RTL \
      FL /home/hamada/pgr/Demos/PairWiseErr/pgr/ISE_PROJECT.0/proj/../pgpg_mem/adr_dec.vhd \
      EN work/ADR_DEC
FL /home/hamada/pgr/Demos/PairWiseErr/pgr/ISE_PROJECT.0/proj/../dmar_mem_adr.vhd 2005/06/13.21:19:25
EN work/DMAR_MEM_ADR \
      FL /home/hamada/pgr/Demos/PairWiseErr/pgr/ISE_PROJECT.0/proj/../dmar_mem_adr.vhd \
      PB ieee/STD_LOGIC_1164
AR work/DMAR_MEM_ADR/RTL \
      FL /home/hamada/pgr/Demos/PairWiseErr/pgr/ISE_PROJECT.0/proj/../dmar_mem_adr.vhd \
      EN work/DMAR_MEM_ADR CP DMAW_MEM_ADR
FL /home/hamada/pgr/Demos/PairWiseErr/pgr/ISE_PROJECT.0/proj/../pgpg_mem/calc.vhd 2005/06/13.21:19:25
EN work/CALC \
      FL /home/hamada/pgr/Demos/PairWiseErr/pgr/ISE_PROJECT.0/proj/../pgpg_mem/calc.vhd \
      PB ieee/STD_LOGIC_1164 PB ieee/STD_LOGIC_ARITH PB ieee/STD_LOGIC_UNSIGNED
AR work/CALC/RTL \
      FL /home/hamada/pgr/Demos/PairWiseErr/pgr/ISE_PROJECT.0/proj/../pgpg_mem/calc.vhd \
      EN work/CALC
FL /home/hamada/pgr/Demos/PairWiseErr/pgr/ISE_PROJECT.0/proj/../pgpg_mem/dpram.vhd 2005/06/13.21:19:25
EN work/DPRAM \
      FL /home/hamada/pgr/Demos/PairWiseErr/pgr/ISE_PROJECT.0/proj/../pgpg_mem/dpram.vhd \
      PB ieee/STD_LOGIC_1164 PH unisim/VCOMPONENTS
AR work/DPRAM/RTL \
      FL /home/hamada/pgr/Demos/PairWiseErr/pgr/ISE_PROJECT.0/proj/../pgpg_mem/dpram.vhd \
      EN work/DPRAM     CP RAMB16_S1_S1
FL /home/hamada/pgr/Demos/PairWiseErr/pgr/ISE_PROJECT.0/proj/../dmaw_state.vhd 2005/06/13.21:19:25
EN work/DMAW_STATE \
      FL /home/hamada/pgr/Demos/PairWiseErr/pgr/ISE_PROJECT.0/proj/../dmaw_state.vhd \
      PB ieee/STD_LOGIC_1164 PB ieee/STD_LOGIC_UNSIGNED
AR work/DMAW_STATE/RTL \
      FL /home/hamada/pgr/Demos/PairWiseErr/pgr/ISE_PROJECT.0/proj/../dmaw_state.vhd \
      EN work/DMAW_STATE
FL /home/hamada/pgr/Demos/PairWiseErr/pgr/ISE_PROJECT.0/proj/../dmaw_mem_adr.vhd 2005/06/13.21:19:25
EN work/DMAW_MEM_ADR \
      FL /home/hamada/pgr/Demos/PairWiseErr/pgr/ISE_PROJECT.0/proj/../dmaw_mem_adr.vhd \
      PB ieee/STD_LOGIC_1164 PB ieee/STD_LOGIC_UNSIGNED
AR work/DMAW_MEM_ADR/RTL \
      FL /home/hamada/pgr/Demos/PairWiseErr/pgr/ISE_PROJECT.0/proj/../dmaw_mem_adr.vhd \
      EN work/DMAW_MEM_ADR
FL /home/hamada/pgr/Demos/PairWiseErr/pgr/ISE_PROJECT.0/proj/../pgpg_mem/jmem.vhd 2005/06/13.21:19:25
EN work/JMEM \
      FL /home/hamada/pgr/Demos/PairWiseErr/pgr/ISE_PROJECT.0/proj/../pgpg_mem/jmem.vhd \
      PB ieee/STD_LOGIC_1164 PB ieee/STD_LOGIC_ARITH PB ieee/STD_LOGIC_UNSIGNED
AR work/JMEM/RTL \
      FL /home/hamada/pgr/Demos/PairWiseErr/pgr/ISE_PROJECT.0/proj/../pgpg_mem/jmem.vhd \
      EN work/JMEM      CP DPRAM
FL /home/hamada/pgr/Demos/PairWiseErr/pgr/ISE_PROJECT.0/proj/../dmar_start_adr.vhd 2005/06/13.21:19:25
EN work/DMAR_START_ADR \
      FL /home/hamada/pgr/Demos/PairWiseErr/pgr/ISE_PROJECT.0/proj/../dmar_start_adr.vhd \
      PB ieee/STD_LOGIC_1164
AR work/DMAR_START_ADR/RTL \
      FL /home/hamada/pgr/Demos/PairWiseErr/pgr/ISE_PROJECT.0/proj/../dmar_start_adr.vhd \
      EN work/DMAR_START_ADR CP DMAW_START_ADR
